******************************************************************************
                  TI ARM Linker Unix v20.2.5                   
******************************************************************************
>> Linked Mon Nov 22 22:02:48 2021

OUTPUT FILE NAME:   <L4_P3_Keypad_Rotary_Encoder_Interface.out>
ENTRY POINT SYMBOL: "_c_int00_noargs"  address: 00003239


MEMORY CONFIGURATION

         name            origin    length      used     unused   attr    fill
----------------------  --------  ---------  --------  --------  ----  --------
  MAIN                  00000000   00040000  0000363d  0003c9c3  R  X
  INFO                  00200000   00004000  00000000  00004000  R  X
  SRAM_CODE             01000000   00010000  000009db  0000f625  RW X
  SRAM_DATA             20000000   00010000  000009db  0000f625  RW  


SEGMENT ALLOCATION MAP

run origin  load origin   length   init length attrs members
----------  ----------- ---------- ----------- ----- -------
00000000    00000000    00003640   00003640    r-x
  00000000    00000000    000000e4   000000e4    r-- .intvecs
  000000e4    000000e4    000033c0   000033c0    r-x .text
  000034a4    000034a4    00000101   00000101    r-- .const
  000035a8    000035a8    00000098   00000098    r-- .cinit
20000000    20000000    000007db   00000000    rw-
  20000000    20000000    00000400   00000000    rw- .sysmem
  20000400    20000400    00000200   00000000    rw- .data
  20000600    20000600    000001db   00000000    rw- .bss
2000fe00    2000fe00    00000200   00000000    rw-
  2000fe00    2000fe00    00000200   00000000    rw- .stack


SECTION ALLOCATION MAP

 output                                  attributes/
section   page    origin      length       input sections
--------  ----  ----------  ----------   ----------------
.intvecs   0    00000000    000000e4     
                  00000000    000000e4     startup_msp432p401r_ccs.obj (.intvecs:retain)

.text      0    000000e4    000033c0     
                  000000e4    00000a4e     rtsv7M4_T_le_v4SPD16_eabi.lib : _printfi.c.obj (.text:__TI_printfi)
                  00000b32    00000002                                   : _lock.c.obj (.text:_nop)
                  00000b34    00000334     system_msp432p401r.obj (.text)
                  00000e68    00000328     main.obj (.text)
                  00001190    00000270     rtsv7M4_T_le_v4SPD16_eabi.lib : _printfi.c.obj (.text:_pconv_a)
                  00001400    00000254     keypad.obj (.text)
                  00001654    000001d0     rtsv7M4_T_le_v4SPD16_eabi.lib : _printfi.c.obj (.text:_pconv_g)
                  00001824    000001b6                                   : fd_add_t2.asm.obj (.text)
                  000019da    00000002                                   : div0.asm.obj (.text)
                  000019dc    0000013c                                   : _printfi.c.obj (.text:_pconv_e)
                  00001b18    00000136                                   : fd_div_t2.asm.obj (.text)
                  00001c4e    00000002     --HOLE-- [fill = 0]
                  00001c50    00000124                                   : _printfi.c.obj (.text:fcvt)
                  00001d74    00000114                                   : fputs.c.obj (.text:fputs)
                  00001e88    00000110                                   : s_scalbn.c.obj (.text:scalbn)
                  00001f98    00000100                                   : memory.c.obj (.text:aligned_alloc)
                  00002098    000000fc                                   : fd_mul_t2.asm.obj (.text)
                  00002194    000000e4                                   : memory.c.obj (.text:free)
                  00002278    000000dc                                   : setvbuf.c.obj (.text:setvbuf)
                  00002354    000000b1                                   : _printfi.c.obj (.text:_ltostr)
                  00002405    00000001     --HOLE-- [fill = 0]
                  00002406    0000009c                                   : memcpy_t2.asm.obj (.text)
                  000024a2    00000096                                   : ull_div_t2.asm.obj (.text)
                  00002538    00000094     systick.obj (.text)
                  000025cc    0000008c     rtsv7M4_T_le_v4SPD16_eabi.lib : fputc.c.obj (.text:fputc)
                  00002658    00000086                                   : fd_cmp_t2.asm.obj (.text:__aeabi_cdcmple)
                  000026de    00000086                                   : fd_cmp_t2.asm.obj (.text:__aeabi_cdrcmple)
                  00002764    0000007c                                   : fflush.c.obj (.text:fflush)
                  000027e0    0000007a                                   : memset_t2.asm.obj (.text)
                  0000285a    00000002     --HOLE-- [fill = 0]
                  0000285c    00000074                                   : fclose.c.obj (.text:__TI_closefile)
                  000028d0    00000070                                   : memory.c.obj (.text:split)
                  00002940    0000006e                                   : _printfi.c.obj (.text:_mcpy)
                  000029ae    00000002     --HOLE-- [fill = 0]
                  000029b0    0000006c                                   : hostrename.c.obj (.text:HOSTrename)
                  00002a1c    00000068                                   : hostlseek.c.obj (.text:HOSTlseek)
                  00002a84    00000068                                   : copy_decompress_lzss.c.obj (.text:decompress:lzss:__TI_decompress_lzss)
                  00002aec    00000068                                   : printf.c.obj (.text:printf)
                  00002b54    00000064                                   : s_frexp.c.obj (.text:frexp)
                  00002bb8    00000064                                   : fseek.c.obj (.text:fseek)
                  00002c1c    00000062                                   : _io_perm.c.obj (.text:__TI_wrt_ok)
                  00002c7e    00000002     --HOLE-- [fill = 0]
                  00002c80    00000060                                   : hostopen.c.obj (.text:HOSTopen)
                  00002ce0    0000005c                                   : close.c.obj (.text:close)
                  00002d3c    00000058                                   : hostread.c.obj (.text:HOSTread)
                  00002d94    00000058                                   : hostwrite.c.obj (.text:HOSTwrite)
                  00002dec    00000056                                   : _printfi.c.obj (.text:_pconv_f)
                  00002e42    00000054                                   : _ltoa.c.obj (.text:__TI_ltoa)
                  00002e96    00000052                                   : _printfi.c.obj (.text:_ecpy)
                  00002ee8    0000004c                                   : fflush.c.obj (.text:__TI_doflush)
                  00002f34    0000004c                                   : atoi.c.obj (.text:atoi)
                  00002f80    00000048                                   : exit.c.obj (.text:exit)
                  00002fc8    00000048                                   : fd_toi_t2.asm.obj (.text)
                  00003010    00000044                                   : hostclose.c.obj (.text:HOSTclose)
                  00003054    00000044                                   : hostunlink.c.obj (.text:HOSTunlink)
                  00003098    00000044                                   : autoinit.c.obj (.text:__TI_auto_init_nobinit_nopinit:__TI_auto_init_nobinit_nopinit)
                  000030dc    00000044                                   : getdevice.c.obj (.text:getdevice)
                  00003120    0000003e                                   : _printfi.c.obj (.text:_fcpy)
                  0000315e    00000002     --HOLE-- [fill = 0]
                  00003160    00000038                                   : trgmsg.c.obj (.text:__TI_writemsg)
                  00003198    00000036                                   : strncpy.c.obj (.text:strncpy)
                  000031ce    00000002     --HOLE-- [fill = 0]
                  000031d0    00000034                                   : fopen.c.obj (.text:__TI_cleanup)
                  00003204    00000034                                   : trgmsg.c.obj (.text:__TI_readmsg)
                  00003238    00000034                                   : boot_cortex_m.c.obj (.text:_c_int00_noargs:_c_int00_noargs)
                  0000326c    00000030                                   : getdevice.c.obj (.text:finddevice)
                  0000329c    0000002e                                   : i_tofd_t2.asm.obj (.text)
                  000032ca    00000002     --HOLE-- [fill = 0]
                  000032cc    0000002c                                   : unlink.c.obj (.text:unlink)
                  000032f8    00000028                                   : memory.c.obj (.text:free_list_insert)
                  00003320    00000028                                   : lseek.c.obj (.text:lseek)
                  00003348    00000028                                   : write.c.obj (.text:write)
                  00003370    00000020                                   : memchr.c.obj (.text:memchr)
                  00003390    0000001c                                   : copy_zero_init.c.obj (.text:decompress:ZI:__TI_zero_init_nomemset:__TI_zero_init_nomemset)
                  000033ac    0000001c                                   : memory.c.obj (.text:free_list_remove)
                  000033c8    0000001c                                   : memccpy.c.obj (.text:memccpy)
                  000033e4    0000001a                                   : s_copysign.c.obj (.text:copysign)
                  000033fe    00000018                                   : strcmp.c.obj (.text:strcmp)
                  00003416    00000016                                   : strchr.c.obj (.text:strchr)
                  0000342c    00000014                                   : strcpy.c.obj (.text:strcpy)
                  00003440    00000014                                   : strlen.c.obj (.text:strlen)
                  00003454    00000012                                   : wcslen.c.obj (.text:wcslen)
                  00003466    0000000e                                   : copy_decompress_none.c.obj (.text:decompress:none:__TI_decompress_none)
                  00003474    0000000e     startup_msp432p401r_ccs.obj (.text)
                  00003482    00000002     --HOLE-- [fill = 0]
                  00003484    00000008     rtsv7M4_T_le_v4SPD16_eabi.lib : errno.c.obj (.text:__aeabi_errno_addr)
                  0000348c    00000008                                   : memory.c.obj (.text:malloc)
                  00003494    00000004                                   : printf.c.obj (.text:_outc)
                  00003498    00000004                                   : printf.c.obj (.text:_outs)
                  0000349c    00000004                                   : pre_init.c.obj (.text:_system_pre_init)
                  000034a0    00000004                                   : exit.c.obj (.text:abort:abort)

.const     0    000034a4    00000101     
                  000034a4    00000101     rtsv7M4_T_le_v4SPD16_eabi.lib : ctype.c.obj (.const:.string:_ctypes_)

.cinit     0    000035a8    00000098     
                  000035a8    00000073     (.cinit..data.load) [load image, compression = lzss]
                  0000361b    00000001     --HOLE-- [fill = 0]
                  0000361c    0000000c     (__TI_handler_table)
                  00003628    00000008     (.cinit..bss.load) [load image, compression = zero_init]
                  00003630    00000010     (__TI_cinit_table)

.init_array 
*          0    00000000    00000000     UNINITIALIZED

.binit     0    00000000    00000000     

.sysmem    0    20000000    00000400     UNINITIALIZED
                  20000000    00000010     rtsv7M4_T_le_v4SPD16_eabi.lib : memory.c.obj (.sysmem)
                  20000010    000003f0     --HOLE--

.data      0    20000400    00000200     UNINITIALIZED
                  20000400    000000f0     rtsv7M4_T_le_v4SPD16_eabi.lib : defs.c.obj (.data:_ftable)
                  200004f0    00000078                                   : host_device.c.obj (.data:_device)
                  20000568    00000050                                   : host_device.c.obj (.data:_stream)
                  200005b8    00000010     keypad.obj (.data)
                  200005c8    00000010     rtsv7M4_T_le_v4SPD16_eabi.lib : defs.c.obj (.data)
                  200005d8    0000000c                                   : exit.c.obj (.data:$O1$$)
                  200005e4    00000008                                   : _lock.c.obj (.data:$O1$$)
                  200005ec    00000008                                   : memory.c.obj (.data:$O1$$)
                  200005f4    00000004     main.obj (.data)
                  200005f8    00000004     rtsv7M4_T_le_v4SPD16_eabi.lib : errno.c.obj (.data)
                  200005fc    00000004     system_msp432p401r.obj (.data)

.bss       0    20000600    000001db     UNINITIALIZED
                  20000600    00000120     rtsv7M4_T_le_v4SPD16_eabi.lib : trgmsg.c.obj (.bss:_CIOBUF_)
                  20000720    000000a0     (.common:__TI_tmpnams)
                  200007c0    00000008     (.common:parmbuf)
                  200007c8    00000004     (.common:CCW)
                  200007cc    00000004     (.common:CW)
                  200007d0    00000004     (.common:DTState)
                  200007d4    00000004     (.common:clkState)
                  200007d8    00000001     (.common:CCWflag)
                  200007d9    00000001     (.common:CWflag)
                  200007da    00000001     (.common:val)

.stack     0    2000fe00    00000200     UNINITIALIZED
                  2000fe00    00000004     rtsv7M4_T_le_v4SPD16_eabi.lib : boot_cortex_m.c.obj (.stack)
                  2000fe04    000001fc     --HOLE--

__llvm_prf_cnts 
*          0    20000000    00000000     UNINITIALIZED

MODULE SUMMARY

       Module                        code    ro data   rw data
       ------                        ----    -------   -------
    ./
       main.obj                      808     0         46     
       system_msp432p401r.obj        820     0         8      
       keypad.obj                    596     0         32     
       startup_msp432p401r_ccs.obj   14      228       0      
       systick.obj                   148     0         0      
    +--+-----------------------------+-------+---------+---------+
       Total:                        2386    228       86     
                                                              
    /Applications/ti/ccs1040/ccs/tools/compiler/ti-cgt-arm_20.2.5.LTS/lib/rtsv7M4_T_le_v4SPD16_eabi.lib
       _printfi.c.obj                4851    0         0      
       defs.c.obj                    0       0         832    
       memory.c.obj                  672     0         16     
       trgmsg.c.obj                  108     0         576    
       fd_add_t2.asm.obj             438     0         0      
       host_device.c.obj             0       0         400    
       fd_div_t2.asm.obj             310     0         0      
       fputs.c.obj                   276     0         0      
       s_scalbn.c.obj                272     0         0      
       fd_cmp_t2.asm.obj             268     0         0      
       ctype.c.obj                   0       257       0      
       fd_mul_t2.asm.obj             252     0         0      
       setvbuf.c.obj                 220     0         0      
       fflush.c.obj                  200     0         0      
       memcpy_t2.asm.obj             156     0         0      
       ull_div_t2.asm.obj            150     0         0      
       fputc.c.obj                   140     0         0      
       memset_t2.asm.obj             122     0         0      
       fclose.c.obj                  116     0         0      
       getdevice.c.obj               116     0         0      
       hostopen.c.obj                96      0         16     
       printf.c.obj                  112     0         0      
       hostrename.c.obj              108     0         0      
       copy_decompress_lzss.c.obj    104     0         0      
       hostlseek.c.obj               104     0         0      
       exit.c.obj                    76      0         24     
       fseek.c.obj                   100     0         0      
       s_frexp.c.obj                 100     0         0      
       _io_perm.c.obj                98      0         0      
       close.c.obj                   92      0         0      
       hostread.c.obj                88      0         0      
       hostwrite.c.obj               88      0         0      
       _ltoa.c.obj                   84      0         0      
       atoi.c.obj                    76      0         0      
       fd_toi_t2.asm.obj             72      0         0      
       autoinit.c.obj                68      0         0      
       hostclose.c.obj               68      0         0      
       hostunlink.c.obj              68      0         0      
       strncpy.c.obj                 54      0         0      
       boot_cortex_m.c.obj           52      0         0      
       fopen.c.obj                   52      0         0      
       i_tofd_t2.asm.obj             46      0         0      
       unlink.c.obj                  44      0         0      
       lseek.c.obj                   40      0         0      
       write.c.obj                   40      0         0      
       memchr.c.obj                  32      0         0      
       copy_zero_init.c.obj          28      0         0      
       memccpy.c.obj                 28      0         0      
       s_copysign.c.obj              26      0         0      
       strcmp.c.obj                  24      0         0      
       strchr.c.obj                  22      0         0      
       strcpy.c.obj                  20      0         0      
       strlen.c.obj                  20      0         0      
       _lock.c.obj                   2       0         16     
       wcslen.c.obj                  18      0         0      
       errno.c.obj                   8       0         8      
       copy_decompress_none.c.obj    14      0         0      
       pre_init.c.obj                4       0         0      
       div0.asm.obj                  2       0         0      
    +--+-----------------------------+-------+---------+---------+
       Total:                        10845   257       1888   
                                                              
       Heap:                         0       0         2048   
       Stack:                        0       0         1024   
       Linker Generated:             0       151       0      
    +--+-----------------------------+-------+---------+---------+
       Grand Total:                  13231   636       5046   


LINKER GENERATED COPY TABLES

__TI_cinit_table @ 00003630 records: 2, size/record: 8, table size: 16
	.data: load addr=000035a8, load size=00000073 bytes, run addr=20000400, run size=00000200 bytes, compression=lzss
	.bss: load addr=00003628, load size=00000008 bytes, run addr=20000600, run size=000001db bytes, compression=zero_init


LINKER GENERATED HANDLER TABLE

__TI_handler_table @ 0000361c records: 3, size/record: 4, table size: 12
	index: 0, handler: __TI_decompress_lzss
	index: 1, handler: __TI_decompress_none
	index: 2, handler: __TI_zero_init


GLOBAL SYMBOLS: SORTED ALPHABETICALLY BY Name 

address   name                           
-------   ----                           
00003481  ADC14_IRQHandler               
00003481  AES256_IRQHandler              
00003481  BusFault_Handler               
000034a1  C$$EXIT                        
0000318f  C$$IO$$                        
200007c8  CCW                            
200007d8  CCWflag                        
00003481  COMP_E0_IRQHandler             
00003481  COMP_E1_IRQHandler             
00003481  CS_IRQHandler                  
200007cc  CW                             
200007d9  CWflag                         
00003481  DMA_ERR_IRQHandler             
00003481  DMA_INT0_IRQHandler            
00003481  DMA_INT1_IRQHandler            
00003481  DMA_INT2_IRQHandler            
00003481  DMA_INT3_IRQHandler            
200007d0  DTState                        
00003481  DebugMon_Handler               
00003481  Default_Handler                
00003481  EUSCIA0_IRQHandler             
00003481  EUSCIA1_IRQHandler             
00003481  EUSCIA2_IRQHandler             
00003481  EUSCIA3_IRQHandler             
00003481  EUSCIB0_IRQHandler             
00003481  EUSCIB1_IRQHandler             
00003481  EUSCIB2_IRQHandler             
00003481  EUSCIB3_IRQHandler             
00003481  FLCTL_IRQHandler               
00003481  FPU_IRQHandler                 
00003011  HOSTclose                      
00002a1d  HOSTlseek                      
00002c81  HOSTopen                       
00002d3d  HOSTread                       
000029b1  HOSTrename                     
00003055  HOSTunlink                     
00002d95  HOSTwrite                      
00003481  HardFault_Handler              
00003481  MemManage_Handler              
00003481  NMI_Handler                    
00003481  PCM_IRQHandler                 
00003481  PORT1_IRQHandler               
00000ff1  PORT2_IRQHandler               
00000ff1  PORT2_IRQHandler               
00003481  PORT3_IRQHandler               
00003481  PORT4_IRQHandler               
00003481  PORT5_IRQHandler               
00003481  PORT6_IRQHandler               
00003481  PSS_IRQHandler                 
00003481  PendSV_Handler                 
00003481  RTC_C_IRQHandler               
00003475  Reset_Handler                  
00003481  SVC_Handler                    
00003481  SysTick_Handler                
200005fc  SystemCoreClock                
00000b35  SystemCoreClockUpdate          
00000dad  SystemInit                     
00003481  T32_INT1_IRQHandler            
00003481  T32_INT2_IRQHandler            
00003481  T32_INTC_IRQHandler            
00003481  TA0_0_IRQHandler               
00000f7f  TA0_N_IRQHandler               
00000f7f  TA0_N_IRQHandler               
00003481  TA1_0_IRQHandler               
00003481  TA1_N_IRQHandler               
00003481  TA2_0_IRQHandler               
00003481  TA2_N_IRQHandler               
00003481  TA3_0_IRQHandler               
00003481  TA3_N_IRQHandler               
00003481  UsageFault_Handler             
4000480c  WDTCTL_SYM                     
00003481  WDT_A_IRQHandler               
20000600  __CIOBUF_                      
20010000  __STACK_END                    
00000200  __STACK_SIZE                   
00000400  __SYSMEM_SIZE                  
00003630  __TI_CINIT_Base                
00003640  __TI_CINIT_Limit               
0000361c  __TI_Handler_Table_Base        
00003628  __TI_Handler_Table_Limit       
00003099  __TI_auto_init_nobinit_nopinit 
000031d1  __TI_cleanup                   
200005d8  __TI_cleanup_ptr               
0000285d  __TI_closefile                 
00002a85  __TI_decompress_lzss           
00003467  __TI_decompress_none           
00002ee9  __TI_doflush                   
200005dc  __TI_dtors_ptr                 
200005e0  __TI_enable_exit_profile_output
200005c8  __TI_ft_end                    
00002e43  __TI_ltoa                      
ffffffff  __TI_pprof_out_hndl            
000000e5  __TI_printfi                   
ffffffff  __TI_prof_data_size            
ffffffff  __TI_prof_data_start           
00003205  __TI_readmsg                   
00000000  __TI_static_base__             
20000720  __TI_tmpnams                   
00003161  __TI_writemsg                  
00002c1d  __TI_wrt_ok                    
00003391  __TI_zero_init_nomemset        
00002659  __aeabi_cdcmpeq                
00002659  __aeabi_cdcmple                
000026df  __aeabi_cdrcmple               
00002fc9  __aeabi_d2iz                   
0000182f  __aeabi_dadd                   
00001b19  __aeabi_ddiv                   
00002099  __aeabi_dmul                   
00001825  __aeabi_dsub                   
00003485  __aeabi_errno_addr             
0000329d  __aeabi_i2d                    
000019db  __aeabi_idiv0                  
000019db  __aeabi_ldiv0                  
000027e1  __aeabi_memclr                 
000027e1  __aeabi_memclr4                
000027e1  __aeabi_memclr8                
00002407  __aeabi_memcpy                 
00002407  __aeabi_memcpy4                
00002407  __aeabi_memcpy8                
000027e3  __aeabi_memset                 
000027e3  __aeabi_memset4                
000027e3  __aeabi_memset8                
200005d4  __aeabi_stderr                 
200005cc  __aeabi_stdin                  
200005d0  __aeabi_stdout                 
000024a3  __aeabi_uldivmod               
ffffffff  __binit__                      
ffffffff  __c_args__                     
UNDEFED   __mpu_init                     
2000fe00  __stack                        
20000000  __start___llvm_prf_cnts        
20000000  __stop___llvm_prf_cnts         
00003239  _c_int00_noargs                
000034a4  _ctypes_                       
200004f0  _device                        
20000400  _ftable                        
200005e4  _lock                          
00000b33  _nop                           
20000568  _stream                        
20000000  _sys_memory                    
UNDEFED   _system_post_cinit             
0000349d  _system_pre_init               
200005e8  _unlock                        
000034a1  abort                          
00001f99  aligned_alloc                  
00002f35  atoi                           
ffffffff  binit                          
200005f4  btn1Flag                       
200007d4  clkState                       
00002ce1  close                          
000033e5  copysign                       
000033e5  copysignl                      
0000102f  debounceBtn1                   
200005bc  entry                          
200005f8  errno                          
00002f81  exit                           
00002765  fflush                         
0000326d  finddevice                     
200005c4  flag                           
000025cd  fputc                          
00001d75  fputs                          
00002195  free                           
00002b55  frexp                          
00002b55  frexpl                         
00002bb9  fseek                          
000030dd  getdevice                      
00001085  gpioSetup                      
00001601  inputTroubleshoot              
00002555  intSysTickSetup                
00000000  interruptVectors               
200005b8  keyPress                       
00001401  keypadInit                     
00001e89  ldexp                          
00001e89  ldexpl                         
00003321  lseek                          
00000e69  main                           
0000348d  malloc                         
00001f99  memalign                       
000033c9  memccpy                        
00003371  memchr                         
00002407  memcpy                         
000027e9  memset                         
0000256f  msDelay                        
200007c0  parmbuf                        
000015e9  printKeys                      
00002aed  printf                         
200005f5  prompt                         
000025cd  putc                           
0000142b  readKeypad                     
000032cd  remove                         
00001e89  scalbn                         
00001e89  scalbnl                        
0000105b  setupTimerA                    
00002279  setvbuf                        
00003417  strchr                         
000033ff  strcmp                         
0000342d  strcpy                         
00003441  strlen                         
00003199  strncpy                        
00002539  sysTickSetup                   
200005c0  terminate                      
000032cd  unlink                         
00002599  usDelay                        
200007da  val                            
00003455  wcslen                         
00003349  write                          


GLOBAL SYMBOLS: SORTED BY Symbol Address 

address   name                           
-------   ----                           
00000000  __TI_static_base__             
00000000  interruptVectors               
000000e5  __TI_printfi                   
00000200  __STACK_SIZE                   
00000400  __SYSMEM_SIZE                  
00000b33  _nop                           
00000b35  SystemCoreClockUpdate          
00000dad  SystemInit                     
00000e69  main                           
00000f7f  TA0_N_IRQHandler               
00000f7f  TA0_N_IRQHandler               
00000ff1  PORT2_IRQHandler               
00000ff1  PORT2_IRQHandler               
0000102f  debounceBtn1                   
0000105b  setupTimerA                    
00001085  gpioSetup                      
00001401  keypadInit                     
0000142b  readKeypad                     
000015e9  printKeys                      
00001601  inputTroubleshoot              
00001825  __aeabi_dsub                   
0000182f  __aeabi_dadd                   
000019db  __aeabi_idiv0                  
000019db  __aeabi_ldiv0                  
00001b19  __aeabi_ddiv                   
00001d75  fputs                          
00001e89  ldexp                          
00001e89  ldexpl                         
00001e89  scalbn                         
00001e89  scalbnl                        
00001f99  aligned_alloc                  
00001f99  memalign                       
00002099  __aeabi_dmul                   
00002195  free                           
00002279  setvbuf                        
00002407  __aeabi_memcpy                 
00002407  __aeabi_memcpy4                
00002407  __aeabi_memcpy8                
00002407  memcpy                         
000024a3  __aeabi_uldivmod               
00002539  sysTickSetup                   
00002555  intSysTickSetup                
0000256f  msDelay                        
00002599  usDelay                        
000025cd  fputc                          
000025cd  putc                           
00002659  __aeabi_cdcmpeq                
00002659  __aeabi_cdcmple                
000026df  __aeabi_cdrcmple               
00002765  fflush                         
000027e1  __aeabi_memclr                 
000027e1  __aeabi_memclr4                
000027e1  __aeabi_memclr8                
000027e3  __aeabi_memset                 
000027e3  __aeabi_memset4                
000027e3  __aeabi_memset8                
000027e9  memset                         
0000285d  __TI_closefile                 
000029b1  HOSTrename                     
00002a1d  HOSTlseek                      
00002a85  __TI_decompress_lzss           
00002aed  printf                         
00002b55  frexp                          
00002b55  frexpl                         
00002bb9  fseek                          
00002c1d  __TI_wrt_ok                    
00002c81  HOSTopen                       
00002ce1  close                          
00002d3d  HOSTread                       
00002d95  HOSTwrite                      
00002e43  __TI_ltoa                      
00002ee9  __TI_doflush                   
00002f35  atoi                           
00002f81  exit                           
00002fc9  __aeabi_d2iz                   
00003011  HOSTclose                      
00003055  HOSTunlink                     
00003099  __TI_auto_init_nobinit_nopinit 
000030dd  getdevice                      
00003161  __TI_writemsg                  
0000318f  C$$IO$$                        
00003199  strncpy                        
000031d1  __TI_cleanup                   
00003205  __TI_readmsg                   
00003239  _c_int00_noargs                
0000326d  finddevice                     
0000329d  __aeabi_i2d                    
000032cd  remove                         
000032cd  unlink                         
00003321  lseek                          
00003349  write                          
00003371  memchr                         
00003391  __TI_zero_init_nomemset        
000033c9  memccpy                        
000033e5  copysign                       
000033e5  copysignl                      
000033ff  strcmp                         
00003417  strchr                         
0000342d  strcpy                         
00003441  strlen                         
00003455  wcslen                         
00003467  __TI_decompress_none           
00003475  Reset_Handler                  
00003481  ADC14_IRQHandler               
00003481  AES256_IRQHandler              
00003481  BusFault_Handler               
00003481  COMP_E0_IRQHandler             
00003481  COMP_E1_IRQHandler             
00003481  CS_IRQHandler                  
00003481  DMA_ERR_IRQHandler             
00003481  DMA_INT0_IRQHandler            
00003481  DMA_INT1_IRQHandler            
00003481  DMA_INT2_IRQHandler            
00003481  DMA_INT3_IRQHandler            
00003481  DebugMon_Handler               
00003481  Default_Handler                
00003481  EUSCIA0_IRQHandler             
00003481  EUSCIA1_IRQHandler             
00003481  EUSCIA2_IRQHandler             
00003481  EUSCIA3_IRQHandler             
00003481  EUSCIB0_IRQHandler             
00003481  EUSCIB1_IRQHandler             
00003481  EUSCIB2_IRQHandler             
00003481  EUSCIB3_IRQHandler             
00003481  FLCTL_IRQHandler               
00003481  FPU_IRQHandler                 
00003481  HardFault_Handler              
00003481  MemManage_Handler              
00003481  NMI_Handler                    
00003481  PCM_IRQHandler                 
00003481  PORT1_IRQHandler               
00003481  PORT3_IRQHandler               
00003481  PORT4_IRQHandler               
00003481  PORT5_IRQHandler               
00003481  PORT6_IRQHandler               
00003481  PSS_IRQHandler                 
00003481  PendSV_Handler                 
00003481  RTC_C_IRQHandler               
00003481  SVC_Handler                    
00003481  SysTick_Handler                
00003481  T32_INT1_IRQHandler            
00003481  T32_INT2_IRQHandler            
00003481  T32_INTC_IRQHandler            
00003481  TA0_0_IRQHandler               
00003481  TA1_0_IRQHandler               
00003481  TA1_N_IRQHandler               
00003481  TA2_0_IRQHandler               
00003481  TA2_N_IRQHandler               
00003481  TA3_0_IRQHandler               
00003481  TA3_N_IRQHandler               
00003481  UsageFault_Handler             
00003481  WDT_A_IRQHandler               
00003485  __aeabi_errno_addr             
0000348d  malloc                         
0000349d  _system_pre_init               
000034a1  C$$EXIT                        
000034a1  abort                          
000034a4  _ctypes_                       
0000361c  __TI_Handler_Table_Base        
00003628  __TI_Handler_Table_Limit       
00003630  __TI_CINIT_Base                
00003640  __TI_CINIT_Limit               
20000000  __start___llvm_prf_cnts        
20000000  __stop___llvm_prf_cnts         
20000000  _sys_memory                    
20000400  _ftable                        
200004f0  _device                        
20000568  _stream                        
200005b8  keyPress                       
200005bc  entry                          
200005c0  terminate                      
200005c4  flag                           
200005c8  __TI_ft_end                    
200005cc  __aeabi_stdin                  
200005d0  __aeabi_stdout                 
200005d4  __aeabi_stderr                 
200005d8  __TI_cleanup_ptr               
200005dc  __TI_dtors_ptr                 
200005e0  __TI_enable_exit_profile_output
200005e4  _lock                          
200005e8  _unlock                        
200005f4  btn1Flag                       
200005f5  prompt                         
200005f8  errno                          
200005fc  SystemCoreClock                
20000600  __CIOBUF_                      
20000720  __TI_tmpnams                   
200007c0  parmbuf                        
200007c8  CCW                            
200007cc  CW                             
200007d0  DTState                        
200007d4  clkState                       
200007d8  CCWflag                        
200007d9  CWflag                         
200007da  val                            
2000fe00  __stack                        
20010000  __STACK_END                    
4000480c  WDTCTL_SYM                     
ffffffff  __TI_pprof_out_hndl            
ffffffff  __TI_prof_data_size            
ffffffff  __TI_prof_data_start           
ffffffff  __binit__                      
ffffffff  __c_args__                     
ffffffff  binit                          
UNDEFED   __mpu_init                     
UNDEFED   _system_post_cinit             

[206 symbols]
