******************************************************************************
                  TI ARM Linker Unix v20.2.5                   
******************************************************************************
>> Linked Tue Nov 30 00:41:33 2021

OUTPUT FILE NAME:   <L7_P1_Stepper_Interface.out>
ENTRY POINT SYMBOL: "_c_int00_noargs"  address: 00000ba5


MEMORY CONFIGURATION

         name            origin    length      used     unused   attr    fill
----------------------  --------  ---------  --------  --------  ----  --------
  MAIN                  00000000   00040000  00000c24  0003f3dc  R  X
  INFO                  00200000   00004000  00000000  00004000  R  X
  SRAM_CODE             01000000   00010000  00000218  0000fde8  RW X
  SRAM_DATA             20000000   00010000  00000218  0000fde8  RW  


SEGMENT ALLOCATION MAP

run origin  load origin   length   init length attrs members
----------  ----------- ---------- ----------- ----- -------
00000000    00000000    00000c28   00000c28    r-x
  00000000    00000000    000000e4   000000e4    r-- .intvecs
  000000e4    000000e4    00000b18   00000b18    r-x .text
  00000c00    00000c00    00000028   00000028    r-- .cinit
20000000    20000000    00000018   00000000    rw-
  20000000    20000000    00000018   00000000    rw- .data
2000fe00    2000fe00    00000200   00000000    rw-
  2000fe00    2000fe00    00000200   00000000    rw- .stack


SECTION ALLOCATION MAP

 output                                  attributes/
section   page    origin      length       input sections
--------  ----  ----------  ----------   ----------------
.intvecs   0    00000000    000000e4     
                  00000000    000000e4     startup_msp432p401r_ccs.obj (.intvecs:retain)

.text      0    000000e4    00000b18     
                  000000e4    00000378     system_msp432p401r.obj (.text)
                  0000045c    000002ac     systick.obj (.text)
                  00000708    000001e8     bipolarMotor.obj (.text)
                  000008f0    0000016c     main.obj (.text)
                  00000a5c    0000009c     rtsv7M4_T_le_v4SPD16_eabi.lib : memcpy_t2.asm.obj (.text)
                  00000af8    00000068                                   : copy_decompress_lzss.c.obj (.text:decompress:lzss:__TI_decompress_lzss)
                  00000b60    00000044                                   : autoinit.c.obj (.text:__TI_auto_init_nobinit_nopinit:__TI_auto_init_nobinit_nopinit)
                  00000ba4    00000034                                   : boot_cortex_m.c.obj (.text:_c_int00_noargs:_c_int00_noargs)
                  00000bd8    0000000e                                   : copy_decompress_none.c.obj (.text:decompress:none:__TI_decompress_none)
                  00000be6    0000000e     startup_msp432p401r_ccs.obj (.text)
                  00000bf4    00000004     rtsv7M4_T_le_v4SPD16_eabi.lib : pre_init.c.obj (.text:_system_pre_init)
                  00000bf8    00000004                                   : exit.c.obj (.text:abort:abort)

.cinit     0    00000c00    00000028     
                  00000c00    00000015     (.cinit..data.load) [load image, compression = lzss]
                  00000c15    00000003     --HOLE-- [fill = 0]
                  00000c18    00000008     (__TI_handler_table)
                  00000c20    00000008     (__TI_cinit_table)

.init_array 
*          0    00000000    00000000     UNINITIALIZED

.binit     0    00000000    00000000     

.data      0    20000000    00000018     UNINITIALIZED
                  20000000    00000004     bipolarMotor.obj (.data:inA)
                  20000004    00000004     bipolarMotor.obj (.data:inAp)
                  20000008    00000004     bipolarMotor.obj (.data:inB)
                  2000000c    00000004     bipolarMotor.obj (.data:inBp)
                  20000010    00000004     main.obj (.data)
                  20000014    00000004     system_msp432p401r.obj (.data)

.stack     0    2000fe00    00000200     UNINITIALIZED
                  2000fe00    00000004     rtsv7M4_T_le_v4SPD16_eabi.lib : boot_cortex_m.c.obj (.stack)
                  2000fe04    000001fc     --HOLE--

__llvm_prf_cnts 
*          0    20000000    00000000     UNINITIALIZED

MODULE SUMMARY

       Module                        code   ro data   rw data
       ------                        ----   -------   -------
    ./
       system_msp432p401r.obj        888    0         8      
       systick.obj                   684    0         0      
       bipolarMotor.obj              488    0         32     
       main.obj                      364    0         8      
       startup_msp432p401r_ccs.obj   14     228       0      
    +--+-----------------------------+------+---------+---------+
       Total:                        2438   228       48     
                                                             
    /Applications/ti/ccs1040/ccs/tools/compiler/ti-cgt-arm_20.2.5.LTS/lib/rtsv7M4_T_le_v4SPD16_eabi.lib
       memcpy_t2.asm.obj             156    0         0      
       copy_decompress_lzss.c.obj    104    0         0      
       autoinit.c.obj                68     0         0      
       boot_cortex_m.c.obj           52     0         0      
       copy_decompress_none.c.obj    14     0         0      
       exit.c.obj                    4      0         0      
       pre_init.c.obj                4      0         0      
    +--+-----------------------------+------+---------+---------+
       Total:                        402    0         0      
                                                             
       Stack:                        0      0         1024   
       Linker Generated:             0      37        0      
    +--+-----------------------------+------+---------+---------+
       Grand Total:                  2840   265       1072   


LINKER GENERATED COPY TABLES

__TI_cinit_table @ 00000c20 records: 1, size/record: 8, table size: 8
	.data: load addr=00000c00, load size=00000015 bytes, run addr=20000000, run size=00000018 bytes, compression=lzss


LINKER GENERATED HANDLER TABLE

__TI_handler_table @ 00000c18 records: 2, size/record: 4, table size: 8
	index: 0, handler: __TI_decompress_lzss
	index: 1, handler: __TI_decompress_none


GLOBAL SYMBOLS: SORTED ALPHABETICALLY BY Name 

address   name                          
-------   ----                          
00000bf3  ADC14_IRQHandler              
00000bf3  AES256_IRQHandler             
00000bf3  BusFault_Handler              
00000bf9  C$$EXIT                       
00000733  CCW                           
00000bf3  COMP_E0_IRQHandler            
00000bf3  COMP_E1_IRQHandler            
00000bf3  CS_IRQHandler                 
000007f9  CW                            
00000bf3  DMA_ERR_IRQHandler            
00000bf3  DMA_INT0_IRQHandler           
00000bf3  DMA_INT1_IRQHandler           
00000bf3  DMA_INT2_IRQHandler           
00000bf3  DMA_INT3_IRQHandler           
00000bf3  DebugMon_Handler              
00000bf3  Default_Handler               
00000bf3  EUSCIA0_IRQHandler            
00000bf3  EUSCIA1_IRQHandler            
00000bf3  EUSCIA2_IRQHandler            
00000bf3  EUSCIA3_IRQHandler            
00000bf3  EUSCIB0_IRQHandler            
00000bf3  EUSCIB1_IRQHandler            
00000bf3  EUSCIB2_IRQHandler            
00000bf3  EUSCIB3_IRQHandler            
00000bf3  FLCTL_IRQHandler              
00000bf3  FPU_IRQHandler                
00000bf3  HardFault_Handler             
00000bf3  MemManage_Handler             
00000bf3  NMI_Handler                   
00000bf3  PCM_IRQHandler                
00000bf3  PORT1_IRQHandler              
00000bf3  PORT2_IRQHandler              
000009ab  PORT3_IRQHandler              
000009ab  PORT3_IRQHandler              
00000bf3  PORT4_IRQHandler              
00000bf3  PORT5_IRQHandler              
00000bf3  PORT6_IRQHandler              
00000bf3  PSS_IRQHandler                
00000bf3  PendSV_Handler                
00000bf3  RTC_C_IRQHandler              
00000be7  Reset_Handler                 
00000bf3  SVC_Handler                   
00000bf3  SysTick_Handler               
20000014  SystemCoreClock               
000000e5  SystemCoreClockUpdate         
0000035d  SystemInit                    
00000bf3  T32_INT1_IRQHandler           
00000bf3  T32_INT2_IRQHandler           
00000bf3  T32_INTC_IRQHandler           
00000bf3  TA0_0_IRQHandler              
00000bf3  TA0_N_IRQHandler              
00000bf3  TA1_0_IRQHandler              
00000bf3  TA1_N_IRQHandler              
00000bf3  TA2_0_IRQHandler              
00000bf3  TA2_N_IRQHandler              
00000bf3  TA3_0_IRQHandler              
00000bf3  TA3_N_IRQHandler              
00000bf3  UsageFault_Handler            
4000480c  WDTCTL_SYM                    
00000bf3  WDT_A_IRQHandler              
20010000  __STACK_END                   
00000200  __STACK_SIZE                  
00000c20  __TI_CINIT_Base               
00000c28  __TI_CINIT_Limit              
00000c18  __TI_Handler_Table_Base       
00000c20  __TI_Handler_Table_Limit      
00000b61  __TI_auto_init_nobinit_nopinit
00000af9  __TI_decompress_lzss          
00000bd9  __TI_decompress_none          
ffffffff  __TI_pprof_out_hndl           
ffffffff  __TI_prof_data_size           
ffffffff  __TI_prof_data_start          
00000000  __TI_static_base__            
00000a5d  __aeabi_memcpy                
00000a5d  __aeabi_memcpy4               
00000a5d  __aeabi_memcpy8               
ffffffff  __binit__                     
ffffffff  __c_args__                    
UNDEFED   __mpu_init                    
2000fe00  __stack                       
20000000  __start___llvm_prf_cnts       
20000000  __stop___llvm_prf_cnts        
00000ba5  _c_int00_noargs               
UNDEFED   _system_post_cinit            
00000bf5  _system_pre_init              
00000bf9  abort                         
ffffffff  binit                         
0000095d  buttonInit                    
20000011  clicked                       
000009ed  debounceBtn1                  
20000000  inA                           
20000004  inAp                          
20000008  inB                           
2000000c  inBp                          
20000010  increment                     
00000951  initGPIO                      
00000709  initializeBipolarMotor        
00000479  intSysTickSetup               
00000000  interruptVectors              
000008f1  main                          
00000a5d  memcpy                        
000004a7  msDelay                       
0000045d  sysTickSetup                  
000005df  usDelay                       


GLOBAL SYMBOLS: SORTED BY Symbol Address 

address   name                          
-------   ----                          
00000000  __TI_static_base__            
00000000  interruptVectors              
000000e5  SystemCoreClockUpdate         
00000200  __STACK_SIZE                  
0000035d  SystemInit                    
0000045d  sysTickSetup                  
00000479  intSysTickSetup               
000004a7  msDelay                       
000005df  usDelay                       
00000709  initializeBipolarMotor        
00000733  CCW                           
000007f9  CW                            
000008f1  main                          
00000951  initGPIO                      
0000095d  buttonInit                    
000009ab  PORT3_IRQHandler              
000009ab  PORT3_IRQHandler              
000009ed  debounceBtn1                  
00000a5d  __aeabi_memcpy                
00000a5d  __aeabi_memcpy4               
00000a5d  __aeabi_memcpy8               
00000a5d  memcpy                        
00000af9  __TI_decompress_lzss          
00000b61  __TI_auto_init_nobinit_nopinit
00000ba5  _c_int00_noargs               
00000bd9  __TI_decompress_none          
00000be7  Reset_Handler                 
00000bf3  ADC14_IRQHandler              
00000bf3  AES256_IRQHandler             
00000bf3  BusFault_Handler              
00000bf3  COMP_E0_IRQHandler            
00000bf3  COMP_E1_IRQHandler            
00000bf3  CS_IRQHandler                 
00000bf3  DMA_ERR_IRQHandler            
00000bf3  DMA_INT0_IRQHandler           
00000bf3  DMA_INT1_IRQHandler           
00000bf3  DMA_INT2_IRQHandler           
00000bf3  DMA_INT3_IRQHandler           
00000bf3  DebugMon_Handler              
00000bf3  Default_Handler               
00000bf3  EUSCIA0_IRQHandler            
00000bf3  EUSCIA1_IRQHandler            
00000bf3  EUSCIA2_IRQHandler            
00000bf3  EUSCIA3_IRQHandler            
00000bf3  EUSCIB0_IRQHandler            
00000bf3  EUSCIB1_IRQHandler            
00000bf3  EUSCIB2_IRQHandler            
00000bf3  EUSCIB3_IRQHandler            
00000bf3  FLCTL_IRQHandler              
00000bf3  FPU_IRQHandler                
00000bf3  HardFault_Handler             
00000bf3  MemManage_Handler             
00000bf3  NMI_Handler                   
00000bf3  PCM_IRQHandler                
00000bf3  PORT1_IRQHandler              
00000bf3  PORT2_IRQHandler              
00000bf3  PORT4_IRQHandler              
00000bf3  PORT5_IRQHandler              
00000bf3  PORT6_IRQHandler              
00000bf3  PSS_IRQHandler                
00000bf3  PendSV_Handler                
00000bf3  RTC_C_IRQHandler              
00000bf3  SVC_Handler                   
00000bf3  SysTick_Handler               
00000bf3  T32_INT1_IRQHandler           
00000bf3  T32_INT2_IRQHandler           
00000bf3  T32_INTC_IRQHandler           
00000bf3  TA0_0_IRQHandler              
00000bf3  TA0_N_IRQHandler              
00000bf3  TA1_0_IRQHandler              
00000bf3  TA1_N_IRQHandler              
00000bf3  TA2_0_IRQHandler              
00000bf3  TA2_N_IRQHandler              
00000bf3  TA3_0_IRQHandler              
00000bf3  TA3_N_IRQHandler              
00000bf3  UsageFault_Handler            
00000bf3  WDT_A_IRQHandler              
00000bf5  _system_pre_init              
00000bf9  C$$EXIT                       
00000bf9  abort                         
00000c18  __TI_Handler_Table_Base       
00000c20  __TI_CINIT_Base               
00000c20  __TI_Handler_Table_Limit      
00000c28  __TI_CINIT_Limit              
20000000  __start___llvm_prf_cnts       
20000000  __stop___llvm_prf_cnts        
20000000  inA                           
20000004  inAp                          
20000008  inB                           
2000000c  inBp                          
20000010  increment                     
20000011  clicked                       
20000014  SystemCoreClock               
2000fe00  __stack                       
20010000  __STACK_END                   
4000480c  WDTCTL_SYM                    
ffffffff  __TI_pprof_out_hndl           
ffffffff  __TI_prof_data_size           
ffffffff  __TI_prof_data_start          
ffffffff  __binit__                     
ffffffff  __c_args__                    
ffffffff  binit                         
UNDEFED   __mpu_init                    
UNDEFED   _system_post_cinit            

[104 symbols]
