******************************************************************************
                  TI ARM Linker Unix v20.2.5                   
******************************************************************************
>> Linked Fri Nov 12 11:31:16 2021

OUTPUT FILE NAME:   <L10_P1_Watchdog_Timer.out>
ENTRY POINT SYMBOL: "_c_int00_noargs"  address: 000037fd


MEMORY CONFIGURATION

         name            origin    length      used     unused   attr    fill
----------------------  --------  ---------  --------  --------  ----  --------
  MAIN                  00000000   00040000  0000425f  0003bda1  R  X
  INFO                  00200000   00004000  00000000  00004000  R  X
  SRAM_CODE             01000000   00010000  00000264  0000fd9c  RW X
  SRAM_DATA             20000000   00010000  00000264  0000fd9c  RW  


SEGMENT ALLOCATION MAP

run origin  load origin   length   init length attrs members
----------  ----------- ---------- ----------- ----- -------
00000000    00000000    00004260   00004260    r-x
  00000000    00000000    000000e4   000000e4    r-- .intvecs
  000000e4    000000e4    00003858   00003858    r-x .text
  0000393c    0000393c    000008e3   000008e3    r-- .const
  00004220    00004220    00000040   00000040    r-- .cinit
20000000    20000000    00000064   00000000    rw-
  20000000    20000000    00000040   00000000    rw- .bss
  20000040    20000040    00000024   00000000    rw- .data
2000fe00    2000fe00    00000200   00000000    rw-
  2000fe00    2000fe00    00000200   00000000    rw- .stack


SECTION ALLOCATION MAP

 output                                  attributes/
section   page    origin      length       input sections
--------  ----  ----------  ----------   ----------------
.intvecs   0    00000000    000000e4     
                  00000000    000000e4     startup_msp432p401r_ccs.obj (.intvecs:retain)

.text      0    000000e4    00003858     
                  000000e4    000013b0     ST7735.obj (.text)
                  00001494    00000a4e     rtsv7M4_T_le_v4SPD16_eabi.lib : _printfi.c.obj (.text:__TI_printfi)
                  00001ee2    00000002                                   : div0.asm.obj (.text)
                  00001ee4    00000378     system_msp432p401r.obj (.text)
                  0000225c    00000270     rtsv7M4_T_le_v4SPD16_eabi.lib : _printfi.c.obj (.text:_pconv_a)
                  000024cc    00000238     main.obj (.text)
                  00002704    000001d0     rtsv7M4_T_le_v4SPD16_eabi.lib : _printfi.c.obj (.text:_pconv_g)
                  000028d4    000001b6                                   : fd_add_t2.asm.obj (.text)
                  00002a8a    00000002     --HOLE-- [fill = 0]
                  00002a8c    0000013c                                   : _printfi.c.obj (.text:_pconv_e)
                  00002bc8    00000136                                   : fd_div_t2.asm.obj (.text)
                  00002cfe    00000002     --HOLE-- [fill = 0]
                  00002d00    00000124                                   : _printfi.c.obj (.text:fcvt)
                  00002e24    00000110                                   : s_scalbn.c.obj (.text:scalbn)
                  00002f34    000000fc                                   : fd_mul_t2.asm.obj (.text)
                  00003030    000000d4     systick.obj (.text)
                  00003104    000000b1     rtsv7M4_T_le_v4SPD16_eabi.lib : _printfi.c.obj (.text:_ltostr)
                  000031b5    00000001     --HOLE-- [fill = 0]
                  000031b6    0000009c                                   : memcpy_t2.asm.obj (.text)
                  00003252    00000096                                   : ull_div_t2.asm.obj (.text)
                  000032e8    00000086                                   : fd_cmp_t2.asm.obj (.text:__aeabi_cdcmple)
                  0000336e    00000086                                   : fd_cmp_t2.asm.obj (.text:__aeabi_cdrcmple)
                  000033f4    0000007a                                   : memset_t2.asm.obj (.text)
                  0000346e    0000006e                                   : _printfi.c.obj (.text:_mcpy)
                  000034dc    00000068                                   : copy_decompress_lzss.c.obj (.text:decompress:lzss:__TI_decompress_lzss)
                  00003544    00000064                                   : s_frexp.c.obj (.text:frexp)
                  000035a8    00000056                                   : _printfi.c.obj (.text:_pconv_f)
                  000035fe    00000054                                   : _ltoa.c.obj (.text:__TI_ltoa)
                  00003652    00000052                                   : _printfi.c.obj (.text:_ecpy)
                  000036a4    0000004c                                   : atoi.c.obj (.text:atoi)
                  000036f0    00000048                                   : fd_toi_t2.asm.obj (.text)
                  00003738    00000044                                   : autoinit.c.obj (.text:__TI_auto_init_nobinit_nopinit:__TI_auto_init_nobinit_nopinit)
                  0000377c    00000040                                   : sprintf.c.obj (.text:sprintf)
                  000037bc    0000003e                                   : _printfi.c.obj (.text:_fcpy)
                  000037fa    00000002     --HOLE-- [fill = 0]
                  000037fc    00000034                                   : boot_cortex_m.c.obj (.text:_c_int00_noargs:_c_int00_noargs)
                  00003830    0000002e                                   : i_tofd_t2.asm.obj (.text)
                  0000385e    0000001c                                   : copy_zero_init.c.obj (.text:decompress:ZI:__TI_zero_init_nomemset:__TI_zero_init_nomemset)
                  0000387a    0000001c                                   : memccpy.c.obj (.text:memccpy)
                  00003896    0000001a                                   : s_copysign.c.obj (.text:copysign)
                  000038b0    00000018                                   : sprintf.c.obj (.text:_outs)
                  000038c8    00000016                                   : strchr.c.obj (.text:strchr)
                  000038de    00000014                                   : strlen.c.obj (.text:strlen)
                  000038f2    00000012                                   : wcslen.c.obj (.text:wcslen)
                  00003904    0000000e                                   : copy_decompress_none.c.obj (.text:decompress:none:__TI_decompress_none)
                  00003912    0000000e     startup_msp432p401r_ccs.obj (.text)
                  00003920    0000000a     rtsv7M4_T_le_v4SPD16_eabi.lib : sprintf.c.obj (.text:_outc)
                  0000392a    00000002     --HOLE-- [fill = 0]
                  0000392c    00000008                                   : errno.c.obj (.text:__aeabi_errno_addr)
                  00003934    00000004                                   : pre_init.c.obj (.text:_system_pre_init)
                  00003938    00000004                                   : exit.c.obj (.text:abort:abort)

.const     0    0000393c    000008e3     
                  0000393c    000004fb     ST7735.obj (.const:.string:Font)
                  00003e37    00000200     ST7735.obj (.const:.string:dBfs)
                  00004037    00000101     rtsv7M4_T_le_v4SPD16_eabi.lib : ctype.c.obj (.const:.string:_ctypes_)
                  00004138    00000067     ST7735.obj (.const:.string:Bcmd)
                  0000419f    0000003b     ST7735.obj (.const:.string:Rcmd1)
                  000041da    0000002b     ST7735.obj (.const:.string:Rcmd3)
                  00004205    0000000d     ST7735.obj (.const:.string:Rcmd2green)
                  00004212    0000000d     ST7735.obj (.const:.string:Rcmd2red)

.cinit     0    00004220    00000040     
                  00004220    00000017     (.cinit..data.load) [load image, compression = lzss]
                  00004237    00000001     --HOLE-- [fill = 0]
                  00004238    0000000c     (__TI_handler_table)
                  00004244    00000004     --HOLE-- [fill = 0]
                  00004248    00000008     (.cinit..bss.load) [load image, compression = zero_init]
                  00004250    00000010     (__TI_cinit_table)

.init_array 
*          0    00000000    00000000     UNINITIALIZED

.binit     0    00000000    00000000     

.bss       0    20000000    00000040     UNINITIALIZED
                  20000000    00000014     (.common:timeStr)
                  20000014    0000000c     (.common:Message)
                  20000020    00000008     (.common:WDT_FLAG)
                  20000028    00000004     ST7735.obj (.bss)
                  2000002c    00000004     (.common:Messageindex)
                  20000030    00000004     (.common:X)
                  20000034    00000004     (.common:Ymax)
                  20000038    00000004     (.common:Ymin)
                  2000003c    00000004     (.common:Yrange)

.data      0    20000040    00000024     UNINITIALIZED
                  20000040    00000014     ST7735.obj (.data)
                  20000054    00000004     rtsv7M4_T_le_v4SPD16_eabi.lib : errno.c.obj (.data)
                  20000058    00000008     main.obj (.data)
                  20000060    00000004     system_msp432p401r.obj (.data)

.stack     0    2000fe00    00000200     UNINITIALIZED
                  2000fe00    00000004     rtsv7M4_T_le_v4SPD16_eabi.lib : boot_cortex_m.c.obj (.stack)
                  2000fe04    000001fc     --HOLE--

__llvm_prf_cnts 
*          0    20000000    00000000     UNINITIALIZED

MODULE SUMMARY

       Module                        code    ro data   rw data
       ------                        ----    -------   -------
    ./
       ST7735.obj                    5040    2018      112    
       system_msp432p401r.obj        888     0         8      
       main.obj                      568     0         72     
       startup_msp432p401r_ccs.obj   14      228       0      
       systick.obj                   212     0         0      
    +--+-----------------------------+-------+---------+---------+
       Total:                        6722    2246      192    
                                                              
    /Applications/ti/ccs1040/ccs/tools/compiler/ti-cgt-arm_20.2.5.LTS/lib/rtsv7M4_T_le_v4SPD16_eabi.lib
       _printfi.c.obj                4851    0         0      
       fd_add_t2.asm.obj             438     0         0      
       fd_div_t2.asm.obj             310     0         0      
       s_scalbn.c.obj                272     0         0      
       fd_cmp_t2.asm.obj             268     0         0      
       ctype.c.obj                   0       257       0      
       fd_mul_t2.asm.obj             252     0         0      
       memcpy_t2.asm.obj             156     0         0      
       ull_div_t2.asm.obj            150     0         0      
       memset_t2.asm.obj             122     0         0      
       copy_decompress_lzss.c.obj    104     0         0      
       s_frexp.c.obj                 100     0         0      
       sprintf.c.obj                 98      0         0      
       _ltoa.c.obj                   84      0         0      
       atoi.c.obj                    76      0         0      
       fd_toi_t2.asm.obj             72      0         0      
       autoinit.c.obj                68      0         0      
       boot_cortex_m.c.obj           52      0         0      
       i_tofd_t2.asm.obj             46      0         0      
       copy_zero_init.c.obj          28      0         0      
       memccpy.c.obj                 28      0         0      
       s_copysign.c.obj              26      0         0      
       strchr.c.obj                  22      0         0      
       strlen.c.obj                  20      0         0      
       wcslen.c.obj                  18      0         0      
       errno.c.obj                   8       0         8      
       copy_decompress_none.c.obj    14      0         0      
       exit.c.obj                    4       0         0      
       pre_init.c.obj                4       0         0      
       div0.asm.obj                  2       0         0      
    +--+-----------------------------+-------+---------+---------+
       Total:                        7693    257       8      
                                                              
       Stack:                        0       0         1024   
       Linker Generated:             0       59        0      
    +--+-----------------------------+-------+---------+---------+
       Grand Total:                  14415   2562      1224   


LINKER GENERATED COPY TABLES

__TI_cinit_table @ 00004250 records: 2, size/record: 8, table size: 16
	.data: load addr=00004220, load size=00000017 bytes, run addr=20000040, run size=00000024 bytes, compression=lzss
	.bss: load addr=00004248, load size=00000008 bytes, run addr=20000000, run size=00000040 bytes, compression=zero_init


LINKER GENERATED HANDLER TABLE

__TI_handler_table @ 00004238 records: 3, size/record: 4, table size: 12
	index: 0, handler: __TI_decompress_lzss
	index: 1, handler: __TI_decompress_none
	index: 2, handler: __TI_zero_init


GLOBAL SYMBOLS: SORTED ALPHABETICALLY BY Name 

address   name                          
-------   ----                          
0000391f  ADC14_IRQHandler              
0000391f  AES256_IRQHandler             
0000391f  BusFault_Handler              
00003939  C$$EXIT                       
0000260d  CHECK                         
0000391f  COMP_E0_IRQHandler            
0000391f  COMP_E1_IRQHandler            
0000391f  CS_IRQHandler                 
0000391f  DMA_ERR_IRQHandler            
0000391f  DMA_INT0_IRQHandler           
0000391f  DMA_INT1_IRQHandler           
0000391f  DMA_INT2_IRQHandler           
0000391f  DMA_INT3_IRQHandler           
0000391f  DebugMon_Handler              
0000391f  Default_Handler               
0000015b  Delay1ms                      
0000391f  EUSCIA0_IRQHandler            
0000391f  EUSCIA1_IRQHandler            
0000391f  EUSCIA2_IRQHandler            
0000391f  EUSCIA3_IRQHandler            
0000391f  EUSCIB0_IRQHandler            
0000391f  EUSCIB1_IRQHandler            
0000391f  EUSCIB2_IRQHandler            
0000391f  EUSCIB3_IRQHandler            
0000391f  FLCTL_IRQHandler              
0000391f  FPU_IRQHandler                
00002565  GPIO                          
0000391f  HardFault_Handler             
0000391f  MemManage_Handler             
20000014  Message                       
2000002c  Messageindex                  
0000391f  NMI_Handler                   
00001433  Output_Clear                  
0000144d  Output_Color                  
00001423  Output_Init                   
0000143d  Output_Off                    
00001445  Output_On                     
0000391f  PCM_IRQHandler                
0000391f  PORT1_IRQHandler              
0000391f  PORT2_IRQHandler              
0000391f  PORT3_IRQHandler              
0000391f  PORT4_IRQHandler              
0000391f  PORT5_IRQHandler              
0000391f  PORT6_IRQHandler              
0000391f  PSS_IRQHandler                
0000391f  PendSV_Handler                
0000391f  RTC_C_IRQHandler              
00003913  Reset_Handler                 
0000073d  ST7735_Color565               
000007a1  ST7735_DrawBitmap             
00000b15  ST7735_DrawChar               
0000099f  ST7735_DrawCharS              
00000535  ST7735_DrawFastHLine          
00000477  ST7735_DrawFastVLine          
0000041d  ST7735_DrawPixel              
00000c87  ST7735_DrawString             
00000631  ST7735_FillRect               
000005ed  ST7735_FillScreen             
000002e9  ST7735_InitB                  
00000309  ST7735_InitR                  
00000ec7  ST7735_InvertDisplay          
00001305  ST7735_OutChar                
000013c5  ST7735_OutString              
00000d7d  ST7735_OutUDec                
00001211  ST7735_PlotBar                
00000edf  ST7735_PlotClear              
00001001  ST7735_PlotLine               
000012b1  ST7735_PlotNext               
000012cb  ST7735_PlotNextErase          
00000f3b  ST7735_PlotPoint              
0000113b  ST7735_PlotPoints             
00001267  ST7735_PlotdBfs               
00000d57  ST7735_SetCursor              
00000dfd  ST7735_SetRotation            
000013e3  ST7735_SetTextColor           
00000771  ST7735_SwapColor              
0000391f  SVC_Handler                   
20000048  StTextColor                   
20000040  StX                           
20000044  StY                           
0000391f  SysTick_Handler               
20000060  SystemCoreClock               
00001ee5  SystemCoreClockUpdate         
0000215d  SystemInit                    
00002653  T32_INT1_IRQHandler           
00002653  T32_INT1_IRQHandler           
0000391f  T32_INT2_IRQHandler           
0000391f  T32_INTC_IRQHandler           
0000391f  TA0_0_IRQHandler              
0000391f  TA0_N_IRQHandler              
0000391f  TA1_0_IRQHandler              
0000391f  TA1_N_IRQHandler              
0000391f  TA2_0_IRQHandler              
0000391f  TA2_N_IRQHandler              
0000391f  TA3_0_IRQHandler              
0000391f  TA3_N_IRQHandler              
0000391f  UsageFault_Handler            
4000480c  WDTCTL_SYM                    
00002687  WDT_A_IRQHadler               
0000391f  WDT_A_IRQHandler              
20000020  WDT_FLAG                      
20000030  X                             
20000034  Ymax                          
20000038  Ymin                          
2000003c  Yrange                        
20010000  __STACK_END                   
00000200  __STACK_SIZE                  
00004250  __TI_CINIT_Base               
00004260  __TI_CINIT_Limit              
00004238  __TI_Handler_Table_Base       
00004244  __TI_Handler_Table_Limit      
00003739  __TI_auto_init_nobinit_nopinit
000034dd  __TI_decompress_lzss          
00003905  __TI_decompress_none          
000035ff  __TI_ltoa                     
ffffffff  __TI_pprof_out_hndl           
00001495  __TI_printfi                  
ffffffff  __TI_prof_data_size           
ffffffff  __TI_prof_data_start          
00000000  __TI_static_base__            
0000385f  __TI_zero_init_nomemset       
000032e9  __aeabi_cdcmpeq               
000032e9  __aeabi_cdcmple               
0000336f  __aeabi_cdrcmple              
000036f1  __aeabi_d2iz                  
000028df  __aeabi_dadd                  
00002bc9  __aeabi_ddiv                  
00002f35  __aeabi_dmul                  
000028d5  __aeabi_dsub                  
0000392d  __aeabi_errno_addr            
00003831  __aeabi_i2d                   
00001ee3  __aeabi_idiv0                 
00001ee3  __aeabi_ldiv0                 
000033f5  __aeabi_memclr                
000033f5  __aeabi_memclr4               
000033f5  __aeabi_memclr8               
000031b7  __aeabi_memcpy                
000031b7  __aeabi_memcpy4               
000031b7  __aeabi_memcpy8               
000033f7  __aeabi_memset                
000033f7  __aeabi_memset4               
000033f7  __aeabi_memset8               
00003253  __aeabi_uldivmod              
ffffffff  __binit__                     
ffffffff  __c_args__                    
UNDEFED   __mpu_init                    
2000fe00  __stack                       
20000000  __start___llvm_prf_cnts       
20000000  __stop___llvm_prf_cnts        
000037fd  _c_int00_noargs               
00004037  _ctypes_                      
UNDEFED   _system_post_cinit            
00003935  _system_pre_init              
00003939  abort                         
000036a5  atoi                          
ffffffff  binit                         
00003897  copysign                      
00003897  copysignl                     
00003e37  dBfs                          
20000054  errno                         
00001415  ferror                        
00001409  fgetc                         
00000d15  fillmessage                   
000013f7  fputc                         
00003545  frexp                         
00003545  frexpl                        
0000254b  initialization                
0000304d  intSysTickSetup               
00000000  interruptVectors              
20000050  lastj                         
00002e25  ldexp                         
00002e25  ldexpl                        
000024cd  main                          
0000387b  memccpy                       
000031b7  memcpy                        
000033fd  memset                        
0000307b  msDelay                       
0000014d  parrotdelay                   
00002e25  scalbn                        
00002e25  scalbnl                       
0000377d  sprintf                       
000038c9  strchr                        
000038df  strlen                        
00003031  sysTickSetup                  
20000000  timeStr                       
20000058  timer                         
000025e1  timer32_init                  
000030bd  usDelay                       
000025c1  watchdog_init                 
000038f3  wcslen                        


GLOBAL SYMBOLS: SORTED BY Symbol Address 

address   name                          
-------   ----                          
00000000  __TI_static_base__            
00000000  interruptVectors              
0000014d  parrotdelay                   
0000015b  Delay1ms                      
00000200  __STACK_SIZE                  
000002e9  ST7735_InitB                  
00000309  ST7735_InitR                  
0000041d  ST7735_DrawPixel              
00000477  ST7735_DrawFastVLine          
00000535  ST7735_DrawFastHLine          
000005ed  ST7735_FillScreen             
00000631  ST7735_FillRect               
0000073d  ST7735_Color565               
00000771  ST7735_SwapColor              
000007a1  ST7735_DrawBitmap             
0000099f  ST7735_DrawCharS              
00000b15  ST7735_DrawChar               
00000c87  ST7735_DrawString             
00000d15  fillmessage                   
00000d57  ST7735_SetCursor              
00000d7d  ST7735_OutUDec                
00000dfd  ST7735_SetRotation            
00000ec7  ST7735_InvertDisplay          
00000edf  ST7735_PlotClear              
00000f3b  ST7735_PlotPoint              
00001001  ST7735_PlotLine               
0000113b  ST7735_PlotPoints             
00001211  ST7735_PlotBar                
00001267  ST7735_PlotdBfs               
000012b1  ST7735_PlotNext               
000012cb  ST7735_PlotNextErase          
00001305  ST7735_OutChar                
000013c5  ST7735_OutString              
000013e3  ST7735_SetTextColor           
000013f7  fputc                         
00001409  fgetc                         
00001415  ferror                        
00001423  Output_Init                   
00001433  Output_Clear                  
0000143d  Output_Off                    
00001445  Output_On                     
0000144d  Output_Color                  
00001495  __TI_printfi                  
00001ee3  __aeabi_idiv0                 
00001ee3  __aeabi_ldiv0                 
00001ee5  SystemCoreClockUpdate         
0000215d  SystemInit                    
000024cd  main                          
0000254b  initialization                
00002565  GPIO                          
000025c1  watchdog_init                 
000025e1  timer32_init                  
0000260d  CHECK                         
00002653  T32_INT1_IRQHandler           
00002653  T32_INT1_IRQHandler           
00002687  WDT_A_IRQHadler               
000028d5  __aeabi_dsub                  
000028df  __aeabi_dadd                  
00002bc9  __aeabi_ddiv                  
00002e25  ldexp                         
00002e25  ldexpl                        
00002e25  scalbn                        
00002e25  scalbnl                       
00002f35  __aeabi_dmul                  
00003031  sysTickSetup                  
0000304d  intSysTickSetup               
0000307b  msDelay                       
000030bd  usDelay                       
000031b7  __aeabi_memcpy                
000031b7  __aeabi_memcpy4               
000031b7  __aeabi_memcpy8               
000031b7  memcpy                        
00003253  __aeabi_uldivmod              
000032e9  __aeabi_cdcmpeq               
000032e9  __aeabi_cdcmple               
0000336f  __aeabi_cdrcmple              
000033f5  __aeabi_memclr                
000033f5  __aeabi_memclr4               
000033f5  __aeabi_memclr8               
000033f7  __aeabi_memset                
000033f7  __aeabi_memset4               
000033f7  __aeabi_memset8               
000033fd  memset                        
000034dd  __TI_decompress_lzss          
00003545  frexp                         
00003545  frexpl                        
000035ff  __TI_ltoa                     
000036a5  atoi                          
000036f1  __aeabi_d2iz                  
00003739  __TI_auto_init_nobinit_nopinit
0000377d  sprintf                       
000037fd  _c_int00_noargs               
00003831  __aeabi_i2d                   
0000385f  __TI_zero_init_nomemset       
0000387b  memccpy                       
00003897  copysign                      
00003897  copysignl                     
000038c9  strchr                        
000038df  strlen                        
000038f3  wcslen                        
00003905  __TI_decompress_none          
00003913  Reset_Handler                 
0000391f  ADC14_IRQHandler              
0000391f  AES256_IRQHandler             
0000391f  BusFault_Handler              
0000391f  COMP_E0_IRQHandler            
0000391f  COMP_E1_IRQHandler            
0000391f  CS_IRQHandler                 
0000391f  DMA_ERR_IRQHandler            
0000391f  DMA_INT0_IRQHandler           
0000391f  DMA_INT1_IRQHandler           
0000391f  DMA_INT2_IRQHandler           
0000391f  DMA_INT3_IRQHandler           
0000391f  DebugMon_Handler              
0000391f  Default_Handler               
0000391f  EUSCIA0_IRQHandler            
0000391f  EUSCIA1_IRQHandler            
0000391f  EUSCIA2_IRQHandler            
0000391f  EUSCIA3_IRQHandler            
0000391f  EUSCIB0_IRQHandler            
0000391f  EUSCIB1_IRQHandler            
0000391f  EUSCIB2_IRQHandler            
0000391f  EUSCIB3_IRQHandler            
0000391f  FLCTL_IRQHandler              
0000391f  FPU_IRQHandler                
0000391f  HardFault_Handler             
0000391f  MemManage_Handler             
0000391f  NMI_Handler                   
0000391f  PCM_IRQHandler                
0000391f  PORT1_IRQHandler              
0000391f  PORT2_IRQHandler              
0000391f  PORT3_IRQHandler              
0000391f  PORT4_IRQHandler              
0000391f  PORT5_IRQHandler              
0000391f  PORT6_IRQHandler              
0000391f  PSS_IRQHandler                
0000391f  PendSV_Handler                
0000391f  RTC_C_IRQHandler              
0000391f  SVC_Handler                   
0000391f  SysTick_Handler               
0000391f  T32_INT2_IRQHandler           
0000391f  T32_INTC_IRQHandler           
0000391f  TA0_0_IRQHandler              
0000391f  TA0_N_IRQHandler              
0000391f  TA1_0_IRQHandler              
0000391f  TA1_N_IRQHandler              
0000391f  TA2_0_IRQHandler              
0000391f  TA2_N_IRQHandler              
0000391f  TA3_0_IRQHandler              
0000391f  TA3_N_IRQHandler              
0000391f  UsageFault_Handler            
0000391f  WDT_A_IRQHandler              
0000392d  __aeabi_errno_addr            
00003935  _system_pre_init              
00003939  C$$EXIT                       
00003939  abort                         
00003e37  dBfs                          
00004037  _ctypes_                      
00004238  __TI_Handler_Table_Base       
00004244  __TI_Handler_Table_Limit      
00004250  __TI_CINIT_Base               
00004260  __TI_CINIT_Limit              
20000000  __start___llvm_prf_cnts       
20000000  __stop___llvm_prf_cnts        
20000000  timeStr                       
20000014  Message                       
20000020  WDT_FLAG                      
2000002c  Messageindex                  
20000030  X                             
20000034  Ymax                          
20000038  Ymin                          
2000003c  Yrange                        
20000040  StX                           
20000044  StY                           
20000048  StTextColor                   
20000050  lastj                         
20000054  errno                         
20000058  timer                         
20000060  SystemCoreClock               
2000fe00  __stack                       
20010000  __STACK_END                   
4000480c  WDTCTL_SYM                    
ffffffff  __TI_pprof_out_hndl           
ffffffff  __TI_prof_data_size           
ffffffff  __TI_prof_data_start          
ffffffff  __binit__                     
ffffffff  __c_args__                    
ffffffff  binit                         
UNDEFED   __mpu_init                    
UNDEFED   _system_post_cinit            

[190 symbols]
