******************************************************************************
                  TI ARM Linker Unix v20.2.5                   
******************************************************************************
>> Linked Fri Nov 12 23:34:57 2021

OUTPUT FILE NAME:   <L4_P2_Keypad_Rotary_Encoder_Interface.out>
ENTRY POINT SYMBOL: "_c_int00_noargs"  address: 00002f35


MEMORY CONFIGURATION

         name            origin    length      used     unused   attr    fill
----------------------  --------  ---------  --------  --------  ----  --------
  MAIN                  00000000   00040000  00003339  0003ccc7  R  X
  INFO                  00200000   00004000  00000000  00004000  R  X
  SRAM_CODE             01000000   00010000  000009ca  0000f636  RW X
  SRAM_DATA             20000000   00010000  000009ca  0000f636  RW  


SEGMENT ALLOCATION MAP

run origin  load origin   length   init length attrs members
----------  ----------- ---------- ----------- ----- -------
00000000    00000000    00003340   00003340    r-x
  00000000    00000000    000000e4   000000e4    r-- .intvecs
  000000e4    000000e4    000030bc   000030bc    r-x .text
  000031a0    000031a0    00000101   00000101    r-- .const
  000032a8    000032a8    00000098   00000098    r-- .cinit
20000000    20000000    000007ca   00000000    rw-
  20000000    20000000    00000400   00000000    rw- .sysmem
  20000400    20000400    000001f0   00000000    rw- .data
  200005f0    200005f0    000001da   00000000    rw- .bss
2000fe00    2000fe00    00000200   00000000    rw-
  2000fe00    2000fe00    00000200   00000000    rw- .stack


SECTION ALLOCATION MAP

 output                                  attributes/
section   page    origin      length       input sections
--------  ----  ----------  ----------   ----------------
.intvecs   0    00000000    000000e4     
                  00000000    000000e4     startup_msp432p401r_ccs.obj (.intvecs:retain)

.text      0    000000e4    000030bc     
                  000000e4    00000a4e     rtsv7M4_T_le_v4SPD16_eabi.lib : _printfi.c.obj (.text:__TI_printfi)
                  00000b32    00000002                                   : _lock.c.obj (.text:_nop)
                  00000b34    00000334     system_msp432p401r.obj (.text)
                  00000e68    00000278     main.obj (.text)
                  000010e0    00000270     rtsv7M4_T_le_v4SPD16_eabi.lib : _printfi.c.obj (.text:_pconv_a)
                  00001350    000001d0                                   : _printfi.c.obj (.text:_pconv_g)
                  00001520    000001b6                                   : fd_add_t2.asm.obj (.text)
                  000016d6    00000002                                   : div0.asm.obj (.text)
                  000016d8    0000013c                                   : _printfi.c.obj (.text:_pconv_e)
                  00001814    00000136                                   : fd_div_t2.asm.obj (.text)
                  0000194a    00000002     --HOLE-- [fill = 0]
                  0000194c    00000124                                   : _printfi.c.obj (.text:fcvt)
                  00001a70    00000114                                   : fputs.c.obj (.text:fputs)
                  00001b84    00000110                                   : s_scalbn.c.obj (.text:scalbn)
                  00001c94    00000100                                   : memory.c.obj (.text:aligned_alloc)
                  00001d94    000000fc                                   : fd_mul_t2.asm.obj (.text)
                  00001e90    000000e4                                   : memory.c.obj (.text:free)
                  00001f74    000000dc                                   : setvbuf.c.obj (.text:setvbuf)
                  00002050    000000b1                                   : _printfi.c.obj (.text:_ltostr)
                  00002101    00000001     --HOLE-- [fill = 0]
                  00002102    0000009c                                   : memcpy_t2.asm.obj (.text)
                  0000219e    00000096                                   : ull_div_t2.asm.obj (.text)
                  00002234    00000094     systick.obj (.text)
                  000022c8    0000008c     rtsv7M4_T_le_v4SPD16_eabi.lib : fputc.c.obj (.text:fputc)
                  00002354    00000086                                   : fd_cmp_t2.asm.obj (.text:__aeabi_cdcmple)
                  000023da    00000086                                   : fd_cmp_t2.asm.obj (.text:__aeabi_cdrcmple)
                  00002460    0000007c                                   : fflush.c.obj (.text:fflush)
                  000024dc    0000007a                                   : memset_t2.asm.obj (.text)
                  00002556    00000002     --HOLE-- [fill = 0]
                  00002558    00000074                                   : fclose.c.obj (.text:__TI_closefile)
                  000025cc    00000070                                   : memory.c.obj (.text:split)
                  0000263c    0000006e                                   : _printfi.c.obj (.text:_mcpy)
                  000026aa    00000002     --HOLE-- [fill = 0]
                  000026ac    0000006c                                   : hostrename.c.obj (.text:HOSTrename)
                  00002718    00000068                                   : hostlseek.c.obj (.text:HOSTlseek)
                  00002780    00000068                                   : copy_decompress_lzss.c.obj (.text:decompress:lzss:__TI_decompress_lzss)
                  000027e8    00000068                                   : printf.c.obj (.text:printf)
                  00002850    00000064                                   : s_frexp.c.obj (.text:frexp)
                  000028b4    00000064                                   : fseek.c.obj (.text:fseek)
                  00002918    00000062                                   : _io_perm.c.obj (.text:__TI_wrt_ok)
                  0000297a    00000002     --HOLE-- [fill = 0]
                  0000297c    00000060                                   : hostopen.c.obj (.text:HOSTopen)
                  000029dc    0000005c                                   : close.c.obj (.text:close)
                  00002a38    00000058                                   : hostread.c.obj (.text:HOSTread)
                  00002a90    00000058                                   : hostwrite.c.obj (.text:HOSTwrite)
                  00002ae8    00000056                                   : _printfi.c.obj (.text:_pconv_f)
                  00002b3e    00000054                                   : _ltoa.c.obj (.text:__TI_ltoa)
                  00002b92    00000052                                   : _printfi.c.obj (.text:_ecpy)
                  00002be4    0000004c                                   : fflush.c.obj (.text:__TI_doflush)
                  00002c30    0000004c                                   : atoi.c.obj (.text:atoi)
                  00002c7c    00000048                                   : exit.c.obj (.text:exit)
                  00002cc4    00000048                                   : fd_toi_t2.asm.obj (.text)
                  00002d0c    00000044                                   : hostclose.c.obj (.text:HOSTclose)
                  00002d50    00000044                                   : hostunlink.c.obj (.text:HOSTunlink)
                  00002d94    00000044                                   : autoinit.c.obj (.text:__TI_auto_init_nobinit_nopinit:__TI_auto_init_nobinit_nopinit)
                  00002dd8    00000044                                   : getdevice.c.obj (.text:getdevice)
                  00002e1c    0000003e                                   : _printfi.c.obj (.text:_fcpy)
                  00002e5a    00000002     --HOLE-- [fill = 0]
                  00002e5c    00000038                                   : trgmsg.c.obj (.text:__TI_writemsg)
                  00002e94    00000036                                   : strncpy.c.obj (.text:strncpy)
                  00002eca    00000002     --HOLE-- [fill = 0]
                  00002ecc    00000034                                   : fopen.c.obj (.text:__TI_cleanup)
                  00002f00    00000034                                   : trgmsg.c.obj (.text:__TI_readmsg)
                  00002f34    00000034                                   : boot_cortex_m.c.obj (.text:_c_int00_noargs:_c_int00_noargs)
                  00002f68    00000030                                   : getdevice.c.obj (.text:finddevice)
                  00002f98    0000002e                                   : i_tofd_t2.asm.obj (.text)
                  00002fc6    00000002     --HOLE-- [fill = 0]
                  00002fc8    0000002c                                   : unlink.c.obj (.text:unlink)
                  00002ff4    00000028                                   : memory.c.obj (.text:free_list_insert)
                  0000301c    00000028                                   : lseek.c.obj (.text:lseek)
                  00003044    00000028                                   : write.c.obj (.text:write)
                  0000306c    00000020                                   : memchr.c.obj (.text:memchr)
                  0000308c    0000001c                                   : copy_zero_init.c.obj (.text:decompress:ZI:__TI_zero_init_nomemset:__TI_zero_init_nomemset)
                  000030a8    0000001c                                   : memory.c.obj (.text:free_list_remove)
                  000030c4    0000001c                                   : memccpy.c.obj (.text:memccpy)
                  000030e0    0000001a                                   : s_copysign.c.obj (.text:copysign)
                  000030fa    00000018                                   : strcmp.c.obj (.text:strcmp)
                  00003112    00000016                                   : strchr.c.obj (.text:strchr)
                  00003128    00000014                                   : strcpy.c.obj (.text:strcpy)
                  0000313c    00000014                                   : strlen.c.obj (.text:strlen)
                  00003150    00000012                                   : wcslen.c.obj (.text:wcslen)
                  00003162    0000000e                                   : copy_decompress_none.c.obj (.text:decompress:none:__TI_decompress_none)
                  00003170    0000000e     startup_msp432p401r_ccs.obj (.text)
                  0000317e    00000002     --HOLE-- [fill = 0]
                  00003180    00000008     rtsv7M4_T_le_v4SPD16_eabi.lib : errno.c.obj (.text:__aeabi_errno_addr)
                  00003188    00000008                                   : memory.c.obj (.text:malloc)
                  00003190    00000004                                   : printf.c.obj (.text:_outc)
                  00003194    00000004                                   : printf.c.obj (.text:_outs)
                  00003198    00000004                                   : pre_init.c.obj (.text:_system_pre_init)
                  0000319c    00000004                                   : exit.c.obj (.text:abort:abort)

.const     0    000031a0    00000101     
                  000031a0    00000101     rtsv7M4_T_le_v4SPD16_eabi.lib : ctype.c.obj (.const:.string:_ctypes_)

.cinit     0    000032a8    00000098     
                  000032a8    0000006e     (.cinit..data.load) [load image, compression = lzss]
                  00003316    00000002     --HOLE-- [fill = 0]
                  00003318    0000000c     (__TI_handler_table)
                  00003324    00000004     --HOLE-- [fill = 0]
                  00003328    00000008     (.cinit..bss.load) [load image, compression = zero_init]
                  00003330    00000010     (__TI_cinit_table)

.init_array 
*          0    00000000    00000000     UNINITIALIZED

.binit     0    00000000    00000000     

.sysmem    0    20000000    00000400     UNINITIALIZED
                  20000000    00000010     rtsv7M4_T_le_v4SPD16_eabi.lib : memory.c.obj (.sysmem)
                  20000010    000003f0     --HOLE--

.data      0    20000400    000001f0     UNINITIALIZED
                  20000400    000000f0     rtsv7M4_T_le_v4SPD16_eabi.lib : defs.c.obj (.data:_ftable)
                  200004f0    00000078                                   : host_device.c.obj (.data:_device)
                  20000568    00000050                                   : host_device.c.obj (.data:_stream)
                  200005b8    00000010                                   : defs.c.obj (.data)
                  200005c8    0000000c                                   : exit.c.obj (.data:$O1$$)
                  200005d4    00000008                                   : _lock.c.obj (.data:$O1$$)
                  200005dc    00000008                                   : memory.c.obj (.data:$O1$$)
                  200005e4    00000004     main.obj (.data)
                  200005e8    00000004     rtsv7M4_T_le_v4SPD16_eabi.lib : errno.c.obj (.data)
                  200005ec    00000004     system_msp432p401r.obj (.data)

.bss       0    200005f0    000001da     UNINITIALIZED
                  200005f0    00000120     rtsv7M4_T_le_v4SPD16_eabi.lib : trgmsg.c.obj (.bss:_CIOBUF_)
                  20000710    000000a0     (.common:__TI_tmpnams)
                  200007b0    00000008     (.common:parmbuf)
                  200007b8    00000004     (.common:CCW)
                  200007bc    00000004     (.common:CW)
                  200007c0    00000004     (.common:DTState)
                  200007c4    00000004     (.common:clkState)
                  200007c8    00000001     (.common:CCWflag)
                  200007c9    00000001     (.common:CWflag)

.stack     0    2000fe00    00000200     UNINITIALIZED
                  2000fe00    00000004     rtsv7M4_T_le_v4SPD16_eabi.lib : boot_cortex_m.c.obj (.stack)
                  2000fe04    000001fc     --HOLE--

__llvm_prf_cnts 
*          0    20000000    00000000     UNINITIALIZED

MODULE SUMMARY

       Module                        code    ro data   rw data
       ------                        ----    -------   -------
    ./
       system_msp432p401r.obj        820     0         8      
       main.obj                      632     0         44     
       startup_msp432p401r_ccs.obj   14      228       0      
       systick.obj                   148     0         0      
    +--+-----------------------------+-------+---------+---------+
       Total:                        1614    228       52     
                                                              
    /Applications/ti/ccs1040/ccs/tools/compiler/ti-cgt-arm_20.2.5.LTS/lib/rtsv7M4_T_le_v4SPD16_eabi.lib
       _printfi.c.obj                4851    0         0      
       defs.c.obj                    0       0         832    
       memory.c.obj                  672     0         16     
       trgmsg.c.obj                  108     0         576    
       fd_add_t2.asm.obj             438     0         0      
       host_device.c.obj             0       0         400    
       fd_div_t2.asm.obj             310     0         0      
       fputs.c.obj                   276     0         0      
       s_scalbn.c.obj                272     0         0      
       fd_cmp_t2.asm.obj             268     0         0      
       ctype.c.obj                   0       257       0      
       fd_mul_t2.asm.obj             252     0         0      
       setvbuf.c.obj                 220     0         0      
       fflush.c.obj                  200     0         0      
       memcpy_t2.asm.obj             156     0         0      
       ull_div_t2.asm.obj            150     0         0      
       fputc.c.obj                   140     0         0      
       memset_t2.asm.obj             122     0         0      
       fclose.c.obj                  116     0         0      
       getdevice.c.obj               116     0         0      
       hostopen.c.obj                96      0         16     
       printf.c.obj                  112     0         0      
       hostrename.c.obj              108     0         0      
       copy_decompress_lzss.c.obj    104     0         0      
       hostlseek.c.obj               104     0         0      
       exit.c.obj                    76      0         24     
       fseek.c.obj                   100     0         0      
       s_frexp.c.obj                 100     0         0      
       _io_perm.c.obj                98      0         0      
       close.c.obj                   92      0         0      
       hostread.c.obj                88      0         0      
       hostwrite.c.obj               88      0         0      
       _ltoa.c.obj                   84      0         0      
       atoi.c.obj                    76      0         0      
       fd_toi_t2.asm.obj             72      0         0      
       autoinit.c.obj                68      0         0      
       hostclose.c.obj               68      0         0      
       hostunlink.c.obj              68      0         0      
       strncpy.c.obj                 54      0         0      
       boot_cortex_m.c.obj           52      0         0      
       fopen.c.obj                   52      0         0      
       i_tofd_t2.asm.obj             46      0         0      
       unlink.c.obj                  44      0         0      
       lseek.c.obj                   40      0         0      
       write.c.obj                   40      0         0      
       memchr.c.obj                  32      0         0      
       copy_zero_init.c.obj          28      0         0      
       memccpy.c.obj                 28      0         0      
       s_copysign.c.obj              26      0         0      
       strcmp.c.obj                  24      0         0      
       strchr.c.obj                  22      0         0      
       strcpy.c.obj                  20      0         0      
       strlen.c.obj                  20      0         0      
       _lock.c.obj                   2       0         16     
       wcslen.c.obj                  18      0         0      
       errno.c.obj                   8       0         8      
       copy_decompress_none.c.obj    14      0         0      
       pre_init.c.obj                4       0         0      
       div0.asm.obj                  2       0         0      
    +--+-----------------------------+-------+---------+---------+
       Total:                        10845   257       1888   
                                                              
       Heap:                         0       0         2048   
       Stack:                        0       0         1024   
       Linker Generated:             0       146       0      
    +--+-----------------------------+-------+---------+---------+
       Grand Total:                  12459   631       5012   


LINKER GENERATED COPY TABLES

__TI_cinit_table @ 00003330 records: 2, size/record: 8, table size: 16
	.data: load addr=000032a8, load size=0000006e bytes, run addr=20000400, run size=000001f0 bytes, compression=lzss
	.bss: load addr=00003328, load size=00000008 bytes, run addr=200005f0, run size=000001da bytes, compression=zero_init


LINKER GENERATED HANDLER TABLE

__TI_handler_table @ 00003318 records: 3, size/record: 4, table size: 12
	index: 0, handler: __TI_decompress_lzss
	index: 1, handler: __TI_decompress_none
	index: 2, handler: __TI_zero_init


GLOBAL SYMBOLS: SORTED ALPHABETICALLY BY Name 

address   name                           
-------   ----                           
0000317d  ADC14_IRQHandler               
0000317d  AES256_IRQHandler              
0000317d  BusFault_Handler               
0000319d  C$$EXIT                        
00002e8b  C$$IO$$                        
200007b8  CCW                            
200007c8  CCWflag                        
0000317d  COMP_E0_IRQHandler             
0000317d  COMP_E1_IRQHandler             
0000317d  CS_IRQHandler                  
200007bc  CW                             
200007c9  CWflag                         
0000317d  DMA_ERR_IRQHandler             
0000317d  DMA_INT0_IRQHandler            
0000317d  DMA_INT1_IRQHandler            
0000317d  DMA_INT2_IRQHandler            
0000317d  DMA_INT3_IRQHandler            
200007c0  DTState                        
0000317d  DebugMon_Handler               
0000317d  Default_Handler                
0000317d  EUSCIA0_IRQHandler             
0000317d  EUSCIA1_IRQHandler             
0000317d  EUSCIA2_IRQHandler             
0000317d  EUSCIA3_IRQHandler             
0000317d  EUSCIB0_IRQHandler             
0000317d  EUSCIB1_IRQHandler             
0000317d  EUSCIB2_IRQHandler             
0000317d  EUSCIB3_IRQHandler             
0000317d  FLCTL_IRQHandler               
0000317d  FPU_IRQHandler                 
00002d0d  HOSTclose                      
00002719  HOSTlseek                      
0000297d  HOSTopen                       
00002a39  HOSTread                       
000026ad  HOSTrename                     
00002d51  HOSTunlink                     
00002a91  HOSTwrite                      
0000317d  HardFault_Handler              
0000317d  MemManage_Handler              
0000317d  NMI_Handler                    
0000317d  PCM_IRQHandler                 
0000317d  PORT1_IRQHandler               
00000f93  PORT2_IRQHandler               
00000f93  PORT2_IRQHandler               
0000317d  PORT3_IRQHandler               
0000317d  PORT4_IRQHandler               
0000317d  PORT5_IRQHandler               
0000317d  PORT6_IRQHandler               
0000317d  PSS_IRQHandler                 
0000317d  PendSV_Handler                 
0000317d  RTC_C_IRQHandler               
00003171  Reset_Handler                  
0000317d  SVC_Handler                    
0000317d  SysTick_Handler                
200005ec  SystemCoreClock                
00000b35  SystemCoreClockUpdate          
00000dad  SystemInit                     
0000317d  T32_INT1_IRQHandler            
0000317d  T32_INT2_IRQHandler            
0000317d  T32_INTC_IRQHandler            
0000317d  TA0_0_IRQHandler               
00000f19  TA0_N_IRQHandler               
00000f19  TA0_N_IRQHandler               
0000317d  TA1_0_IRQHandler               
0000317d  TA1_N_IRQHandler               
0000317d  TA2_0_IRQHandler               
0000317d  TA2_N_IRQHandler               
0000317d  TA3_0_IRQHandler               
0000317d  TA3_N_IRQHandler               
0000317d  UsageFault_Handler             
4000480c  WDTCTL_SYM                     
0000317d  WDT_A_IRQHandler               
200005f0  __CIOBUF_                      
20010000  __STACK_END                    
00000200  __STACK_SIZE                   
00000400  __SYSMEM_SIZE                  
00003330  __TI_CINIT_Base                
00003340  __TI_CINIT_Limit               
00003318  __TI_Handler_Table_Base        
00003324  __TI_Handler_Table_Limit       
00002d95  __TI_auto_init_nobinit_nopinit 
00002ecd  __TI_cleanup                   
200005c8  __TI_cleanup_ptr               
00002559  __TI_closefile                 
00002781  __TI_decompress_lzss           
00003163  __TI_decompress_none           
00002be5  __TI_doflush                   
200005cc  __TI_dtors_ptr                 
200005d0  __TI_enable_exit_profile_output
200005b8  __TI_ft_end                    
00002b3f  __TI_ltoa                      
ffffffff  __TI_pprof_out_hndl            
000000e5  __TI_printfi                   
ffffffff  __TI_prof_data_size            
ffffffff  __TI_prof_data_start           
00002f01  __TI_readmsg                   
00000000  __TI_static_base__             
20000710  __TI_tmpnams                   
00002e5d  __TI_writemsg                  
00002919  __TI_wrt_ok                    
0000308d  __TI_zero_init_nomemset        
00002355  __aeabi_cdcmpeq                
00002355  __aeabi_cdcmple                
000023db  __aeabi_cdrcmple               
00002cc5  __aeabi_d2iz                   
0000152b  __aeabi_dadd                   
00001815  __aeabi_ddiv                   
00001d95  __aeabi_dmul                   
00001521  __aeabi_dsub                   
00003181  __aeabi_errno_addr             
00002f99  __aeabi_i2d                    
000016d7  __aeabi_idiv0                  
000016d7  __aeabi_ldiv0                  
000024dd  __aeabi_memclr                 
000024dd  __aeabi_memclr4                
000024dd  __aeabi_memclr8                
00002103  __aeabi_memcpy                 
00002103  __aeabi_memcpy4                
00002103  __aeabi_memcpy8                
000024df  __aeabi_memset                 
000024df  __aeabi_memset4                
000024df  __aeabi_memset8                
200005c4  __aeabi_stderr                 
200005bc  __aeabi_stdin                  
200005c0  __aeabi_stdout                 
0000219f  __aeabi_uldivmod               
ffffffff  __binit__                      
ffffffff  __c_args__                     
UNDEFED   __mpu_init                     
2000fe00  __stack                        
20000000  __start___llvm_prf_cnts        
20000000  __stop___llvm_prf_cnts         
00002f35  _c_int00_noargs                
000031a0  _ctypes_                       
200004f0  _device                        
20000400  _ftable                        
200005d4  _lock                          
00000b33  _nop                           
20000568  _stream                        
20000000  _sys_memory                    
UNDEFED   _system_post_cinit             
00003199  _system_pre_init               
200005d8  _unlock                        
0000319d  abort                          
00001c95  aligned_alloc                  
00002c31  atoi                           
ffffffff  binit                          
200005e4  btn1Flag                       
200007c4  clkState                       
000029dd  close                          
000030e1  copysign                       
000030e1  copysignl                      
00000fd1  debounceBtn1                   
200005e8  errno                          
00002c7d  exit                           
00002461  fflush                         
00002f69  finddevice                     
000022c9  fputc                          
00001a71  fputs                          
00001e91  free                           
00002851  frexp                          
00002851  frexpl                         
000028b5  fseek                          
00002dd9  getdevice                      
00001027  gpioSetup                      
00002251  intSysTickSetup                
00000000  interruptVectors               
00001b85  ldexp                          
00001b85  ldexpl                         
0000301d  lseek                          
00000e69  main                           
00003189  malloc                         
00001c95  memalign                       
000030c5  memccpy                        
0000306d  memchr                         
00002103  memcpy                         
000024e5  memset                         
0000226b  msDelay                        
200007b0  parmbuf                        
000027e9  printf                         
000022c9  putc                           
00002fc9  remove                         
00001b85  scalbn                         
00001b85  scalbnl                        
00000ffd  setupTimerA                    
00001f75  setvbuf                        
00003113  strchr                         
000030fb  strcmp                         
00003129  strcpy                         
0000313d  strlen                         
00002e95  strncpy                        
00002235  sysTickSetup                   
00002fc9  unlink                         
00002295  usDelay                        
00003151  wcslen                         
00003045  write                          


GLOBAL SYMBOLS: SORTED BY Symbol Address 

address   name                           
-------   ----                           
00000000  __TI_static_base__             
00000000  interruptVectors               
000000e5  __TI_printfi                   
00000200  __STACK_SIZE                   
00000400  __SYSMEM_SIZE                  
00000b33  _nop                           
00000b35  SystemCoreClockUpdate          
00000dad  SystemInit                     
00000e69  main                           
00000f19  TA0_N_IRQHandler               
00000f19  TA0_N_IRQHandler               
00000f93  PORT2_IRQHandler               
00000f93  PORT2_IRQHandler               
00000fd1  debounceBtn1                   
00000ffd  setupTimerA                    
00001027  gpioSetup                      
00001521  __aeabi_dsub                   
0000152b  __aeabi_dadd                   
000016d7  __aeabi_idiv0                  
000016d7  __aeabi_ldiv0                  
00001815  __aeabi_ddiv                   
00001a71  fputs                          
00001b85  ldexp                          
00001b85  ldexpl                         
00001b85  scalbn                         
00001b85  scalbnl                        
00001c95  aligned_alloc                  
00001c95  memalign                       
00001d95  __aeabi_dmul                   
00001e91  free                           
00001f75  setvbuf                        
00002103  __aeabi_memcpy                 
00002103  __aeabi_memcpy4                
00002103  __aeabi_memcpy8                
00002103  memcpy                         
0000219f  __aeabi_uldivmod               
00002235  sysTickSetup                   
00002251  intSysTickSetup                
0000226b  msDelay                        
00002295  usDelay                        
000022c9  fputc                          
000022c9  putc                           
00002355  __aeabi_cdcmpeq                
00002355  __aeabi_cdcmple                
000023db  __aeabi_cdrcmple               
00002461  fflush                         
000024dd  __aeabi_memclr                 
000024dd  __aeabi_memclr4                
000024dd  __aeabi_memclr8                
000024df  __aeabi_memset                 
000024df  __aeabi_memset4                
000024df  __aeabi_memset8                
000024e5  memset                         
00002559  __TI_closefile                 
000026ad  HOSTrename                     
00002719  HOSTlseek                      
00002781  __TI_decompress_lzss           
000027e9  printf                         
00002851  frexp                          
00002851  frexpl                         
000028b5  fseek                          
00002919  __TI_wrt_ok                    
0000297d  HOSTopen                       
000029dd  close                          
00002a39  HOSTread                       
00002a91  HOSTwrite                      
00002b3f  __TI_ltoa                      
00002be5  __TI_doflush                   
00002c31  atoi                           
00002c7d  exit                           
00002cc5  __aeabi_d2iz                   
00002d0d  HOSTclose                      
00002d51  HOSTunlink                     
00002d95  __TI_auto_init_nobinit_nopinit 
00002dd9  getdevice                      
00002e5d  __TI_writemsg                  
00002e8b  C$$IO$$                        
00002e95  strncpy                        
00002ecd  __TI_cleanup                   
00002f01  __TI_readmsg                   
00002f35  _c_int00_noargs                
00002f69  finddevice                     
00002f99  __aeabi_i2d                    
00002fc9  remove                         
00002fc9  unlink                         
0000301d  lseek                          
00003045  write                          
0000306d  memchr                         
0000308d  __TI_zero_init_nomemset        
000030c5  memccpy                        
000030e1  copysign                       
000030e1  copysignl                      
000030fb  strcmp                         
00003113  strchr                         
00003129  strcpy                         
0000313d  strlen                         
00003151  wcslen                         
00003163  __TI_decompress_none           
00003171  Reset_Handler                  
0000317d  ADC14_IRQHandler               
0000317d  AES256_IRQHandler              
0000317d  BusFault_Handler               
0000317d  COMP_E0_IRQHandler             
0000317d  COMP_E1_IRQHandler             
0000317d  CS_IRQHandler                  
0000317d  DMA_ERR_IRQHandler             
0000317d  DMA_INT0_IRQHandler            
0000317d  DMA_INT1_IRQHandler            
0000317d  DMA_INT2_IRQHandler            
0000317d  DMA_INT3_IRQHandler            
0000317d  DebugMon_Handler               
0000317d  Default_Handler                
0000317d  EUSCIA0_IRQHandler             
0000317d  EUSCIA1_IRQHandler             
0000317d  EUSCIA2_IRQHandler             
0000317d  EUSCIA3_IRQHandler             
0000317d  EUSCIB0_IRQHandler             
0000317d  EUSCIB1_IRQHandler             
0000317d  EUSCIB2_IRQHandler             
0000317d  EUSCIB3_IRQHandler             
0000317d  FLCTL_IRQHandler               
0000317d  FPU_IRQHandler                 
0000317d  HardFault_Handler              
0000317d  MemManage_Handler              
0000317d  NMI_Handler                    
0000317d  PCM_IRQHandler                 
0000317d  PORT1_IRQHandler               
0000317d  PORT3_IRQHandler               
0000317d  PORT4_IRQHandler               
0000317d  PORT5_IRQHandler               
0000317d  PORT6_IRQHandler               
0000317d  PSS_IRQHandler                 
0000317d  PendSV_Handler                 
0000317d  RTC_C_IRQHandler               
0000317d  SVC_Handler                    
0000317d  SysTick_Handler                
0000317d  T32_INT1_IRQHandler            
0000317d  T32_INT2_IRQHandler            
0000317d  T32_INTC_IRQHandler            
0000317d  TA0_0_IRQHandler               
0000317d  TA1_0_IRQHandler               
0000317d  TA1_N_IRQHandler               
0000317d  TA2_0_IRQHandler               
0000317d  TA2_N_IRQHandler               
0000317d  TA3_0_IRQHandler               
0000317d  TA3_N_IRQHandler               
0000317d  UsageFault_Handler             
0000317d  WDT_A_IRQHandler               
00003181  __aeabi_errno_addr             
00003189  malloc                         
00003199  _system_pre_init               
0000319d  C$$EXIT                        
0000319d  abort                          
000031a0  _ctypes_                       
00003318  __TI_Handler_Table_Base        
00003324  __TI_Handler_Table_Limit       
00003330  __TI_CINIT_Base                
00003340  __TI_CINIT_Limit               
20000000  __start___llvm_prf_cnts        
20000000  __stop___llvm_prf_cnts         
20000000  _sys_memory                    
20000400  _ftable                        
200004f0  _device                        
20000568  _stream                        
200005b8  __TI_ft_end                    
200005bc  __aeabi_stdin                  
200005c0  __aeabi_stdout                 
200005c4  __aeabi_stderr                 
200005c8  __TI_cleanup_ptr               
200005cc  __TI_dtors_ptr                 
200005d0  __TI_enable_exit_profile_output
200005d4  _lock                          
200005d8  _unlock                        
200005e4  btn1Flag                       
200005e8  errno                          
200005ec  SystemCoreClock                
200005f0  __CIOBUF_                      
20000710  __TI_tmpnams                   
200007b0  parmbuf                        
200007b8  CCW                            
200007bc  CW                             
200007c0  DTState                        
200007c4  clkState                       
200007c8  CCWflag                        
200007c9  CWflag                         
2000fe00  __stack                        
20010000  __STACK_END                    
4000480c  WDTCTL_SYM                     
ffffffff  __TI_pprof_out_hndl            
ffffffff  __TI_prof_data_size            
ffffffff  __TI_prof_data_start           
ffffffff  __binit__                      
ffffffff  __c_args__                     
ffffffff  binit                          
UNDEFED   __mpu_init                     
UNDEFED   _system_post_cinit             

[196 symbols]
