******************************************************************************
                  TI ARM Linker Unix v20.2.5                   
******************************************************************************
>> Linked Fri Dec 10 10:01:28 2021

OUTPUT FILE NAME:   <L3_P1_Capture_Compare.out>
ENTRY POINT SYMBOL: "_c_int00_noargs"  address: 000009e1


MEMORY CONFIGURATION

         name            origin    length      used     unused   attr    fill
----------------------  --------  ---------  --------  --------  ----  --------
  MAIN                  00000000   00040000  00000aa4  0003f55c  R  X
  INFO                  00200000   00004000  00000000  00004000  R  X
  SRAM_CODE             01000000   00010000  0000021b  0000fde5  RW X
  SRAM_DATA             20000000   00010000  0000021b  0000fde5  RW  


SEGMENT ALLOCATION MAP

run origin  load origin   length   init length attrs members
----------  ----------- ---------- ----------- ----- -------
00000000    00000000    00000aa8   00000aa8    r-x
  00000000    00000000    000000e4   000000e4    r-- .intvecs
  000000e4    000000e4    00000990   00000990    r-x .text
  00000a78    00000a78    00000030   00000030    r-- .cinit
20000000    20000000    0000001c   00000000    rw-
  20000000    20000000    00000017   00000000    rw- .bss
  20000018    20000018    00000004   00000000    rw- .data
2000fe00    2000fe00    00000200   00000000    rw-
  2000fe00    2000fe00    00000200   00000000    rw- .stack


SECTION ALLOCATION MAP

 output                                  attributes/
section   page    origin      length       input sections
--------  ----  ----------  ----------   ----------------
.intvecs   0    00000000    000000e4     
                  00000000    000000e4     startup_msp432p401r_ccs.obj (.intvecs:retain)

.text      0    000000e4    00000990     
                  000000e4    00000334     system_msp432p401r.obj (.text)
                  00000418    000001b8     main.obj (.text)
                  000005d0    00000136     rtsv7M4_T_le_v4SPD16_eabi.lib : fd_div_t2.asm.obj (.text)
                  00000706    000000fc                                   : fd_mul_t2.asm.obj (.text)
                  00000802    0000009c                                   : memcpy_t2.asm.obj (.text)
                  0000089e    00000002     --HOLE-- [fill = 0]
                  000008a0    00000094     systick.obj (.text)
                  00000934    00000068     rtsv7M4_T_le_v4SPD16_eabi.lib : copy_decompress_lzss.c.obj (.text:decompress:lzss:__TI_decompress_lzss)
                  0000099c    00000044                                   : autoinit.c.obj (.text:__TI_auto_init_nobinit_nopinit:__TI_auto_init_nobinit_nopinit)
                  000009e0    00000034                                   : boot_cortex_m.c.obj (.text:_c_int00_noargs:_c_int00_noargs)
                  00000a14    00000020                                   : u_tofd_t2.asm.obj (.text)
                  00000a34    0000001c                                   : copy_zero_init.c.obj (.text:decompress:ZI:__TI_zero_init_nomemset:__TI_zero_init_nomemset)
                  00000a50    0000000e                                   : copy_decompress_none.c.obj (.text:decompress:none:__TI_decompress_none)
                  00000a5e    0000000e     startup_msp432p401r_ccs.obj (.text)
                  00000a6c    00000004     rtsv7M4_T_le_v4SPD16_eabi.lib : pre_init.c.obj (.text:_system_pre_init)
                  00000a70    00000004                                   : exit.c.obj (.text:abort:abort)

.cinit     0    00000a78    00000030     
                  00000a78    0000000c     (__TI_handler_table)
                  00000a84    00000004     --HOLE-- [fill = 0]
                  00000a88    00000008     (.cinit..bss.load) [load image, compression = zero_init]
                  00000a90    00000008     (.cinit..data.load) [load image, compression = lzss]
                  00000a98    00000010     (__TI_cinit_table)

.init_array 
*          0    00000000    00000000     UNINITIALIZED

.binit     0    00000000    00000000     

.bss       0    20000000    00000017     UNINITIALIZED
                  20000000    00000008     (.common:distCentimeter)
                  20000008    00000008     (.common:distMilli)
                  20000010    00000002     (.common:currentEdge)
                  20000012    00000002     (.common:deltaCycles)
                  20000014    00000002     (.common:lastEdge)
                  20000016    00000001     (.common:printFlag)

.data      0    20000018    00000004     UNINITIALIZED
                  20000018    00000004     system_msp432p401r.obj (.data)

.stack     0    2000fe00    00000200     UNINITIALIZED
                  2000fe00    00000004     rtsv7M4_T_le_v4SPD16_eabi.lib : boot_cortex_m.c.obj (.stack)
                  2000fe04    000001fc     --HOLE--

__llvm_prf_cnts 
*          0    20000000    00000000     UNINITIALIZED

MODULE SUMMARY

       Module                        code   ro data   rw data
       ------                        ----   -------   -------
    ./
       system_msp432p401r.obj        820    0         8      
       main.obj                      440    0         46     
       startup_msp432p401r_ccs.obj   14     228       0      
       systick.obj                   148    0         0      
    +--+-----------------------------+------+---------+---------+
       Total:                        1422   228       54     
                                                             
    /Applications/ti/ccs1040/ccs/tools/compiler/ti-cgt-arm_20.2.5.LTS/lib/rtsv7M4_T_le_v4SPD16_eabi.lib
       fd_div_t2.asm.obj             310    0         0      
       fd_mul_t2.asm.obj             252    0         0      
       memcpy_t2.asm.obj             156    0         0      
       copy_decompress_lzss.c.obj    104    0         0      
       autoinit.c.obj                68     0         0      
       boot_cortex_m.c.obj           52     0         0      
       u_tofd_t2.asm.obj             32     0         0      
       copy_zero_init.c.obj          28     0         0      
       copy_decompress_none.c.obj    14     0         0      
       exit.c.obj                    4      0         0      
       pre_init.c.obj                4      0         0      
    +--+-----------------------------+------+---------+---------+
       Total:                        1024   0         0      
                                                             
       Stack:                        0      0         1024   
       Linker Generated:             0      44        0      
    +--+-----------------------------+------+---------+---------+
       Grand Total:                  2446   272       1078   


LINKER GENERATED COPY TABLES

__TI_cinit_table @ 00000a98 records: 2, size/record: 8, table size: 16
	.bss: load addr=00000a88, load size=00000008 bytes, run addr=20000000, run size=00000017 bytes, compression=zero_init
	.data: load addr=00000a90, load size=00000008 bytes, run addr=20000018, run size=00000004 bytes, compression=lzss


LINKER GENERATED HANDLER TABLE

__TI_handler_table @ 00000a78 records: 3, size/record: 4, table size: 12
	index: 0, handler: __TI_decompress_lzss
	index: 1, handler: __TI_decompress_none
	index: 2, handler: __TI_zero_init


GLOBAL SYMBOLS: SORTED ALPHABETICALLY BY Name 

address   name                          
-------   ----                          
00000a6b  ADC14_IRQHandler              
00000a6b  AES256_IRQHandler             
00000a6b  BusFault_Handler              
00000a71  C$$EXIT                       
00000a6b  COMP_E0_IRQHandler            
00000a6b  COMP_E1_IRQHandler            
00000a6b  CS_IRQHandler                 
00000a6b  DMA_ERR_IRQHandler            
00000a6b  DMA_INT0_IRQHandler           
00000a6b  DMA_INT1_IRQHandler           
00000a6b  DMA_INT2_IRQHandler           
00000a6b  DMA_INT3_IRQHandler           
00000a6b  DebugMon_Handler              
00000a6b  Default_Handler               
00000a6b  EUSCIA0_IRQHandler            
00000a6b  EUSCIA1_IRQHandler            
00000a6b  EUSCIA2_IRQHandler            
00000a6b  EUSCIA3_IRQHandler            
00000a6b  EUSCIB0_IRQHandler            
00000a6b  EUSCIB1_IRQHandler            
00000a6b  EUSCIB2_IRQHandler            
00000a6b  EUSCIB3_IRQHandler            
00000a6b  FLCTL_IRQHandler              
00000a6b  FPU_IRQHandler                
00000a6b  HardFault_Handler             
00000a6b  MemManage_Handler             
00000a6b  NMI_Handler                   
00000a6b  PCM_IRQHandler                
00000a6b  PORT1_IRQHandler              
00000a6b  PORT2_IRQHandler              
00000a6b  PORT3_IRQHandler              
00000a6b  PORT4_IRQHandler              
00000a6b  PORT5_IRQHandler              
00000a6b  PORT6_IRQHandler              
00000a6b  PSS_IRQHandler                
00000a6b  PendSV_Handler                
00000a6b  RTC_C_IRQHandler              
00000a5f  Reset_Handler                 
00000a6b  SVC_Handler                   
0000051d  SysTick_Handler               
0000051d  SysTick_Handler               
20000018  SystemCoreClock               
000000e5  SystemCoreClockUpdate         
0000035d  SystemInit                    
00000a6b  T32_INT1_IRQHandler           
00000a6b  T32_INT2_IRQHandler           
00000a6b  T32_INTC_IRQHandler           
00000a6b  TA0_0_IRQHandler              
00000a6b  TA0_N_IRQHandler              
00000a6b  TA1_0_IRQHandler              
00000a6b  TA1_N_IRQHandler              
00000a6b  TA2_0_IRQHandler              
00000a6b  TA2_N_IRQHandler              
00000a6b  TA3_0_IRQHandler              
0000044d  TA3_N_IRQHandler              
0000044d  TA3_N_IRQHandler              
00000a6b  UsageFault_Handler            
4000480c  WDTCTL_SYM                    
00000a6b  WDT_A_IRQHandler              
20010000  __STACK_END                   
00000200  __STACK_SIZE                  
00000a98  __TI_CINIT_Base               
00000aa8  __TI_CINIT_Limit              
00000a78  __TI_Handler_Table_Base       
00000a84  __TI_Handler_Table_Limit      
0000099d  __TI_auto_init_nobinit_nopinit
00000935  __TI_decompress_lzss          
00000a51  __TI_decompress_none          
ffffffff  __TI_pprof_out_hndl           
ffffffff  __TI_prof_data_size           
ffffffff  __TI_prof_data_start          
00000000  __TI_static_base__            
00000a35  __TI_zero_init_nomemset       
000005d1  __aeabi_ddiv                  
00000707  __aeabi_dmul                  
00000803  __aeabi_memcpy                
00000803  __aeabi_memcpy4               
00000803  __aeabi_memcpy8               
00000a15  __aeabi_ui2d                  
ffffffff  __binit__                     
ffffffff  __c_args__                    
UNDEFED   __mpu_init                    
2000fe00  __stack                       
20000000  __start___llvm_prf_cnts       
20000000  __stop___llvm_prf_cnts        
000009e1  _c_int00_noargs               
UNDEFED   _system_post_cinit            
00000a6d  _system_pre_init              
00000a71  abort                         
ffffffff  binit                         
20000010  currentEdge                   
20000012  deltaCycles                   
20000000  distCentimeter                
20000008  distMilli                     
00000525  gpioSetup                     
000008bd  intSysTickSetup               
00000000  interruptVectors              
20000014  lastEdge                      
00000419  main                          
00000803  memcpy                        
000008d7  msDelay                       
20000016  printFlag                     
000004db  sampleDistance                
000004e3  setTrigger                    
00000509  setupTimerA                   
000008a1  sysTickSetup                  
00000901  usDelay                       


GLOBAL SYMBOLS: SORTED BY Symbol Address 

address   name                          
-------   ----                          
00000000  __TI_static_base__            
00000000  interruptVectors              
000000e5  SystemCoreClockUpdate         
00000200  __STACK_SIZE                  
0000035d  SystemInit                    
00000419  main                          
0000044d  TA3_N_IRQHandler              
0000044d  TA3_N_IRQHandler              
000004db  sampleDistance                
000004e3  setTrigger                    
00000509  setupTimerA                   
0000051d  SysTick_Handler               
0000051d  SysTick_Handler               
00000525  gpioSetup                     
000005d1  __aeabi_ddiv                  
00000707  __aeabi_dmul                  
00000803  __aeabi_memcpy                
00000803  __aeabi_memcpy4               
00000803  __aeabi_memcpy8               
00000803  memcpy                        
000008a1  sysTickSetup                  
000008bd  intSysTickSetup               
000008d7  msDelay                       
00000901  usDelay                       
00000935  __TI_decompress_lzss          
0000099d  __TI_auto_init_nobinit_nopinit
000009e1  _c_int00_noargs               
00000a15  __aeabi_ui2d                  
00000a35  __TI_zero_init_nomemset       
00000a51  __TI_decompress_none          
00000a5f  Reset_Handler                 
00000a6b  ADC14_IRQHandler              
00000a6b  AES256_IRQHandler             
00000a6b  BusFault_Handler              
00000a6b  COMP_E0_IRQHandler            
00000a6b  COMP_E1_IRQHandler            
00000a6b  CS_IRQHandler                 
00000a6b  DMA_ERR_IRQHandler            
00000a6b  DMA_INT0_IRQHandler           
00000a6b  DMA_INT1_IRQHandler           
00000a6b  DMA_INT2_IRQHandler           
00000a6b  DMA_INT3_IRQHandler           
00000a6b  DebugMon_Handler              
00000a6b  Default_Handler               
00000a6b  EUSCIA0_IRQHandler            
00000a6b  EUSCIA1_IRQHandler            
00000a6b  EUSCIA2_IRQHandler            
00000a6b  EUSCIA3_IRQHandler            
00000a6b  EUSCIB0_IRQHandler            
00000a6b  EUSCIB1_IRQHandler            
00000a6b  EUSCIB2_IRQHandler            
00000a6b  EUSCIB3_IRQHandler            
00000a6b  FLCTL_IRQHandler              
00000a6b  FPU_IRQHandler                
00000a6b  HardFault_Handler             
00000a6b  MemManage_Handler             
00000a6b  NMI_Handler                   
00000a6b  PCM_IRQHandler                
00000a6b  PORT1_IRQHandler              
00000a6b  PORT2_IRQHandler              
00000a6b  PORT3_IRQHandler              
00000a6b  PORT4_IRQHandler              
00000a6b  PORT5_IRQHandler              
00000a6b  PORT6_IRQHandler              
00000a6b  PSS_IRQHandler                
00000a6b  PendSV_Handler                
00000a6b  RTC_C_IRQHandler              
00000a6b  SVC_Handler                   
00000a6b  T32_INT1_IRQHandler           
00000a6b  T32_INT2_IRQHandler           
00000a6b  T32_INTC_IRQHandler           
00000a6b  TA0_0_IRQHandler              
00000a6b  TA0_N_IRQHandler              
00000a6b  TA1_0_IRQHandler              
00000a6b  TA1_N_IRQHandler              
00000a6b  TA2_0_IRQHandler              
00000a6b  TA2_N_IRQHandler              
00000a6b  TA3_0_IRQHandler              
00000a6b  UsageFault_Handler            
00000a6b  WDT_A_IRQHandler              
00000a6d  _system_pre_init              
00000a71  C$$EXIT                       
00000a71  abort                         
00000a78  __TI_Handler_Table_Base       
00000a84  __TI_Handler_Table_Limit      
00000a98  __TI_CINIT_Base               
00000aa8  __TI_CINIT_Limit              
20000000  __start___llvm_prf_cnts       
20000000  __stop___llvm_prf_cnts        
20000000  distCentimeter                
20000008  distMilli                     
20000010  currentEdge                   
20000012  deltaCycles                   
20000014  lastEdge                      
20000016  printFlag                     
20000018  SystemCoreClock               
2000fe00  __stack                       
20010000  __STACK_END                   
4000480c  WDTCTL_SYM                    
ffffffff  __TI_pprof_out_hndl           
ffffffff  __TI_prof_data_size           
ffffffff  __TI_prof_data_start          
ffffffff  __binit__                     
ffffffff  __c_args__                    
ffffffff  binit                         
UNDEFED   __mpu_init                    
UNDEFED   _system_post_cinit            

[107 symbols]
