******************************************************************************
                  TI ARM Linker Unix v20.2.5                   
******************************************************************************
>> Linked Fri Sep 10 12:03:46 2021

OUTPUT FILE NAME:   <L1_P1_Button_RGB_Sequence.out>
ENTRY POINT SYMBOL: "_c_int00_noargs"  address: 00000801


MEMORY CONFIGURATION

         name            origin    length      used     unused   attr    fill
----------------------  --------  ---------  --------  --------  ----  --------
  MAIN                  00000000   00040000  00000878  0003f788  R  X
  INFO                  00200000   00004000  00000000  00004000  R  X
  SRAM_CODE             01000000   00010000  00000209  0000fdf7  RW X
  SRAM_DATA             20000000   00010000  00000209  0000fdf7  RW  


SEGMENT ALLOCATION MAP

run origin  load origin   length   init length attrs members
----------  ----------- ---------- ----------- ----- -------
00000000    00000000    00000878   00000878    r-x
  00000000    00000000    000000e4   000000e4    r-- .intvecs
  000000e4    000000e4    00000774   00000774    r-x .text
  00000858    00000858    00000020   00000020    r-- .cinit
20000000    20000000    00000009   00000000    rw-
  20000000    20000000    00000009   00000000    rw- .data
2000fe00    2000fe00    00000200   00000000    rw-
  2000fe00    2000fe00    00000200   00000000    rw- .stack


SECTION ALLOCATION MAP

 output                                  attributes/
section   page    origin      length       input sections
--------  ----  ----------  ----------   ----------------
.intvecs   0    00000000    000000e4     
                  00000000    000000e4     startup_msp432p401r_ccs.obj (.intvecs:retain)

.text      0    000000e4    00000774     
                  000000e4    00000334     system_msp432p401r.obj (.text)
                  00000418    00000138     main.obj (.text)
                  00000550    000000d0     leds.obj (.text)
                  00000620    0000009c     rtsv7M4_T_le_v4SPD16_eabi.lib : memcpy_t2.asm.obj (.text)
                  000006bc    00000098     systick.obj (.text)
                  00000754    00000068     rtsv7M4_T_le_v4SPD16_eabi.lib : copy_decompress_lzss.c.obj (.text:decompress:lzss:__TI_decompress_lzss)
                  000007bc    00000044                                   : autoinit.c.obj (.text:__TI_auto_init_nobinit_nopinit:__TI_auto_init_nobinit_nopinit)
                  00000800    00000034                                   : boot_cortex_m.c.obj (.text:_c_int00_noargs:_c_int00_noargs)
                  00000834    0000000e                                   : copy_decompress_none.c.obj (.text:decompress:none:__TI_decompress_none)
                  00000842    0000000e     startup_msp432p401r_ccs.obj (.text)
                  00000850    00000004     rtsv7M4_T_le_v4SPD16_eabi.lib : pre_init.c.obj (.text:_system_pre_init)
                  00000854    00000004                                   : exit.c.obj (.text:abort:abort)

.cinit     0    00000858    00000020     
                  00000858    0000000e     (.cinit..data.load) [load image, compression = lzss]
                  00000866    00000002     --HOLE-- [fill = 0]
                  00000868    00000008     (__TI_handler_table)
                  00000870    00000008     (__TI_cinit_table)

.init_array 
*          0    00000000    00000000     UNINITIALIZED

.binit     0    00000000    00000000     

.data      0    20000000    00000009     UNINITIALIZED
                  20000000    00000004     main.obj (.data)
                  20000004    00000004     system_msp432p401r.obj (.data)
                  20000008    00000001     leds.obj (.data)

.stack     0    2000fe00    00000200     UNINITIALIZED
                  2000fe00    00000004     rtsv7M4_T_le_v4SPD16_eabi.lib : boot_cortex_m.c.obj (.stack)
                  2000fe04    000001fc     --HOLE--

__llvm_prf_cnts 
*          0    20000000    00000000     UNINITIALIZED

MODULE SUMMARY

       Module                        code   ro data   rw data
       ------                        ----   -------   -------
    ./
       system_msp432p401r.obj        820    0         8      
       main.obj                      312    0         8      
       startup_msp432p401r_ccs.obj   14     228       0      
       leds.obj                      208    0         2      
       systick.obj                   152    0         0      
    +--+-----------------------------+------+---------+---------+
       Total:                        1506   228       18     
                                                             
    /Applications/ti/ccs1040/ccs/tools/compiler/ti-cgt-arm_20.2.5.LTS/lib/rtsv7M4_T_le_v4SPD16_eabi.lib
       memcpy_t2.asm.obj             156    0         0      
       copy_decompress_lzss.c.obj    104    0         0      
       autoinit.c.obj                68     0         0      
       boot_cortex_m.c.obj           52     0         0      
       copy_decompress_none.c.obj    14     0         0      
       exit.c.obj                    4      0         0      
       pre_init.c.obj                4      0         0      
    +--+-----------------------------+------+---------+---------+
       Total:                        402    0         0      
                                                             
       Stack:                        0      0         1024   
       Linker Generated:             0      30        0      
    +--+-----------------------------+------+---------+---------+
       Grand Total:                  1908   258       1042   


LINKER GENERATED COPY TABLES

__TI_cinit_table @ 00000870 records: 1, size/record: 8, table size: 8
	.data: load addr=00000858, load size=0000000e bytes, run addr=20000000, run size=00000009 bytes, compression=lzss


LINKER GENERATED HANDLER TABLE

__TI_handler_table @ 00000868 records: 2, size/record: 4, table size: 8
	index: 0, handler: __TI_decompress_lzss
	index: 1, handler: __TI_decompress_none


GLOBAL SYMBOLS: SORTED ALPHABETICALLY BY Name 

address   name                          
-------   ----                          
0000084f  ADC14_IRQHandler              
0000084f  AES256_IRQHandler             
0000084f  BusFault_Handler              
00000855  C$$EXIT                       
0000084f  COMP_E0_IRQHandler            
0000084f  COMP_E1_IRQHandler            
0000084f  CS_IRQHandler                 
0000084f  DMA_ERR_IRQHandler            
0000084f  DMA_INT0_IRQHandler           
0000084f  DMA_INT1_IRQHandler           
0000084f  DMA_INT2_IRQHandler           
0000084f  DMA_INT3_IRQHandler           
0000084f  DebugMon_Handler              
0000084f  Default_Handler               
0000084f  EUSCIA0_IRQHandler            
0000084f  EUSCIA1_IRQHandler            
0000084f  EUSCIA2_IRQHandler            
0000084f  EUSCIA3_IRQHandler            
0000084f  EUSCIB0_IRQHandler            
0000084f  EUSCIB1_IRQHandler            
0000084f  EUSCIB2_IRQHandler            
0000084f  EUSCIB3_IRQHandler            
0000084f  FLCTL_IRQHandler              
0000084f  FPU_IRQHandler                
0000084f  HardFault_Handler             
0000084f  MemManage_Handler             
0000084f  NMI_Handler                   
0000084f  PCM_IRQHandler                
0000084f  PORT1_IRQHandler              
0000084f  PORT2_IRQHandler              
0000084f  PORT3_IRQHandler              
00000447  PORT4_IRQHandler              
00000447  PORT4_IRQHandler              
0000084f  PORT5_IRQHandler              
0000084f  PORT6_IRQHandler              
0000084f  PSS_IRQHandler                
0000084f  PendSV_Handler                
0000084f  RTC_C_IRQHandler              
00000843  Reset_Handler                 
0000084f  SVC_Handler                   
0000084f  SysTick_Handler               
20000004  SystemCoreClock               
000000e5  SystemCoreClockUpdate         
0000035d  SystemInit                    
0000084f  T32_INT1_IRQHandler           
0000084f  T32_INT2_IRQHandler           
0000084f  T32_INTC_IRQHandler           
0000084f  TA0_0_IRQHandler              
0000084f  TA0_N_IRQHandler              
0000084f  TA1_0_IRQHandler              
0000084f  TA1_N_IRQHandler              
0000084f  TA2_0_IRQHandler              
0000084f  TA2_N_IRQHandler              
0000084f  TA3_0_IRQHandler              
0000084f  TA3_N_IRQHandler              
0000084f  UsageFault_Handler            
4000480c  WDTCTL_SYM                    
0000084f  WDT_A_IRQHandler              
20010000  __STACK_END                   
00000200  __STACK_SIZE                  
00000870  __TI_CINIT_Base               
00000878  __TI_CINIT_Limit              
00000868  __TI_Handler_Table_Base       
00000870  __TI_Handler_Table_Limit      
000007bd  __TI_auto_init_nobinit_nopinit
00000755  __TI_decompress_lzss          
00000835  __TI_decompress_none          
ffffffff  __TI_pprof_out_hndl           
ffffffff  __TI_prof_data_size           
ffffffff  __TI_prof_data_start          
00000000  __TI_static_base__            
00000621  __aeabi_memcpy                
00000621  __aeabi_memcpy4               
00000621  __aeabi_memcpy8               
ffffffff  __binit__                     
ffffffff  __c_args__                    
UNDEFED   __mpu_init                    
2000fe00  __stack                       
20000000  __start___llvm_prf_cnts       
20000000  __stop___llvm_prf_cnts        
00000801  _c_int00_noargs               
UNDEFED   _system_post_cinit            
00000851  _system_pre_init              
00000855  abort                         
ffffffff  binit                         
20000000  btn1Flag                      
000004e1  debounceBtn1                  
20000008  fwdSequenceState              
0000047f  gpioSetup                     
000006d9  intSysTickSetup               
00000000  interruptVectors              
00000419  main                          
00000621  memcpy                        
000006f5  msDelay                       
00000599  sequenceControl               
000006bd  sysTickSetup                  
00000581  toggleLED                     
00000569  turnOff                       
00000551  turnOn                        
0000071f  usDelay                       


GLOBAL SYMBOLS: SORTED BY Symbol Address 

address   name                          
-------   ----                          
00000000  __TI_static_base__            
00000000  interruptVectors              
000000e5  SystemCoreClockUpdate         
00000200  __STACK_SIZE                  
0000035d  SystemInit                    
00000419  main                          
00000447  PORT4_IRQHandler              
00000447  PORT4_IRQHandler              
0000047f  gpioSetup                     
000004e1  debounceBtn1                  
00000551  turnOn                        
00000569  turnOff                       
00000581  toggleLED                     
00000599  sequenceControl               
00000621  __aeabi_memcpy                
00000621  __aeabi_memcpy4               
00000621  __aeabi_memcpy8               
00000621  memcpy                        
000006bd  sysTickSetup                  
000006d9  intSysTickSetup               
000006f5  msDelay                       
0000071f  usDelay                       
00000755  __TI_decompress_lzss          
000007bd  __TI_auto_init_nobinit_nopinit
00000801  _c_int00_noargs               
00000835  __TI_decompress_none          
00000843  Reset_Handler                 
0000084f  ADC14_IRQHandler              
0000084f  AES256_IRQHandler             
0000084f  BusFault_Handler              
0000084f  COMP_E0_IRQHandler            
0000084f  COMP_E1_IRQHandler            
0000084f  CS_IRQHandler                 
0000084f  DMA_ERR_IRQHandler            
0000084f  DMA_INT0_IRQHandler           
0000084f  DMA_INT1_IRQHandler           
0000084f  DMA_INT2_IRQHandler           
0000084f  DMA_INT3_IRQHandler           
0000084f  DebugMon_Handler              
0000084f  Default_Handler               
0000084f  EUSCIA0_IRQHandler            
0000084f  EUSCIA1_IRQHandler            
0000084f  EUSCIA2_IRQHandler            
0000084f  EUSCIA3_IRQHandler            
0000084f  EUSCIB0_IRQHandler            
0000084f  EUSCIB1_IRQHandler            
0000084f  EUSCIB2_IRQHandler            
0000084f  EUSCIB3_IRQHandler            
0000084f  FLCTL_IRQHandler              
0000084f  FPU_IRQHandler                
0000084f  HardFault_Handler             
0000084f  MemManage_Handler             
0000084f  NMI_Handler                   
0000084f  PCM_IRQHandler                
0000084f  PORT1_IRQHandler              
0000084f  PORT2_IRQHandler              
0000084f  PORT3_IRQHandler              
0000084f  PORT5_IRQHandler              
0000084f  PORT6_IRQHandler              
0000084f  PSS_IRQHandler                
0000084f  PendSV_Handler                
0000084f  RTC_C_IRQHandler              
0000084f  SVC_Handler                   
0000084f  SysTick_Handler               
0000084f  T32_INT1_IRQHandler           
0000084f  T32_INT2_IRQHandler           
0000084f  T32_INTC_IRQHandler           
0000084f  TA0_0_IRQHandler              
0000084f  TA0_N_IRQHandler              
0000084f  TA1_0_IRQHandler              
0000084f  TA1_N_IRQHandler              
0000084f  TA2_0_IRQHandler              
0000084f  TA2_N_IRQHandler              
0000084f  TA3_0_IRQHandler              
0000084f  TA3_N_IRQHandler              
0000084f  UsageFault_Handler            
0000084f  WDT_A_IRQHandler              
00000851  _system_pre_init              
00000855  C$$EXIT                       
00000855  abort                         
00000868  __TI_Handler_Table_Base       
00000870  __TI_CINIT_Base               
00000870  __TI_Handler_Table_Limit      
00000878  __TI_CINIT_Limit              
20000000  __start___llvm_prf_cnts       
20000000  __stop___llvm_prf_cnts        
20000000  btn1Flag                      
20000004  SystemCoreClock               
20000008  fwdSequenceState              
2000fe00  __stack                       
20010000  __STACK_END                   
4000480c  WDTCTL_SYM                    
ffffffff  __TI_pprof_out_hndl           
ffffffff  __TI_prof_data_size           
ffffffff  __TI_prof_data_start          
ffffffff  __binit__                     
ffffffff  __c_args__                    
ffffffff  binit                         
UNDEFED   __mpu_init                    
UNDEFED   _system_post_cinit            

[100 symbols]
