******************************************************************************
                  TI ARM Linker Unix v20.2.5                   
******************************************************************************
>> Linked Wed Dec  8 10:48:22 2021

OUTPUT FILE NAME:   <L9_P3_Unipolar_Stepper_Speed_Display.out>
ENTRY POINT SYMBOL: "_c_int00_noargs"  address: 00003d75


MEMORY CONFIGURATION

         name            origin    length      used     unused   attr    fill
----------------------  --------  ---------  --------  --------  ----  --------
  MAIN                  00000000   00040000  00004807  0003b7f9  R  X
  INFO                  00200000   00004000  00000000  00004000  R  X
  SRAM_CODE             01000000   00010000  00000297  0000fd69  RW X
  SRAM_DATA             20000000   00010000  00000297  0000fd69  RW  


SEGMENT ALLOCATION MAP

run origin  load origin   length   init length attrs members
----------  ----------- ---------- ----------- ----- -------
00000000    00000000    00004808   00004808    r-x
  00000000    00000000    000000e4   000000e4    r-- .intvecs
  000000e4    000000e4    00003df0   00003df0    r-x .text
  00003ed4    00003ed4    000008e3   000008e3    r-- .const
  000047b8    000047b8    00000050   00000050    r-- .cinit
20000000    20000000    00000097   00000000    rw-
  20000000    20000000    00000050   00000000    rw- .data
  20000050    20000050    00000047   00000000    rw- .bss
2000fe00    2000fe00    00000200   00000000    rw-
  2000fe00    2000fe00    00000200   00000000    rw- .stack


SECTION ALLOCATION MAP

 output                                  attributes/
section   page    origin      length       input sections
--------  ----  ----------  ----------   ----------------
.intvecs   0    00000000    000000e4     
                  00000000    000000e4     startup_msp432p401r_ccs.obj (.intvecs:retain)

.text      0    000000e4    00003df0     
                  000000e4    000013b0     ST7735.obj (.text)
                  00001494    00000a4e     rtsv7M4_T_le_v4SPD16_eabi.lib : _printfi.c.obj (.text:__TI_printfi)
                  00001ee2    00000002                                   : div0.asm.obj (.text)
                  00001ee4    000003ec     main.obj (.text)
                  000022d0    00000378     system_msp432p401r.obj (.text)
                  00002648    000002a4     systick.obj (.text)
                  000028ec    00000270     rtsv7M4_T_le_v4SPD16_eabi.lib : _printfi.c.obj (.text:_pconv_a)
                  00002b5c    000001f4     unipolarMotor.obj (.text)
                  00002d50    000001d0     rtsv7M4_T_le_v4SPD16_eabi.lib : _printfi.c.obj (.text:_pconv_g)
                  00002f20    000001b6                                   : fd_add_t2.asm.obj (.text)
                  000030d6    00000002     --HOLE-- [fill = 0]
                  000030d8    0000013c                                   : _printfi.c.obj (.text:_pconv_e)
                  00003214    00000136                                   : fd_div_t2.asm.obj (.text)
                  0000334a    00000002     --HOLE-- [fill = 0]
                  0000334c    00000124                                   : _printfi.c.obj (.text:fcvt)
                  00003470    00000110                                   : s_scalbn.c.obj (.text:scalbn)
                  00003580    000000fc                                   : fd_mul_t2.asm.obj (.text)
                  0000367c    000000b1                                   : _printfi.c.obj (.text:_ltostr)
                  0000372d    00000001     --HOLE-- [fill = 0]
                  0000372e    0000009c                                   : memcpy_t2.asm.obj (.text)
                  000037ca    00000096                                   : ull_div_t2.asm.obj (.text)
                  00003860    00000086                                   : fd_cmp_t2.asm.obj (.text:__aeabi_cdcmple)
                  000038e6    00000086                                   : fd_cmp_t2.asm.obj (.text:__aeabi_cdrcmple)
                  0000396c    0000007a                                   : memset_t2.asm.obj (.text)
                  000039e6    0000006e                                   : _printfi.c.obj (.text:_mcpy)
                  00003a54    00000068                                   : copy_decompress_lzss.c.obj (.text:decompress:lzss:__TI_decompress_lzss)
                  00003abc    00000064                                   : s_frexp.c.obj (.text:frexp)
                  00003b20    00000056                                   : _printfi.c.obj (.text:_pconv_f)
                  00003b76    00000054                                   : _ltoa.c.obj (.text:__TI_ltoa)
                  00003bca    00000052                                   : _printfi.c.obj (.text:_ecpy)
                  00003c1c    0000004c                                   : atoi.c.obj (.text:atoi)
                  00003c68    00000048                                   : fd_toi_t2.asm.obj (.text)
                  00003cb0    00000044                                   : autoinit.c.obj (.text:__TI_auto_init_nobinit_nopinit:__TI_auto_init_nobinit_nopinit)
                  00003cf4    00000040                                   : sprintf.c.obj (.text:sprintf)
                  00003d34    0000003e                                   : _printfi.c.obj (.text:_fcpy)
                  00003d72    00000002     --HOLE-- [fill = 0]
                  00003d74    00000034                                   : boot_cortex_m.c.obj (.text:_c_int00_noargs:_c_int00_noargs)
                  00003da8    0000002e                                   : i_tofd_t2.asm.obj (.text)
                  00003dd6    00000020                                   : u_tofd_t2.asm.obj (.text)
                  00003df6    0000001c                                   : copy_zero_init.c.obj (.text:decompress:ZI:__TI_zero_init_nomemset:__TI_zero_init_nomemset)
                  00003e12    0000001c                                   : memccpy.c.obj (.text:memccpy)
                  00003e2e    0000001a                                   : s_copysign.c.obj (.text:copysign)
                  00003e48    00000018                                   : sprintf.c.obj (.text:_outs)
                  00003e60    00000016                                   : strchr.c.obj (.text:strchr)
                  00003e76    00000014                                   : strlen.c.obj (.text:strlen)
                  00003e8a    00000012                                   : wcslen.c.obj (.text:wcslen)
                  00003e9c    0000000e                                   : copy_decompress_none.c.obj (.text:decompress:none:__TI_decompress_none)
                  00003eaa    0000000e     startup_msp432p401r_ccs.obj (.text)
                  00003eb8    0000000a     rtsv7M4_T_le_v4SPD16_eabi.lib : sprintf.c.obj (.text:_outc)
                  00003ec2    00000002     --HOLE-- [fill = 0]
                  00003ec4    00000008                                   : errno.c.obj (.text:__aeabi_errno_addr)
                  00003ecc    00000004                                   : pre_init.c.obj (.text:_system_pre_init)
                  00003ed0    00000004                                   : exit.c.obj (.text:abort:abort)

.const     0    00003ed4    000008e3     
                  00003ed4    000004fb     ST7735.obj (.const:.string:Font)
                  000043cf    00000200     ST7735.obj (.const:.string:dBfs)
                  000045cf    00000101     rtsv7M4_T_le_v4SPD16_eabi.lib : ctype.c.obj (.const:.string:_ctypes_)
                  000046d0    00000067     ST7735.obj (.const:.string:Bcmd)
                  00004737    0000003b     ST7735.obj (.const:.string:Rcmd1)
                  00004772    0000002b     ST7735.obj (.const:.string:Rcmd3)
                  0000479d    0000000d     ST7735.obj (.const:.string:Rcmd2green)
                  000047aa    0000000d     ST7735.obj (.const:.string:Rcmd2red)

.cinit     0    000047b8    00000050     
                  000047b8    0000002c     (.cinit..data.load) [load image, compression = lzss]
                  000047e4    0000000c     (__TI_handler_table)
                  000047f0    00000008     (.cinit..bss.load) [load image, compression = zero_init]
                  000047f8    00000010     (__TI_cinit_table)

.init_array 
*          0    00000000    00000000     UNINITIALIZED

.binit     0    00000000    00000000     

.data      0    20000000    00000050     UNINITIALIZED
                  20000000    00000014     ST7735.obj (.data)
                  20000014    00000014     main.obj (.data)
                  20000028    00000008     unipolarMotor.obj (.data:in_1)
                  20000030    00000008     unipolarMotor.obj (.data:in_2)
                  20000038    00000008     unipolarMotor.obj (.data:in_3)
                  20000040    00000008     unipolarMotor.obj (.data:in_4)
                  20000048    00000004     rtsv7M4_T_le_v4SPD16_eabi.lib : errno.c.obj (.data)
                  2000004c    00000004     system_msp432p401r.obj (.data)

.bss       0    20000050    00000047     UNINITIALIZED
                  20000050    0000000c     (.common:Message)
                  2000005c    00000004     ST7735.obj (.bss)
                  20000060    00000008     (.common:micro)
                  20000068    00000008     (.common:rots)
                  20000070    00000004     (.common:Messageindex)
                  20000074    00000004     (.common:X)
                  20000078    00000004     (.common:Ymax)
                  2000007c    00000004     (.common:Ymin)
                  20000080    00000004     (.common:Yrange)
                  20000084    00000004     (.common:rotCount)
                  20000088    00000004     (.common:rpm)
                  2000008c    00000002     (.common:currentEdge)
                  2000008e    00000002     (.common:deltaCycles)
                  20000090    00000002     (.common:lastEdge)
                  20000092    00000002     (.common:speed)
                  20000094    00000001     (.common:doneCounting)
                  20000095    00000001     (.common:state)
                  20000096    00000001     (.common:update)

.stack     0    2000fe00    00000200     UNINITIALIZED
                  2000fe00    00000004     rtsv7M4_T_le_v4SPD16_eabi.lib : boot_cortex_m.c.obj (.stack)
                  2000fe04    000001fc     --HOLE--

__llvm_prf_cnts 
*          0    20000000    00000000     UNINITIALIZED

MODULE SUMMARY

       Module                        code    ro data   rw data
       ------                        ----    -------   -------
    ./
       ST7735.obj                    5040    2018      112    
       main.obj                      1004    0         106    
       system_msp432p401r.obj        888     0         8      
       systick.obj                   676     0         0      
       unipolarMotor.obj             500     0         68     
       startup_msp432p401r_ccs.obj   14      228       0      
    +--+-----------------------------+-------+---------+---------+
       Total:                        8122    2246      294    
                                                              
    /Applications/ti/ccs1040/ccs/tools/compiler/ti-cgt-arm_20.2.5.LTS/lib/rtsv7M4_T_le_v4SPD16_eabi.lib
       _printfi.c.obj                4851    0         0      
       fd_add_t2.asm.obj             438     0         0      
       fd_div_t2.asm.obj             310     0         0      
       s_scalbn.c.obj                272     0         0      
       fd_cmp_t2.asm.obj             268     0         0      
       ctype.c.obj                   0       257       0      
       fd_mul_t2.asm.obj             252     0         0      
       memcpy_t2.asm.obj             156     0         0      
       ull_div_t2.asm.obj            150     0         0      
       memset_t2.asm.obj             122     0         0      
       copy_decompress_lzss.c.obj    104     0         0      
       s_frexp.c.obj                 100     0         0      
       sprintf.c.obj                 98      0         0      
       _ltoa.c.obj                   84      0         0      
       atoi.c.obj                    76      0         0      
       fd_toi_t2.asm.obj             72      0         0      
       autoinit.c.obj                68      0         0      
       boot_cortex_m.c.obj           52      0         0      
       i_tofd_t2.asm.obj             46      0         0      
       u_tofd_t2.asm.obj             32      0         0      
       copy_zero_init.c.obj          28      0         0      
       memccpy.c.obj                 28      0         0      
       s_copysign.c.obj              26      0         0      
       strchr.c.obj                  22      0         0      
       strlen.c.obj                  20      0         0      
       wcslen.c.obj                  18      0         0      
       errno.c.obj                   8       0         8      
       copy_decompress_none.c.obj    14      0         0      
       exit.c.obj                    4       0         0      
       pre_init.c.obj                4       0         0      
       div0.asm.obj                  2       0         0      
    +--+-----------------------------+-------+---------+---------+
       Total:                        7725    257       8      
                                                              
       Stack:                        0       0         1024   
       Linker Generated:             0       80        0      
    +--+-----------------------------+-------+---------+---------+
       Grand Total:                  15847   2583      1326   


LINKER GENERATED COPY TABLES

__TI_cinit_table @ 000047f8 records: 2, size/record: 8, table size: 16
	.data: load addr=000047b8, load size=0000002c bytes, run addr=20000000, run size=00000050 bytes, compression=lzss
	.bss: load addr=000047f0, load size=00000008 bytes, run addr=20000050, run size=00000047 bytes, compression=zero_init


LINKER GENERATED HANDLER TABLE

__TI_handler_table @ 000047e4 records: 3, size/record: 4, table size: 12
	index: 0, handler: __TI_decompress_lzss
	index: 1, handler: __TI_decompress_none
	index: 2, handler: __TI_zero_init


GLOBAL SYMBOLS: SORTED ALPHABETICALLY BY Name 

address   name                          
-------   ----                          
00003eb7  ADC14_IRQHandler              
00003eb7  AES256_IRQHandler             
00003eb7  BusFault_Handler              
00003ed1  C$$EXIT                       
00002b87  CCW                           
00003eb7  COMP_E0_IRQHandler            
00003eb7  COMP_E1_IRQHandler            
00003eb7  CS_IRQHandler                 
00002c51  CW                            
00003eb7  DMA_ERR_IRQHandler            
00003eb7  DMA_INT0_IRQHandler           
00003eb7  DMA_INT1_IRQHandler           
00003eb7  DMA_INT2_IRQHandler           
00003eb7  DMA_INT3_IRQHandler           
00003eb7  DebugMon_Handler              
00003eb7  Default_Handler               
0000015b  Delay1ms                      
00003eb7  EUSCIA0_IRQHandler            
00003eb7  EUSCIA1_IRQHandler            
00003eb7  EUSCIA2_IRQHandler            
00003eb7  EUSCIA3_IRQHandler            
00003eb7  EUSCIB0_IRQHandler            
00003eb7  EUSCIB1_IRQHandler            
00003eb7  EUSCIB2_IRQHandler            
00003eb7  EUSCIB3_IRQHandler            
00003eb7  FLCTL_IRQHandler              
00003eb7  FPU_IRQHandler                
00003eb7  HardFault_Handler             
00003eb7  MemManage_Handler             
20000050  Message                       
20000070  Messageindex                  
00003eb7  NMI_Handler                   
00001433  Output_Clear                  
0000144d  Output_Color                  
00001423  Output_Init                   
0000143d  Output_Off                    
00001445  Output_On                     
00003eb7  PCM_IRQHandler                
00003eb7  PORT1_IRQHandler              
00003eb7  PORT2_IRQHandler              
00003eb7  PORT3_IRQHandler              
00003eb7  PORT4_IRQHandler              
00003eb7  PORT5_IRQHandler              
00003eb7  PORT6_IRQHandler              
00003eb7  PSS_IRQHandler                
00003eb7  PendSV_Handler                
00003eb7  RTC_C_IRQHandler              
00003eab  Reset_Handler                 
0000073d  ST7735_Color565               
000007a1  ST7735_DrawBitmap             
00000b15  ST7735_DrawChar               
0000099f  ST7735_DrawCharS              
00000535  ST7735_DrawFastHLine          
00000477  ST7735_DrawFastVLine          
0000041d  ST7735_DrawPixel              
00000c87  ST7735_DrawString             
00000631  ST7735_FillRect               
000005ed  ST7735_FillScreen             
000002e9  ST7735_InitB                  
00000309  ST7735_InitR                  
00000ec7  ST7735_InvertDisplay          
00001305  ST7735_OutChar                
000013c5  ST7735_OutString              
00000d7d  ST7735_OutUDec                
00001211  ST7735_PlotBar                
00000edf  ST7735_PlotClear              
00001001  ST7735_PlotLine               
000012b1  ST7735_PlotNext               
000012cb  ST7735_PlotNextErase          
00000f3b  ST7735_PlotPoint              
0000113b  ST7735_PlotPoints             
00001267  ST7735_PlotdBfs               
00000d57  ST7735_SetCursor              
00000dfd  ST7735_SetRotation            
000013e3  ST7735_SetTextColor           
00000771  ST7735_SwapColor              
00003eb7  SVC_Handler                   
20000008  StTextColor                   
20000000  StX                           
20000004  StY                           
00002005  SysTick_Handler               
00002005  SysTick_Handler               
2000004c  SystemCoreClock               
000022d1  SystemCoreClockUpdate         
00002549  SystemInit                    
00003eb7  T32_INT1_IRQHandler           
00003eb7  T32_INT2_IRQHandler           
00003eb7  T32_INTC_IRQHandler           
00003eb7  TA0_0_IRQHandler              
00003eb7  TA0_N_IRQHandler              
00003eb7  TA1_0_IRQHandler              
00003eb7  TA1_N_IRQHandler              
00003eb7  TA2_0_IRQHandler              
00003eb7  TA2_N_IRQHandler              
00003eb7  TA3_0_IRQHandler              
00001f49  TA3_N_IRQHandler              
00001f49  TA3_N_IRQHandler              
00003eb7  UsageFault_Handler            
4000480c  WDTCTL_SYM                    
00003eb7  WDT_A_IRQHandler              
20000074  X                             
20000078  Ymax                          
2000007c  Ymin                          
20000080  Yrange                        
20010000  __STACK_END                   
00000200  __STACK_SIZE                  
000047f8  __TI_CINIT_Base               
00004808  __TI_CINIT_Limit              
000047e4  __TI_Handler_Table_Base       
000047f0  __TI_Handler_Table_Limit      
00003cb1  __TI_auto_init_nobinit_nopinit
00003a55  __TI_decompress_lzss          
00003e9d  __TI_decompress_none          
00003b77  __TI_ltoa                     
ffffffff  __TI_pprof_out_hndl           
00001495  __TI_printfi                  
ffffffff  __TI_prof_data_size           
ffffffff  __TI_prof_data_start          
00000000  __TI_static_base__            
00003df7  __TI_zero_init_nomemset       
00003861  __aeabi_cdcmpeq               
00003861  __aeabi_cdcmple               
000038e7  __aeabi_cdrcmple              
00003c69  __aeabi_d2iz                  
00002f2b  __aeabi_dadd                  
00003215  __aeabi_ddiv                  
00003581  __aeabi_dmul                  
00002f21  __aeabi_dsub                  
00003ec5  __aeabi_errno_addr            
00003da9  __aeabi_i2d                   
00001ee3  __aeabi_idiv0                 
00001ee3  __aeabi_ldiv0                 
0000396d  __aeabi_memclr                
0000396d  __aeabi_memclr4               
0000396d  __aeabi_memclr8               
0000372f  __aeabi_memcpy                
0000372f  __aeabi_memcpy4               
0000372f  __aeabi_memcpy8               
0000396f  __aeabi_memset                
0000396f  __aeabi_memset4               
0000396f  __aeabi_memset8               
00003dd7  __aeabi_ui2d                  
000037cb  __aeabi_uldivmod              
ffffffff  __binit__                     
ffffffff  __c_args__                    
UNDEFED   __mpu_init                    
2000fe00  __stack                       
20000000  __start___llvm_prf_cnts       
20000000  __stop___llvm_prf_cnts        
00003d75  _c_int00_noargs               
000045cf  _ctypes_                      
UNDEFED   _system_post_cinit            
00003ecd  _system_pre_init              
00003ed1  abort                         
00003c1d  atoi                          
ffffffff  binit                         
00003e2f  copysign                      
00003e2f  copysignl                     
2000008c  currentEdge                   
000043cf  dBfs                          
20000018  delay                         
2000008e  deltaCycles                   
20000094  doneCounting                  
20000048  errno                         
00001415  ferror                        
00001409  fgetc                         
00000d15  fillmessage                   
000013f7  fputc                         
00003abd  frexp                         
00003abd  frexpl                        
0000222d  gpioSetup                     
2000001c  i                             
20000028  in_1                          
20000030  in_2                          
20000038  in_3                          
20000040  in_4                          
00002b5d  initializeUnipolarMotor       
00002665  intSysTickSetup               
00000000  interruptVectors              
20000020  j                             
20000090  lastEdge                      
20000010  lastj                         
00003471  ldexp                         
00003471  ldexpl                        
00001ee5  main                          
00003e13  memccpy                       
0000372f  memcpy                        
00003975  memset                        
20000060  micro                         
0000268d  msDelay                       
0000014d  parrotdelay                   
20000014  period                        
20000084  rotCount                      
20000068  rots                          
20000088  rpm                           
20000024  s                             
00003471  scalbn                        
00003471  scalbnl                       
00002205  setupTimerA                   
20000092  speed                         
00003cf5  sprintf                       
20000095  state                         
20000016  steps                         
00003e61  strchr                        
00003e77  strlen                        
00002649  sysTickSetup                  
20000096  update                        
000027c5  usDelay                       
00003e8b  wcslen                        


GLOBAL SYMBOLS: SORTED BY Symbol Address 

address   name                          
-------   ----                          
00000000  __TI_static_base__            
00000000  interruptVectors              
0000014d  parrotdelay                   
0000015b  Delay1ms                      
00000200  __STACK_SIZE                  
000002e9  ST7735_InitB                  
00000309  ST7735_InitR                  
0000041d  ST7735_DrawPixel              
00000477  ST7735_DrawFastVLine          
00000535  ST7735_DrawFastHLine          
000005ed  ST7735_FillScreen             
00000631  ST7735_FillRect               
0000073d  ST7735_Color565               
00000771  ST7735_SwapColor              
000007a1  ST7735_DrawBitmap             
0000099f  ST7735_DrawCharS              
00000b15  ST7735_DrawChar               
00000c87  ST7735_DrawString             
00000d15  fillmessage                   
00000d57  ST7735_SetCursor              
00000d7d  ST7735_OutUDec                
00000dfd  ST7735_SetRotation            
00000ec7  ST7735_InvertDisplay          
00000edf  ST7735_PlotClear              
00000f3b  ST7735_PlotPoint              
00001001  ST7735_PlotLine               
0000113b  ST7735_PlotPoints             
00001211  ST7735_PlotBar                
00001267  ST7735_PlotdBfs               
000012b1  ST7735_PlotNext               
000012cb  ST7735_PlotNextErase          
00001305  ST7735_OutChar                
000013c5  ST7735_OutString              
000013e3  ST7735_SetTextColor           
000013f7  fputc                         
00001409  fgetc                         
00001415  ferror                        
00001423  Output_Init                   
00001433  Output_Clear                  
0000143d  Output_Off                    
00001445  Output_On                     
0000144d  Output_Color                  
00001495  __TI_printfi                  
00001ee3  __aeabi_idiv0                 
00001ee3  __aeabi_ldiv0                 
00001ee5  main                          
00001f49  TA3_N_IRQHandler              
00001f49  TA3_N_IRQHandler              
00002005  SysTick_Handler               
00002005  SysTick_Handler               
00002205  setupTimerA                   
0000222d  gpioSetup                     
000022d1  SystemCoreClockUpdate         
00002549  SystemInit                    
00002649  sysTickSetup                  
00002665  intSysTickSetup               
0000268d  msDelay                       
000027c5  usDelay                       
00002b5d  initializeUnipolarMotor       
00002b87  CCW                           
00002c51  CW                            
00002f21  __aeabi_dsub                  
00002f2b  __aeabi_dadd                  
00003215  __aeabi_ddiv                  
00003471  ldexp                         
00003471  ldexpl                        
00003471  scalbn                        
00003471  scalbnl                       
00003581  __aeabi_dmul                  
0000372f  __aeabi_memcpy                
0000372f  __aeabi_memcpy4               
0000372f  __aeabi_memcpy8               
0000372f  memcpy                        
000037cb  __aeabi_uldivmod              
00003861  __aeabi_cdcmpeq               
00003861  __aeabi_cdcmple               
000038e7  __aeabi_cdrcmple              
0000396d  __aeabi_memclr                
0000396d  __aeabi_memclr4               
0000396d  __aeabi_memclr8               
0000396f  __aeabi_memset                
0000396f  __aeabi_memset4               
0000396f  __aeabi_memset8               
00003975  memset                        
00003a55  __TI_decompress_lzss          
00003abd  frexp                         
00003abd  frexpl                        
00003b77  __TI_ltoa                     
00003c1d  atoi                          
00003c69  __aeabi_d2iz                  
00003cb1  __TI_auto_init_nobinit_nopinit
00003cf5  sprintf                       
00003d75  _c_int00_noargs               
00003da9  __aeabi_i2d                   
00003dd7  __aeabi_ui2d                  
00003df7  __TI_zero_init_nomemset       
00003e13  memccpy                       
00003e2f  copysign                      
00003e2f  copysignl                     
00003e61  strchr                        
00003e77  strlen                        
00003e8b  wcslen                        
00003e9d  __TI_decompress_none          
00003eab  Reset_Handler                 
00003eb7  ADC14_IRQHandler              
00003eb7  AES256_IRQHandler             
00003eb7  BusFault_Handler              
00003eb7  COMP_E0_IRQHandler            
00003eb7  COMP_E1_IRQHandler            
00003eb7  CS_IRQHandler                 
00003eb7  DMA_ERR_IRQHandler            
00003eb7  DMA_INT0_IRQHandler           
00003eb7  DMA_INT1_IRQHandler           
00003eb7  DMA_INT2_IRQHandler           
00003eb7  DMA_INT3_IRQHandler           
00003eb7  DebugMon_Handler              
00003eb7  Default_Handler               
00003eb7  EUSCIA0_IRQHandler            
00003eb7  EUSCIA1_IRQHandler            
00003eb7  EUSCIA2_IRQHandler            
00003eb7  EUSCIA3_IRQHandler            
00003eb7  EUSCIB0_IRQHandler            
00003eb7  EUSCIB1_IRQHandler            
00003eb7  EUSCIB2_IRQHandler            
00003eb7  EUSCIB3_IRQHandler            
00003eb7  FLCTL_IRQHandler              
00003eb7  FPU_IRQHandler                
00003eb7  HardFault_Handler             
00003eb7  MemManage_Handler             
00003eb7  NMI_Handler                   
00003eb7  PCM_IRQHandler                
00003eb7  PORT1_IRQHandler              
00003eb7  PORT2_IRQHandler              
00003eb7  PORT3_IRQHandler              
00003eb7  PORT4_IRQHandler              
00003eb7  PORT5_IRQHandler              
00003eb7  PORT6_IRQHandler              
00003eb7  PSS_IRQHandler                
00003eb7  PendSV_Handler                
00003eb7  RTC_C_IRQHandler              
00003eb7  SVC_Handler                   
00003eb7  T32_INT1_IRQHandler           
00003eb7  T32_INT2_IRQHandler           
00003eb7  T32_INTC_IRQHandler           
00003eb7  TA0_0_IRQHandler              
00003eb7  TA0_N_IRQHandler              
00003eb7  TA1_0_IRQHandler              
00003eb7  TA1_N_IRQHandler              
00003eb7  TA2_0_IRQHandler              
00003eb7  TA2_N_IRQHandler              
00003eb7  TA3_0_IRQHandler              
00003eb7  UsageFault_Handler            
00003eb7  WDT_A_IRQHandler              
00003ec5  __aeabi_errno_addr            
00003ecd  _system_pre_init              
00003ed1  C$$EXIT                       
00003ed1  abort                         
000043cf  dBfs                          
000045cf  _ctypes_                      
000047e4  __TI_Handler_Table_Base       
000047f0  __TI_Handler_Table_Limit      
000047f8  __TI_CINIT_Base               
00004808  __TI_CINIT_Limit              
20000000  StX                           
20000000  __start___llvm_prf_cnts       
20000000  __stop___llvm_prf_cnts        
20000004  StY                           
20000008  StTextColor                   
20000010  lastj                         
20000014  period                        
20000016  steps                         
20000018  delay                         
2000001c  i                             
20000020  j                             
20000024  s                             
20000028  in_1                          
20000030  in_2                          
20000038  in_3                          
20000040  in_4                          
20000048  errno                         
2000004c  SystemCoreClock               
20000050  Message                       
20000060  micro                         
20000068  rots                          
20000070  Messageindex                  
20000074  X                             
20000078  Ymax                          
2000007c  Ymin                          
20000080  Yrange                        
20000084  rotCount                      
20000088  rpm                           
2000008c  currentEdge                   
2000008e  deltaCycles                   
20000090  lastEdge                      
20000092  speed                         
20000094  doneCounting                  
20000095  state                         
20000096  update                        
2000fe00  __stack                       
20010000  __STACK_END                   
4000480c  WDTCTL_SYM                    
ffffffff  __TI_pprof_out_hndl           
ffffffff  __TI_prof_data_size           
ffffffff  __TI_prof_data_start          
ffffffff  __binit__                     
ffffffff  __c_args__                    
ffffffff  binit                         
UNDEFED   __mpu_init                    
UNDEFED   _system_post_cinit            

[209 symbols]
