******************************************************************************
                  TI ARM Linker Unix v20.2.5                   
******************************************************************************
>> Linked Sat Dec  4 14:48:16 2021

OUTPUT FILE NAME:   <L12_P2_Light_Sense_ADC.out>
ENTRY POINT SYMBOL: "_c_int00_noargs"  address: 00000d01


MEMORY CONFIGURATION

         name            origin    length      used     unused   attr    fill
----------------------  --------  ---------  --------  --------  ----  --------
  MAIN                  00000000   00040000  00000dc4  0003f23c  R  X
  INFO                  00200000   00004000  00000000  00004000  R  X
  SRAM_CODE             01000000   00010000  0000020a  0000fdf6  RW X
  SRAM_DATA             20000000   00010000  0000020a  0000fdf6  RW  


SEGMENT ALLOCATION MAP

run origin  load origin   length   init length attrs members
----------  ----------- ---------- ----------- ----- -------
00000000    00000000    00000dc8   00000dc8    r-x
  00000000    00000000    000000e4   000000e4    r-- .intvecs
  000000e4    000000e4    00000cb0   00000cb0    r-x .text
  00000d98    00000d98    00000030   00000030    r-- .cinit
20000000    20000000    0000000c   00000000    rw-
  20000000    20000000    00000006   00000000    rw- .data
  20000008    20000008    00000004   00000000    rw- .bss
2000fe00    2000fe00    00000200   00000000    rw-
  2000fe00    2000fe00    00000200   00000000    rw- .stack


SECTION ALLOCATION MAP

 output                                  attributes/
section   page    origin      length       input sections
--------  ----  ----------  ----------   ----------------
.intvecs   0    00000000    000000e4     
                  00000000    000000e4     startup_msp432p401r_ccs.obj (.intvecs:retain)

.text      0    000000e4    00000cb0     
                  000000e4    00000588     main.obj (.text)
                  0000066c    00000334     system_msp432p401r.obj (.text)
                  000009a0    000000fc     rtsv7M4_T_le_v4SPD16_eabi.lib : fd_mul_t2.asm.obj (.text)
                  00000a9c    000000d4     systick.obj (.text)
                  00000b70    0000009c     rtsv7M4_T_le_v4SPD16_eabi.lib : memcpy_t2.asm.obj (.text)
                  00000c0c    00000068                                   : copy_decompress_lzss.c.obj (.text:decompress:lzss:__TI_decompress_lzss)
                  00000c74    00000048                                   : fd_toi_t2.asm.obj (.text)
                  00000cbc    00000044                                   : autoinit.c.obj (.text:__TI_auto_init_nobinit_nopinit:__TI_auto_init_nobinit_nopinit)
                  00000d00    00000034                                   : boot_cortex_m.c.obj (.text:_c_int00_noargs:_c_int00_noargs)
                  00000d34    00000020                                   : u_tofd_t2.asm.obj (.text)
                  00000d54    0000001c                                   : copy_zero_init.c.obj (.text:decompress:ZI:__TI_zero_init_nomemset:__TI_zero_init_nomemset)
                  00000d70    0000000e                                   : copy_decompress_none.c.obj (.text:decompress:none:__TI_decompress_none)
                  00000d7e    0000000e     startup_msp432p401r_ccs.obj (.text)
                  00000d8c    00000004     rtsv7M4_T_le_v4SPD16_eabi.lib : pre_init.c.obj (.text:_system_pre_init)
                  00000d90    00000004                                   : exit.c.obj (.text:abort:abort)

.cinit     0    00000d98    00000030     
                  00000d98    0000000c     (__TI_handler_table)
                  00000da4    0000000a     (.cinit..data.load) [load image, compression = lzss]
                  00000dae    00000002     --HOLE-- [fill = 0]
                  00000db0    00000008     (.cinit..bss.load) [load image, compression = zero_init]
                  00000db8    00000010     (__TI_cinit_table)

.init_array 
*          0    00000000    00000000     UNINITIALIZED

.binit     0    00000000    00000000     

.data      0    20000000    00000006     UNINITIALIZED
                  20000000    00000004     system_msp432p401r.obj (.data)
                  20000004    00000002     main.obj (.data)

.bss       0    20000008    00000004     UNINITIALIZED
                  20000008    00000004     (.common:ambientLight)

.stack     0    2000fe00    00000200     UNINITIALIZED
                  2000fe00    00000004     rtsv7M4_T_le_v4SPD16_eabi.lib : boot_cortex_m.c.obj (.stack)
                  2000fe04    000001fc     --HOLE--

__llvm_prf_cnts 
*          0    20000000    00000000     UNINITIALIZED

MODULE SUMMARY

       Module                        code   ro data   rw data
       ------                        ----   -------   -------
    ./
       main.obj                      1416   0         12     
       system_msp432p401r.obj        820    0         8      
       startup_msp432p401r_ccs.obj   14     228       0      
       systick.obj                   212    0         0      
    +--+-----------------------------+------+---------+---------+
       Total:                        2462   228       20     
                                                             
    /Applications/ti/ccs1040/ccs/tools/compiler/ti-cgt-arm_20.2.5.LTS/lib/rtsv7M4_T_le_v4SPD16_eabi.lib
       fd_mul_t2.asm.obj             252    0         0      
       memcpy_t2.asm.obj             156    0         0      
       copy_decompress_lzss.c.obj    104    0         0      
       fd_toi_t2.asm.obj             72     0         0      
       autoinit.c.obj                68     0         0      
       boot_cortex_m.c.obj           52     0         0      
       u_tofd_t2.asm.obj             32     0         0      
       copy_zero_init.c.obj          28     0         0      
       copy_decompress_none.c.obj    14     0         0      
       exit.c.obj                    4      0         0      
       pre_init.c.obj                4      0         0      
    +--+-----------------------------+------+---------+---------+
       Total:                        786    0         0      
                                                             
       Stack:                        0      0         1024   
       Linker Generated:             0      46        0      
    +--+-----------------------------+------+---------+---------+
       Grand Total:                  3248   274       1044   


LINKER GENERATED COPY TABLES

__TI_cinit_table @ 00000db8 records: 2, size/record: 8, table size: 16
	.data: load addr=00000da4, load size=0000000a bytes, run addr=20000000, run size=00000006 bytes, compression=lzss
	.bss: load addr=00000db0, load size=00000008 bytes, run addr=20000008, run size=00000004 bytes, compression=zero_init


LINKER GENERATED HANDLER TABLE

__TI_handler_table @ 00000d98 records: 3, size/record: 4, table size: 12
	index: 0, handler: __TI_decompress_lzss
	index: 1, handler: __TI_decompress_none
	index: 2, handler: __TI_zero_init


GLOBAL SYMBOLS: SORTED ALPHABETICALLY BY Name 

address   name                          
-------   ----                          
00000d8b  ADC14_IRQHandler              
00000d8b  AES256_IRQHandler             
00000d8b  BusFault_Handler              
00000d91  C$$EXIT                       
00000d8b  COMP_E0_IRQHandler            
00000d8b  COMP_E1_IRQHandler            
00000d8b  CS_IRQHandler                 
00000d8b  DMA_ERR_IRQHandler            
00000d8b  DMA_INT0_IRQHandler           
00000d8b  DMA_INT1_IRQHandler           
00000d8b  DMA_INT2_IRQHandler           
00000d8b  DMA_INT3_IRQHandler           
00000d8b  DebugMon_Handler              
00000d8b  Default_Handler               
00000d8b  EUSCIA0_IRQHandler            
00000d8b  EUSCIA1_IRQHandler            
00000d8b  EUSCIA2_IRQHandler            
00000d8b  EUSCIA3_IRQHandler            
00000d8b  EUSCIB0_IRQHandler            
00000d8b  EUSCIB1_IRQHandler            
00000d8b  EUSCIB2_IRQHandler            
00000d8b  EUSCIB3_IRQHandler            
00000d8b  FLCTL_IRQHandler              
00000d8b  FPU_IRQHandler                
00000d8b  HardFault_Handler             
00000d8b  MemManage_Handler             
00000d8b  NMI_Handler                   
00000d8b  PCM_IRQHandler                
00000d8b  PORT1_IRQHandler              
00000d8b  PORT2_IRQHandler              
00000d8b  PORT3_IRQHandler              
00000d8b  PORT4_IRQHandler              
00000d8b  PORT5_IRQHandler              
00000d8b  PORT6_IRQHandler              
00000d8b  PSS_IRQHandler                
00000d8b  PendSV_Handler                
00000d8b  RTC_C_IRQHandler              
00000d7f  Reset_Handler                 
00000d8b  SVC_Handler                   
00000d8b  SysTick_Handler               
20000000  SystemCoreClock               
0000066d  SystemCoreClockUpdate         
000008e5  SystemInit                    
00000d8b  T32_INT1_IRQHandler           
00000d8b  T32_INT2_IRQHandler           
00000d8b  T32_INTC_IRQHandler           
00000d8b  TA0_0_IRQHandler              
00000d8b  TA0_N_IRQHandler              
00000d8b  TA1_0_IRQHandler              
00000d8b  TA1_N_IRQHandler              
00000d8b  TA2_0_IRQHandler              
00000d8b  TA2_N_IRQHandler              
00000d8b  TA3_0_IRQHandler              
00000d8b  TA3_N_IRQHandler              
00000d8b  UsageFault_Handler            
4000480c  WDTCTL_SYM                    
00000d8b  WDT_A_IRQHandler              
20010000  __STACK_END                   
00000200  __STACK_SIZE                  
00000db8  __TI_CINIT_Base               
00000dc8  __TI_CINIT_Limit              
00000d98  __TI_Handler_Table_Base       
00000da4  __TI_Handler_Table_Limit      
00000cbd  __TI_auto_init_nobinit_nopinit
00000c0d  __TI_decompress_lzss          
00000d71  __TI_decompress_none          
ffffffff  __TI_pprof_out_hndl           
ffffffff  __TI_prof_data_size           
ffffffff  __TI_prof_data_start          
00000000  __TI_static_base__            
00000d55  __TI_zero_init_nomemset       
00000c75  __aeabi_d2iz                  
000009a1  __aeabi_dmul                  
00000b71  __aeabi_memcpy                
00000b71  __aeabi_memcpy4               
00000b71  __aeabi_memcpy8               
00000d35  __aeabi_ui2d                  
ffffffff  __binit__                     
ffffffff  __c_args__                    
UNDEFED   __mpu_init                    
2000fe00  __stack                       
20000000  __start___llvm_prf_cnts       
20000000  __stop___llvm_prf_cnts        
00000d01  _c_int00_noargs               
UNDEFED   _system_post_cinit            
00000d8d  _system_pre_init              
00000d91  abort                         
20000008  ambientLight                  
ffffffff  binit                         
000001f5  brightnessControl             
00000ab9  intSysTickSetup               
00000000  interruptVectors              
000000e5  main                          
00000b71  memcpy                        
00000ae7  msDelay                       
20000004  period                        
00000151  readAmbientLighting           
0000010b  setupADC                      
0000016d  setupBrightnessControl        
00000a9d  sysTickSetup                  
00000b29  usDelay                       


GLOBAL SYMBOLS: SORTED BY Symbol Address 

address   name                          
-------   ----                          
00000000  __TI_static_base__            
00000000  interruptVectors              
000000e5  main                          
0000010b  setupADC                      
00000151  readAmbientLighting           
0000016d  setupBrightnessControl        
000001f5  brightnessControl             
00000200  __STACK_SIZE                  
0000066d  SystemCoreClockUpdate         
000008e5  SystemInit                    
000009a1  __aeabi_dmul                  
00000a9d  sysTickSetup                  
00000ab9  intSysTickSetup               
00000ae7  msDelay                       
00000b29  usDelay                       
00000b71  __aeabi_memcpy                
00000b71  __aeabi_memcpy4               
00000b71  __aeabi_memcpy8               
00000b71  memcpy                        
00000c0d  __TI_decompress_lzss          
00000c75  __aeabi_d2iz                  
00000cbd  __TI_auto_init_nobinit_nopinit
00000d01  _c_int00_noargs               
00000d35  __aeabi_ui2d                  
00000d55  __TI_zero_init_nomemset       
00000d71  __TI_decompress_none          
00000d7f  Reset_Handler                 
00000d8b  ADC14_IRQHandler              
00000d8b  AES256_IRQHandler             
00000d8b  BusFault_Handler              
00000d8b  COMP_E0_IRQHandler            
00000d8b  COMP_E1_IRQHandler            
00000d8b  CS_IRQHandler                 
00000d8b  DMA_ERR_IRQHandler            
00000d8b  DMA_INT0_IRQHandler           
00000d8b  DMA_INT1_IRQHandler           
00000d8b  DMA_INT2_IRQHandler           
00000d8b  DMA_INT3_IRQHandler           
00000d8b  DebugMon_Handler              
00000d8b  Default_Handler               
00000d8b  EUSCIA0_IRQHandler            
00000d8b  EUSCIA1_IRQHandler            
00000d8b  EUSCIA2_IRQHandler            
00000d8b  EUSCIA3_IRQHandler            
00000d8b  EUSCIB0_IRQHandler            
00000d8b  EUSCIB1_IRQHandler            
00000d8b  EUSCIB2_IRQHandler            
00000d8b  EUSCIB3_IRQHandler            
00000d8b  FLCTL_IRQHandler              
00000d8b  FPU_IRQHandler                
00000d8b  HardFault_Handler             
00000d8b  MemManage_Handler             
00000d8b  NMI_Handler                   
00000d8b  PCM_IRQHandler                
00000d8b  PORT1_IRQHandler              
00000d8b  PORT2_IRQHandler              
00000d8b  PORT3_IRQHandler              
00000d8b  PORT4_IRQHandler              
00000d8b  PORT5_IRQHandler              
00000d8b  PORT6_IRQHandler              
00000d8b  PSS_IRQHandler                
00000d8b  PendSV_Handler                
00000d8b  RTC_C_IRQHandler              
00000d8b  SVC_Handler                   
00000d8b  SysTick_Handler               
00000d8b  T32_INT1_IRQHandler           
00000d8b  T32_INT2_IRQHandler           
00000d8b  T32_INTC_IRQHandler           
00000d8b  TA0_0_IRQHandler              
00000d8b  TA0_N_IRQHandler              
00000d8b  TA1_0_IRQHandler              
00000d8b  TA1_N_IRQHandler              
00000d8b  TA2_0_IRQHandler              
00000d8b  TA2_N_IRQHandler              
00000d8b  TA3_0_IRQHandler              
00000d8b  TA3_N_IRQHandler              
00000d8b  UsageFault_Handler            
00000d8b  WDT_A_IRQHandler              
00000d8d  _system_pre_init              
00000d91  C$$EXIT                       
00000d91  abort                         
00000d98  __TI_Handler_Table_Base       
00000da4  __TI_Handler_Table_Limit      
00000db8  __TI_CINIT_Base               
00000dc8  __TI_CINIT_Limit              
20000000  SystemCoreClock               
20000000  __start___llvm_prf_cnts       
20000000  __stop___llvm_prf_cnts        
20000004  period                        
20000008  ambientLight                  
2000fe00  __stack                       
20010000  __STACK_END                   
4000480c  WDTCTL_SYM                    
ffffffff  __TI_pprof_out_hndl           
ffffffff  __TI_prof_data_size           
ffffffff  __TI_prof_data_start          
ffffffff  __binit__                     
ffffffff  __c_args__                    
ffffffff  binit                         
UNDEFED   __mpu_init                    
UNDEFED   _system_post_cinit            

[101 symbols]
