******************************************************************************
                  TI ARM Linker Unix v20.2.5                   
******************************************************************************
>> Linked Fri Nov 26 17:47:35 2021

OUTPUT FILE NAME:   <L5_P1_I2C_RTC_Interface.out>
ENTRY POINT SYMBOL: "_c_int00_noargs"  address: 00003f2d


MEMORY CONFIGURATION

         name            origin    length      used     unused   attr    fill
----------------------  --------  ---------  --------  --------  ----  --------
  MAIN                  00000000   00040000  00004349  0003bcb7  R  X
  INFO                  00200000   00004000  00000000  00004000  R  X
  SRAM_CODE             01000000   00010000  00000a29  0000f5d7  RW X
  SRAM_DATA             20000000   00010000  00000a29  0000f5d7  RW  


SEGMENT ALLOCATION MAP

run origin  load origin   length   init length attrs members
----------  ----------- ---------- ----------- ----- -------
00000000    00000000    00004350   00004350    r-x
  00000000    00000000    000000e4   000000e4    r-- .intvecs
  000000e4    000000e4    000040b4   000040b4    r-x .text
  00004198    00004198    00000101   00000101    r-- .const
  000042a0    000042a0    000000b0   000000b0    r-- .cinit
20000000    20000000    00000829   00000000    rw-
  20000000    20000000    00000400   00000000    rw- .sysmem
  20000400    20000400    00000220   00000000    rw- .data
  20000620    20000620    00000209   00000000    rw- .bss
2000fe00    2000fe00    00000200   00000000    rw-
  2000fe00    2000fe00    00000200   00000000    rw- .stack


SECTION ALLOCATION MAP

 output                                  attributes/
section   page    origin      length       input sections
--------  ----  ----------  ----------   ----------------
.intvecs   0    00000000    000000e4     
                  00000000    000000e4     startup_msp432p401r_ccs.obj (.intvecs:retain)

.text      0    000000e4    000040b4     
                  000000e4    00000c84     RTC.obj (.text)
                  00000d68    00000a4e     rtsv7M4_T_le_v4SPD16_eabi.lib : _printfi.c.obj (.text:__TI_printfi)
                  000017b6    00000002                                   : _lock.c.obj (.text:_nop)
                  000017b8    00000334     system_msp432p401r.obj (.text)
                  00001aec    00000314     main.obj (.text)
                  00001e00    00000270     rtsv7M4_T_le_v4SPD16_eabi.lib : _printfi.c.obj (.text:_pconv_a)
                  00002070    0000026c     keypad.obj (.text)
                  000022dc    000001d0     rtsv7M4_T_le_v4SPD16_eabi.lib : _printfi.c.obj (.text:_pconv_g)
                  000024ac    000001b6                                   : fd_add_t2.asm.obj (.text)
                  00002662    00000002                                   : div0.asm.obj (.text)
                  00002664    0000013c                                   : _printfi.c.obj (.text:_pconv_e)
                  000027a0    00000136                                   : fd_div_t2.asm.obj (.text)
                  000028d6    00000002     --HOLE-- [fill = 0]
                  000028d8    00000124                                   : _printfi.c.obj (.text:fcvt)
                  000029fc    00000114                                   : fputs.c.obj (.text:fputs)
                  00002b10    00000110                                   : s_scalbn.c.obj (.text:scalbn)
                  00002c20    00000100                                   : memory.c.obj (.text:aligned_alloc)
                  00002d20    000000fc                                   : fd_mul_t2.asm.obj (.text)
                  00002e1c    000000e4                                   : memory.c.obj (.text:free)
                  00002f00    000000dc                                   : setvbuf.c.obj (.text:setvbuf)
                  00002fdc    000000b1                                   : _printfi.c.obj (.text:_ltostr)
                  0000308d    00000001     --HOLE-- [fill = 0]
                  0000308e    0000009c                                   : memcpy_t2.asm.obj (.text)
                  0000312a    00000096                                   : ull_div_t2.asm.obj (.text)
                  000031c0    00000094     systick.obj (.text)
                  00003254    0000008c     rtsv7M4_T_le_v4SPD16_eabi.lib : fputc.c.obj (.text:fputc)
                  000032e0    00000086                                   : fd_cmp_t2.asm.obj (.text:__aeabi_cdcmple)
                  00003366    00000086                                   : fd_cmp_t2.asm.obj (.text:__aeabi_cdrcmple)
                  000033ec    0000007c                                   : fflush.c.obj (.text:fflush)
                  00003468    0000007a                                   : memset_t2.asm.obj (.text)
                  000034e2    00000002     --HOLE-- [fill = 0]
                  000034e4    00000074                                   : fclose.c.obj (.text:__TI_closefile)
                  00003558    00000070                                   : memory.c.obj (.text:split)
                  000035c8    0000006e                                   : _printfi.c.obj (.text:_mcpy)
                  00003636    0000006e                                   : fd_tos_t2.asm.obj (.text)
                  000036a4    0000006c                                   : hostrename.c.obj (.text:HOSTrename)
                  00003710    00000068                                   : hostlseek.c.obj (.text:HOSTlseek)
                  00003778    00000068                                   : copy_decompress_lzss.c.obj (.text:decompress:lzss:__TI_decompress_lzss)
                  000037e0    00000068                                   : printf.c.obj (.text:printf)
                  00003848    00000064                                   : s_frexp.c.obj (.text:frexp)
                  000038ac    00000064                                   : fseek.c.obj (.text:fseek)
                  00003910    00000062                                   : _io_perm.c.obj (.text:__TI_wrt_ok)
                  00003972    00000002     --HOLE-- [fill = 0]
                  00003974    00000060                                   : hostopen.c.obj (.text:HOSTopen)
                  000039d4    0000005c                                   : close.c.obj (.text:close)
                  00003a30    00000058                                   : hostread.c.obj (.text:HOSTread)
                  00003a88    00000058                                   : hostwrite.c.obj (.text:HOSTwrite)
                  00003ae0    00000056                                   : _printfi.c.obj (.text:_pconv_f)
                  00003b36    00000054                                   : _ltoa.c.obj (.text:__TI_ltoa)
                  00003b8a    00000052                                   : _printfi.c.obj (.text:_ecpy)
                  00003bdc    0000004c                                   : fflush.c.obj (.text:__TI_doflush)
                  00003c28    0000004c                                   : atoi.c.obj (.text:atoi)
                  00003c74    00000048                                   : exit.c.obj (.text:exit)
                  00003cbc    00000048                                   : fd_toi_t2.asm.obj (.text)
                  00003d04    00000044                                   : hostclose.c.obj (.text:HOSTclose)
                  00003d48    00000044                                   : hostunlink.c.obj (.text:HOSTunlink)
                  00003d8c    00000044                                   : autoinit.c.obj (.text:__TI_auto_init_nobinit_nopinit:__TI_auto_init_nobinit_nopinit)
                  00003dd0    00000044                                   : getdevice.c.obj (.text:getdevice)
                  00003e14    0000003e                                   : _printfi.c.obj (.text:_fcpy)
                  00003e52    00000002     --HOLE-- [fill = 0]
                  00003e54    00000038                                   : trgmsg.c.obj (.text:__TI_writemsg)
                  00003e8c    00000036                                   : strncpy.c.obj (.text:strncpy)
                  00003ec2    00000002     --HOLE-- [fill = 0]
                  00003ec4    00000034                                   : fopen.c.obj (.text:__TI_cleanup)
                  00003ef8    00000034                                   : trgmsg.c.obj (.text:__TI_readmsg)
                  00003f2c    00000034                                   : boot_cortex_m.c.obj (.text:_c_int00_noargs:_c_int00_noargs)
                  00003f60    00000030                                   : getdevice.c.obj (.text:finddevice)
                  00003f90    0000002e                                   : i_tofd_t2.asm.obj (.text)
                  00003fbe    00000002     --HOLE-- [fill = 0]
                  00003fc0    0000002c                                   : unlink.c.obj (.text:unlink)
                  00003fec    00000028                                   : memory.c.obj (.text:free_list_insert)
                  00004014    00000028                                   : lseek.c.obj (.text:lseek)
                  0000403c    00000028                                   : write.c.obj (.text:write)
                  00004064    00000020                                   : memchr.c.obj (.text:memchr)
                  00004084    0000001c                                   : copy_zero_init.c.obj (.text:decompress:ZI:__TI_zero_init_nomemset:__TI_zero_init_nomemset)
                  000040a0    0000001c                                   : memory.c.obj (.text:free_list_remove)
                  000040bc    0000001c                                   : memccpy.c.obj (.text:memccpy)
                  000040d8    0000001a                                   : s_copysign.c.obj (.text:copysign)
                  000040f2    00000018                                   : strcmp.c.obj (.text:strcmp)
                  0000410a    00000016                                   : strchr.c.obj (.text:strchr)
                  00004120    00000014                                   : strcpy.c.obj (.text:strcpy)
                  00004134    00000014                                   : strlen.c.obj (.text:strlen)
                  00004148    00000012                                   : wcslen.c.obj (.text:wcslen)
                  0000415a    0000000e                                   : copy_decompress_none.c.obj (.text:decompress:none:__TI_decompress_none)
                  00004168    0000000e     startup_msp432p401r_ccs.obj (.text)
                  00004176    00000002     --HOLE-- [fill = 0]
                  00004178    00000008     rtsv7M4_T_le_v4SPD16_eabi.lib : errno.c.obj (.text:__aeabi_errno_addr)
                  00004180    00000008                                   : memory.c.obj (.text:malloc)
                  00004188    00000004                                   : printf.c.obj (.text:_outc)
                  0000418c    00000004                                   : printf.c.obj (.text:_outs)
                  00004190    00000004                                   : pre_init.c.obj (.text:_system_pre_init)
                  00004194    00000004                                   : exit.c.obj (.text:abort:abort)

.const     0    00004198    00000101     
                  00004198    00000101     rtsv7M4_T_le_v4SPD16_eabi.lib : ctype.c.obj (.const:.string:_ctypes_)

.cinit     0    000042a0    000000b0     
                  000042a0    00000087     (.cinit..data.load) [load image, compression = lzss]
                  00004327    00000001     --HOLE-- [fill = 0]
                  00004328    0000000c     (__TI_handler_table)
                  00004334    00000004     --HOLE-- [fill = 0]
                  00004338    00000008     (.cinit..bss.load) [load image, compression = zero_init]
                  00004340    00000010     (__TI_cinit_table)

.init_array 
*          0    00000000    00000000     UNINITIALIZED

.binit     0    00000000    00000000     

.sysmem    0    20000000    00000400     UNINITIALIZED
                  20000000    00000010     rtsv7M4_T_le_v4SPD16_eabi.lib : memory.c.obj (.sysmem)
                  20000010    000003f0     --HOLE--

.data      0    20000400    00000220     UNINITIALIZED
                  20000400    000000f0     rtsv7M4_T_le_v4SPD16_eabi.lib : defs.c.obj (.data:_ftable)
                  200004f0    00000078                                   : host_device.c.obj (.data:_device)
                  20000568    00000050                                   : host_device.c.obj (.data:_stream)
                  200005b8    00000019     main.obj (.data:sendData)
                  200005d1    00000002     main.obj (.data:val)
                  200005d3    00000001     --HOLE--
                  200005d4    00000010     keypad.obj (.data)
                  200005e4    00000010     rtsv7M4_T_le_v4SPD16_eabi.lib : defs.c.obj (.data)
                  200005f4    0000000c                                   : exit.c.obj (.data:$O1$$)
                  20000600    00000008                                   : _lock.c.obj (.data:$O1$$)
                  20000608    00000008                                   : memory.c.obj (.data:$O1$$)
                  20000610    00000006     main.obj (.data)
                  20000616    00000002     --HOLE--
                  20000618    00000004     rtsv7M4_T_le_v4SPD16_eabi.lib : errno.c.obj (.data)
                  2000061c    00000004     system_msp432p401r.obj (.data)

.bss       0    20000620    00000209     UNINITIALIZED
                  20000620    00000120     rtsv7M4_T_le_v4SPD16_eabi.lib : trgmsg.c.obj (.bss:_CIOBUF_)
                  20000740    000000a0     (.common:__TI_tmpnams)
                  200007e0    00000014     (.common:readData)
                  200007f4    00000008     (.common:parmbuf)
                  200007fc    00000004     (.common:tempLSB)
                  20000800    00000004     (.common:tempMSB)
                  20000804    00000001     (.common:agingOffset)
                  20000805    00000001     (.common:bitA1M1)
                  20000806    00000001     (.common:bitA1M2)
                  20000807    00000001     (.common:bitA1M3)
                  20000808    00000001     (.common:bitA1M4)
                  20000809    00000001     (.common:bitA2M2)
                  2000080a    00000001     (.common:bitA2M3)
                  2000080b    00000001     (.common:bitA2M4)
                  2000080c    00000001     (.common:century)
                  2000080d    00000001     (.common:clockSetting)
                  2000080e    00000001     (.common:clockSettingA1)
                  2000080f    00000001     (.common:clockSettingA2)
                  20000810    00000001     (.common:control)
                  20000811    00000001     (.common:date)
                  20000812    00000001     (.common:dateA1)
                  20000813    00000001     (.common:dateA2)
                  20000814    00000001     (.common:day)
                  20000815    00000001     (.common:dayA1)
                  20000816    00000001     (.common:dayA2)
                  20000817    00000001     (.common:dayDateSelectBitA1)
                  20000818    00000001     (.common:dayDateSelectBitA2)
                  20000819    00000001     (.common:hours)
                  2000081a    00000001     (.common:hoursA1)
                  2000081b    00000001     (.common:hoursA2)
                  2000081c    00000001     (.common:meridiem)
                  2000081d    00000001     (.common:meridiemA1)
                  2000081e    00000001     (.common:meridiemA2)
                  2000081f    00000001     (.common:minutes)
                  20000820    00000001     (.common:minutesA1)
                  20000821    00000001     (.common:minutesA2)
                  20000822    00000001     (.common:month)
                  20000823    00000001     (.common:seconds)
                  20000824    00000001     (.common:secondsA1)
                  20000825    00000001     (.common:status)
                  20000826    00000001     (.common:tempVal1)
                  20000827    00000001     (.common:tempVal2)
                  20000828    00000001     (.common:year)

.stack     0    2000fe00    00000200     UNINITIALIZED
                  2000fe00    00000004     rtsv7M4_T_le_v4SPD16_eabi.lib : boot_cortex_m.c.obj (.stack)
                  2000fe04    000001fc     --HOLE--

__llvm_prf_cnts 
*          0    20000000    00000000     UNINITIALIZED

MODULE SUMMARY

       Module                        code    ro data   rw data
       ------                        ----    -------   -------
    ./
       RTC.obj                       3204    0         126    
       main.obj                      788     0         70     
       system_msp432p401r.obj        820     0         8      
       keypad.obj                    620     0         32     
       startup_msp432p401r_ccs.obj   14      228       0      
       systick.obj                   148     0         0      
    +--+-----------------------------+-------+---------+---------+
       Total:                        5594    228       236    
                                                              
    /Applications/ti/ccs1040/ccs/tools/compiler/ti-cgt-arm_20.2.5.LTS/lib/rtsv7M4_T_le_v4SPD16_eabi.lib
       _printfi.c.obj                4851    0         0      
       defs.c.obj                    0       0         832    
       memory.c.obj                  672     0         16     
       trgmsg.c.obj                  108     0         576    
       fd_add_t2.asm.obj             438     0         0      
       host_device.c.obj             0       0         400    
       fd_div_t2.asm.obj             310     0         0      
       fputs.c.obj                   276     0         0      
       s_scalbn.c.obj                272     0         0      
       fd_cmp_t2.asm.obj             268     0         0      
       ctype.c.obj                   0       257       0      
       fd_mul_t2.asm.obj             252     0         0      
       setvbuf.c.obj                 220     0         0      
       fflush.c.obj                  200     0         0      
       memcpy_t2.asm.obj             156     0         0      
       ull_div_t2.asm.obj            150     0         0      
       fputc.c.obj                   140     0         0      
       memset_t2.asm.obj             122     0         0      
       fclose.c.obj                  116     0         0      
       getdevice.c.obj               116     0         0      
       hostopen.c.obj                96      0         16     
       printf.c.obj                  112     0         0      
       fd_tos_t2.asm.obj             110     0         0      
       hostrename.c.obj              108     0         0      
       copy_decompress_lzss.c.obj    104     0         0      
       hostlseek.c.obj               104     0         0      
       exit.c.obj                    76      0         24     
       fseek.c.obj                   100     0         0      
       s_frexp.c.obj                 100     0         0      
       _io_perm.c.obj                98      0         0      
       close.c.obj                   92      0         0      
       hostread.c.obj                88      0         0      
       hostwrite.c.obj               88      0         0      
       _ltoa.c.obj                   84      0         0      
       atoi.c.obj                    76      0         0      
       fd_toi_t2.asm.obj             72      0         0      
       autoinit.c.obj                68      0         0      
       hostclose.c.obj               68      0         0      
       hostunlink.c.obj              68      0         0      
       strncpy.c.obj                 54      0         0      
       boot_cortex_m.c.obj           52      0         0      
       fopen.c.obj                   52      0         0      
       i_tofd_t2.asm.obj             46      0         0      
       unlink.c.obj                  44      0         0      
       lseek.c.obj                   40      0         0      
       write.c.obj                   40      0         0      
       memchr.c.obj                  32      0         0      
       copy_zero_init.c.obj          28      0         0      
       memccpy.c.obj                 28      0         0      
       s_copysign.c.obj              26      0         0      
       strcmp.c.obj                  24      0         0      
       strchr.c.obj                  22      0         0      
       strcpy.c.obj                  20      0         0      
       strlen.c.obj                  20      0         0      
       _lock.c.obj                   2       0         16     
       wcslen.c.obj                  18      0         0      
       errno.c.obj                   8       0         8      
       copy_decompress_none.c.obj    14      0         0      
       pre_init.c.obj                4       0         0      
       div0.asm.obj                  2       0         0      
    +--+-----------------------------+-------+---------+---------+
       Total:                        10955   257       1888   
                                                              
       Heap:                         0       0         2048   
       Stack:                        0       0         1024   
       Linker Generated:             0       171       0      
    +--+-----------------------------+-------+---------+---------+
       Grand Total:                  16549   656       5196   


LINKER GENERATED COPY TABLES

__TI_cinit_table @ 00004340 records: 2, size/record: 8, table size: 16
	.data: load addr=000042a0, load size=00000087 bytes, run addr=20000400, run size=00000220 bytes, compression=lzss
	.bss: load addr=00004338, load size=00000008 bytes, run addr=20000620, run size=00000209 bytes, compression=zero_init


LINKER GENERATED HANDLER TABLE

__TI_handler_table @ 00004328 records: 3, size/record: 4, table size: 12
	index: 0, handler: __TI_decompress_lzss
	index: 1, handler: __TI_decompress_none
	index: 2, handler: __TI_zero_init


GLOBAL SYMBOLS: SORTED ALPHABETICALLY BY Name 

address   name                           
-------   ----                           
00004175  ADC14_IRQHandler               
00004175  AES256_IRQHandler              
00004175  BusFault_Handler               
00004195  C$$EXIT                        
00003e83  C$$IO$$                        
00004175  COMP_E0_IRQHandler             
00004175  COMP_E1_IRQHandler             
00004175  CS_IRQHandler                  
00004175  DMA_ERR_IRQHandler             
00004175  DMA_INT0_IRQHandler            
00004175  DMA_INT1_IRQHandler            
00004175  DMA_INT2_IRQHandler            
00004175  DMA_INT3_IRQHandler            
00004175  DebugMon_Handler               
00004175  Default_Handler                
00004175  EUSCIA0_IRQHandler             
00004175  EUSCIA1_IRQHandler             
00004175  EUSCIA2_IRQHandler             
00004175  EUSCIA3_IRQHandler             
00004175  EUSCIB0_IRQHandler             
00004175  EUSCIB1_IRQHandler             
00004175  EUSCIB2_IRQHandler             
00004175  EUSCIB3_IRQHandler             
00004175  FLCTL_IRQHandler               
00004175  FPU_IRQHandler                 
00003d05  HOSTclose                      
00003711  HOSTlseek                      
00003975  HOSTopen                       
00003a31  HOSTread                       
000036a5  HOSTrename                     
00003d49  HOSTunlink                     
00003a89  HOSTwrite                      
00004175  HardFault_Handler              
00004175  MemManage_Handler              
00004175  NMI_Handler                    
00004175  PCM_IRQHandler                 
00004175  PORT1_IRQHandler               
00004175  PORT2_IRQHandler               
00004175  PORT3_IRQHandler               
00004175  PORT4_IRQHandler               
00004175  PORT5_IRQHandler               
00004175  PORT6_IRQHandler               
00004175  PSS_IRQHandler                 
00004175  PendSV_Handler                 
00004175  RTC_C_IRQHandler               
00004169  Reset_Handler                  
00004175  SVC_Handler                    
00004175  SysTick_Handler                
2000061c  SystemCoreClock                
000017b9  SystemCoreClockUpdate          
00001a31  SystemInit                     
00004175  T32_INT1_IRQHandler            
00004175  T32_INT2_IRQHandler            
00004175  T32_INTC_IRQHandler            
00004175  TA0_0_IRQHandler               
00004175  TA0_N_IRQHandler               
00004175  TA1_0_IRQHandler               
00004175  TA1_N_IRQHandler               
00004175  TA2_0_IRQHandler               
00004175  TA2_N_IRQHandler               
00004175  TA3_0_IRQHandler               
00004175  TA3_N_IRQHandler               
00004175  UsageFault_Handler             
4000480c  WDTCTL_SYM                     
00004175  WDT_A_IRQHandler               
20000620  __CIOBUF_                      
20010000  __STACK_END                    
00000200  __STACK_SIZE                   
00000400  __SYSMEM_SIZE                  
00004340  __TI_CINIT_Base                
00004350  __TI_CINIT_Limit               
00004328  __TI_Handler_Table_Base        
00004334  __TI_Handler_Table_Limit       
00003d8d  __TI_auto_init_nobinit_nopinit 
00003ec5  __TI_cleanup                   
200005f4  __TI_cleanup_ptr               
000034e5  __TI_closefile                 
00003779  __TI_decompress_lzss           
0000415b  __TI_decompress_none           
00003bdd  __TI_doflush                   
200005f8  __TI_dtors_ptr                 
200005fc  __TI_enable_exit_profile_output
200005e4  __TI_ft_end                    
00003b37  __TI_ltoa                      
ffffffff  __TI_pprof_out_hndl            
00000d69  __TI_printfi                   
ffffffff  __TI_prof_data_size            
ffffffff  __TI_prof_data_start           
00003ef9  __TI_readmsg                   
00000000  __TI_static_base__             
20000740  __TI_tmpnams                   
00003e55  __TI_writemsg                  
00003911  __TI_wrt_ok                    
00004085  __TI_zero_init_nomemset        
000032e1  __aeabi_cdcmpeq                
000032e1  __aeabi_cdcmple                
00003367  __aeabi_cdrcmple               
00003637  __aeabi_d2f                    
00003cbd  __aeabi_d2iz                   
000024b7  __aeabi_dadd                   
000027a1  __aeabi_ddiv                   
00002d21  __aeabi_dmul                   
000024ad  __aeabi_dsub                   
00004179  __aeabi_errno_addr             
00003f91  __aeabi_i2d                    
00002663  __aeabi_idiv0                  
00002663  __aeabi_ldiv0                  
00003469  __aeabi_memclr                 
00003469  __aeabi_memclr4                
00003469  __aeabi_memclr8                
0000308f  __aeabi_memcpy                 
0000308f  __aeabi_memcpy4                
0000308f  __aeabi_memcpy8                
0000346b  __aeabi_memset                 
0000346b  __aeabi_memset4                
0000346b  __aeabi_memset8                
200005f0  __aeabi_stderr                 
200005e8  __aeabi_stdin                  
200005ec  __aeabi_stdout                 
0000312b  __aeabi_uldivmod               
ffffffff  __binit__                      
ffffffff  __c_args__                     
UNDEFED   __mpu_init                     
2000fe00  __stack                        
20000000  __start___llvm_prf_cnts        
20000000  __stop___llvm_prf_cnts         
00003f2d  _c_int00_noargs                
00004198  _ctypes_                       
200004f0  _device                        
20000400  _ftable                        
20000600  _lock                          
000017b7  _nop                           
20000568  _stream                        
20000000  _sys_memory                    
UNDEFED   _system_post_cinit             
00004191  _system_pre_init               
20000604  _unlock                        
00004195  abort                          
20000804  agingOffset                    
00002c21  aligned_alloc                  
00003c29  atoi                           
ffffffff  binit                          
20000805  bitA1M1                        
20000806  bitA1M2                        
20000807  bitA1M3                        
20000808  bitA1M4                        
20000809  bitA2M2                        
2000080a  bitA2M3                        
2000080b  bitA2M4                        
000001af  burstRead                      
0000011f  burstWrite                     
20000614  byteCount                      
2000080c  century                        
2000080d  clockSetting                   
2000080e  clockSettingA1                 
2000080f  clockSettingA2                 
000039d5  close                          
20000810  control                        
000040d9  copysign                       
000040d9  copysignl                      
20000811  date                           
20000812  dateA1                         
20000813  dateA2                         
20000814  day                            
20000815  dayA1                          
20000816  dayA2                          
20000817  dayDateSelectBitA1             
20000818  dayDateSelectBitA2             
00000419  decode                         
00000ca7  decodeAgingOffset              
00000c83  decodeControl                  
00000665  decodeDate                     
00000641  decodeDay                      
00000985  decodeDayDateA1                
00000be1  decodeDayDateA2                
00000539  decodeHours                    
0000085d  decodeHoursA1                  
00000ab5  decodeHoursA2                  
000004d1  decodeMinutes                  
000007e7  decodeMinutesA1                
00000a31  decodeMinutesA2                
000006c1  decodeMonth                    
00000491  decodeSeconds                  
0000077d  decodeSecondsA1                
00000c95  decodeStatus                   
00000cf1  decodeTempLSB                  
00000cb9  decodeTempMSB                  
00000735  decodeYear                     
00000263  encode                         
000003b1  encodeAgingOffset              
0000038d  encodeControl                  
000002b5  encodeDate                     
00000333  encodeDateA1                   
0000037b  encodeDateA2                   
000002a3  encodeDay                      
00000321  encodeDayA1                    
00000369  encodeDayA2                    
00000291  encodeHours                    
0000030f  encodeHoursA1                  
00000357  encodeHoursA2                  
0000027f  encodeMinutes                  
000002fd  encodeMinutesA1                
00000345  encodeMinutesA2                
000002c7  encodeMonth                    
0000026d  encodeSeconds                  
000002eb  encodeSecondsA1                
0000039f  encodeStatus                   
000003e5  encodeTempLSB                  
000003c3  encodeTempMSB                  
000002d9  encodeYear                     
200005d8  entry                          
20000618  errno                          
00003c75  exit                           
000033ed  fflush                         
00003f61  finddevice                     
200005e0  flag                           
00003255  fputc                          
000029fd  fputs                          
00002e1d  free                           
00003849  frexp                          
00003849  frexpl                         
000038ad  fseek                          
00003dd1  getdevice                      
20000819  hours                          
2000081a  hoursA1                        
2000081b  hoursA2                        
00002289  inputTroubleshoot              
000031dd  intSysTickSetup                
00000000  interruptVectors               
200005d4  keyPress                       
00002071  keypadInit                     
00002b11  ldexp                          
00002b11  ldexpl                         
00004015  lseek                          
00001aed  main                           
00004181  malloc                         
00002c21  memalign                       
000040bd  memccpy                        
00004065  memchr                         
0000308f  memcpy                         
00003471  memset                         
2000081c  meridiem                       
2000081d  meridiemA1                     
2000081e  meridiemA2                     
2000081f  minutes                        
20000820  minutesA1                      
20000821  minutesA2                      
20000822  month                          
000031f7  msDelay                        
200007f4  parmbuf                        
00002259  printKeys                      
000037e1  printf                         
20000611  prnt                           
00003255  putc                           
200007e0  readData                       
0000209b  readKeypad                     
00003fc1  remove                         
00002b11  scalbn                         
00002b11  scalbnl                        
20000823  seconds                        
20000824  secondsA1                      
200005b8  sendData                       
000000e5  setupI2C                       
00002f01  setvbuf                        
0000226f  shiftVal                       
20000825  status                         
0000410b  strchr                         
000040f3  strcmp                         
00004121  strcpy                         
00004135  strlen                         
00003e8d  strncpy                        
000031c1  sysTickSetup                   
200007fc  tempLSB                        
20000800  tempMSB                        
20000826  tempVal1                       
20000827  tempVal2                       
200005dc  terminate                      
00003fc1  unlink                         
20000610  updateState                    
00001b2f  updateStates                   
20000612  updatedYear                    
00003221  usDelay                        
200005d1  val                            
00004149  wcslen                         
0000403d  write                          
20000828  year                           


GLOBAL SYMBOLS: SORTED BY Symbol Address 

address   name                           
-------   ----                           
00000000  __TI_static_base__             
00000000  interruptVectors               
000000e5  setupI2C                       
0000011f  burstWrite                     
000001af  burstRead                      
00000200  __STACK_SIZE                   
00000263  encode                         
0000026d  encodeSeconds                  
0000027f  encodeMinutes                  
00000291  encodeHours                    
000002a3  encodeDay                      
000002b5  encodeDate                     
000002c7  encodeMonth                    
000002d9  encodeYear                     
000002eb  encodeSecondsA1                
000002fd  encodeMinutesA1                
0000030f  encodeHoursA1                  
00000321  encodeDayA1                    
00000333  encodeDateA1                   
00000345  encodeMinutesA2                
00000357  encodeHoursA2                  
00000369  encodeDayA2                    
0000037b  encodeDateA2                   
0000038d  encodeControl                  
0000039f  encodeStatus                   
000003b1  encodeAgingOffset              
000003c3  encodeTempMSB                  
000003e5  encodeTempLSB                  
00000400  __SYSMEM_SIZE                  
00000419  decode                         
00000491  decodeSeconds                  
000004d1  decodeMinutes                  
00000539  decodeHours                    
00000641  decodeDay                      
00000665  decodeDate                     
000006c1  decodeMonth                    
00000735  decodeYear                     
0000077d  decodeSecondsA1                
000007e7  decodeMinutesA1                
0000085d  decodeHoursA1                  
00000985  decodeDayDateA1                
00000a31  decodeMinutesA2                
00000ab5  decodeHoursA2                  
00000be1  decodeDayDateA2                
00000c83  decodeControl                  
00000c95  decodeStatus                   
00000ca7  decodeAgingOffset              
00000cb9  decodeTempMSB                  
00000cf1  decodeTempLSB                  
00000d69  __TI_printfi                   
000017b7  _nop                           
000017b9  SystemCoreClockUpdate          
00001a31  SystemInit                     
00001aed  main                           
00001b2f  updateStates                   
00002071  keypadInit                     
0000209b  readKeypad                     
00002259  printKeys                      
0000226f  shiftVal                       
00002289  inputTroubleshoot              
000024ad  __aeabi_dsub                   
000024b7  __aeabi_dadd                   
00002663  __aeabi_idiv0                  
00002663  __aeabi_ldiv0                  
000027a1  __aeabi_ddiv                   
000029fd  fputs                          
00002b11  ldexp                          
00002b11  ldexpl                         
00002b11  scalbn                         
00002b11  scalbnl                        
00002c21  aligned_alloc                  
00002c21  memalign                       
00002d21  __aeabi_dmul                   
00002e1d  free                           
00002f01  setvbuf                        
0000308f  __aeabi_memcpy                 
0000308f  __aeabi_memcpy4                
0000308f  __aeabi_memcpy8                
0000308f  memcpy                         
0000312b  __aeabi_uldivmod               
000031c1  sysTickSetup                   
000031dd  intSysTickSetup                
000031f7  msDelay                        
00003221  usDelay                        
00003255  fputc                          
00003255  putc                           
000032e1  __aeabi_cdcmpeq                
000032e1  __aeabi_cdcmple                
00003367  __aeabi_cdrcmple               
000033ed  fflush                         
00003469  __aeabi_memclr                 
00003469  __aeabi_memclr4                
00003469  __aeabi_memclr8                
0000346b  __aeabi_memset                 
0000346b  __aeabi_memset4                
0000346b  __aeabi_memset8                
00003471  memset                         
000034e5  __TI_closefile                 
00003637  __aeabi_d2f                    
000036a5  HOSTrename                     
00003711  HOSTlseek                      
00003779  __TI_decompress_lzss           
000037e1  printf                         
00003849  frexp                          
00003849  frexpl                         
000038ad  fseek                          
00003911  __TI_wrt_ok                    
00003975  HOSTopen                       
000039d5  close                          
00003a31  HOSTread                       
00003a89  HOSTwrite                      
00003b37  __TI_ltoa                      
00003bdd  __TI_doflush                   
00003c29  atoi                           
00003c75  exit                           
00003cbd  __aeabi_d2iz                   
00003d05  HOSTclose                      
00003d49  HOSTunlink                     
00003d8d  __TI_auto_init_nobinit_nopinit 
00003dd1  getdevice                      
00003e55  __TI_writemsg                  
00003e83  C$$IO$$                        
00003e8d  strncpy                        
00003ec5  __TI_cleanup                   
00003ef9  __TI_readmsg                   
00003f2d  _c_int00_noargs                
00003f61  finddevice                     
00003f91  __aeabi_i2d                    
00003fc1  remove                         
00003fc1  unlink                         
00004015  lseek                          
0000403d  write                          
00004065  memchr                         
00004085  __TI_zero_init_nomemset        
000040bd  memccpy                        
000040d9  copysign                       
000040d9  copysignl                      
000040f3  strcmp                         
0000410b  strchr                         
00004121  strcpy                         
00004135  strlen                         
00004149  wcslen                         
0000415b  __TI_decompress_none           
00004169  Reset_Handler                  
00004175  ADC14_IRQHandler               
00004175  AES256_IRQHandler              
00004175  BusFault_Handler               
00004175  COMP_E0_IRQHandler             
00004175  COMP_E1_IRQHandler             
00004175  CS_IRQHandler                  
00004175  DMA_ERR_IRQHandler             
00004175  DMA_INT0_IRQHandler            
00004175  DMA_INT1_IRQHandler            
00004175  DMA_INT2_IRQHandler            
00004175  DMA_INT3_IRQHandler            
00004175  DebugMon_Handler               
00004175  Default_Handler                
00004175  EUSCIA0_IRQHandler             
00004175  EUSCIA1_IRQHandler             
00004175  EUSCIA2_IRQHandler             
00004175  EUSCIA3_IRQHandler             
00004175  EUSCIB0_IRQHandler             
00004175  EUSCIB1_IRQHandler             
00004175  EUSCIB2_IRQHandler             
00004175  EUSCIB3_IRQHandler             
00004175  FLCTL_IRQHandler               
00004175  FPU_IRQHandler                 
00004175  HardFault_Handler              
00004175  MemManage_Handler              
00004175  NMI_Handler                    
00004175  PCM_IRQHandler                 
00004175  PORT1_IRQHandler               
00004175  PORT2_IRQHandler               
00004175  PORT3_IRQHandler               
00004175  PORT4_IRQHandler               
00004175  PORT5_IRQHandler               
00004175  PORT6_IRQHandler               
00004175  PSS_IRQHandler                 
00004175  PendSV_Handler                 
00004175  RTC_C_IRQHandler               
00004175  SVC_Handler                    
00004175  SysTick_Handler                
00004175  T32_INT1_IRQHandler            
00004175  T32_INT2_IRQHandler            
00004175  T32_INTC_IRQHandler            
00004175  TA0_0_IRQHandler               
00004175  TA0_N_IRQHandler               
00004175  TA1_0_IRQHandler               
00004175  TA1_N_IRQHandler               
00004175  TA2_0_IRQHandler               
00004175  TA2_N_IRQHandler               
00004175  TA3_0_IRQHandler               
00004175  TA3_N_IRQHandler               
00004175  UsageFault_Handler             
00004175  WDT_A_IRQHandler               
00004179  __aeabi_errno_addr             
00004181  malloc                         
00004191  _system_pre_init               
00004195  C$$EXIT                        
00004195  abort                          
00004198  _ctypes_                       
00004328  __TI_Handler_Table_Base        
00004334  __TI_Handler_Table_Limit       
00004340  __TI_CINIT_Base                
00004350  __TI_CINIT_Limit               
20000000  __start___llvm_prf_cnts        
20000000  __stop___llvm_prf_cnts         
20000000  _sys_memory                    
20000400  _ftable                        
200004f0  _device                        
20000568  _stream                        
200005b8  sendData                       
200005d1  val                            
200005d4  keyPress                       
200005d8  entry                          
200005dc  terminate                      
200005e0  flag                           
200005e4  __TI_ft_end                    
200005e8  __aeabi_stdin                  
200005ec  __aeabi_stdout                 
200005f0  __aeabi_stderr                 
200005f4  __TI_cleanup_ptr               
200005f8  __TI_dtors_ptr                 
200005fc  __TI_enable_exit_profile_output
20000600  _lock                          
20000604  _unlock                        
20000610  updateState                    
20000611  prnt                           
20000612  updatedYear                    
20000614  byteCount                      
20000618  errno                          
2000061c  SystemCoreClock                
20000620  __CIOBUF_                      
20000740  __TI_tmpnams                   
200007e0  readData                       
200007f4  parmbuf                        
200007fc  tempLSB                        
20000800  tempMSB                        
20000804  agingOffset                    
20000805  bitA1M1                        
20000806  bitA1M2                        
20000807  bitA1M3                        
20000808  bitA1M4                        
20000809  bitA2M2                        
2000080a  bitA2M3                        
2000080b  bitA2M4                        
2000080c  century                        
2000080d  clockSetting                   
2000080e  clockSettingA1                 
2000080f  clockSettingA2                 
20000810  control                        
20000811  date                           
20000812  dateA1                         
20000813  dateA2                         
20000814  day                            
20000815  dayA1                          
20000816  dayA2                          
20000817  dayDateSelectBitA1             
20000818  dayDateSelectBitA2             
20000819  hours                          
2000081a  hoursA1                        
2000081b  hoursA2                        
2000081c  meridiem                       
2000081d  meridiemA1                     
2000081e  meridiemA2                     
2000081f  minutes                        
20000820  minutesA1                      
20000821  minutesA2                      
20000822  month                          
20000823  seconds                        
20000824  secondsA1                      
20000825  status                         
20000826  tempVal1                       
20000827  tempVal2                       
20000828  year                           
2000fe00  __stack                        
20010000  __STACK_END                    
4000480c  WDTCTL_SYM                     
ffffffff  __TI_pprof_out_hndl            
ffffffff  __TI_prof_data_size            
ffffffff  __TI_prof_data_start           
ffffffff  __binit__                      
ffffffff  __c_args__                     
ffffffff  binit                          
UNDEFED   __mpu_init                     
UNDEFED   _system_post_cinit             

[286 symbols]
