******************************************************************************
                  TI ARM Linker Unix v20.2.5                   
******************************************************************************
>> Linked Wed Dec  8 10:30:53 2021

OUTPUT FILE NAME:   <L9_P1_Hall_Effect Sensor.out>
ENTRY POINT SYMBOL: "_c_int00_noargs"  address: 00001e89


MEMORY CONFIGURATION

         name            origin    length      used     unused   attr    fill
----------------------  --------  ---------  --------  --------  ----  --------
  MAIN                  00000000   00040000  0000273e  0003d8c2  R  X
  INFO                  00200000   00004000  00000000  00004000  R  X
  SRAM_CODE             01000000   00010000  0000024c  0000fdb4  RW X
  SRAM_DATA             20000000   00010000  0000024c  0000fdb4  RW  


SEGMENT ALLOCATION MAP

run origin  load origin   length   init length attrs members
----------  ----------- ---------- ----------- ----- -------
00000000    00000000    00002740   00002740    r-x
  00000000    00000000    000000e4   000000e4    r-- .intvecs
  000000e4    000000e4    00001e38   00001e38    r-x .text
  00001f1c    00001f1c    000007e2   000007e2    r-- .const
  00002700    00002700    00000040   00000040    r-- .cinit
20000000    20000000    0000004c   00000000    rw-
  20000000    20000000    00000034   00000000    rw- .bss
  20000034    20000034    00000018   00000000    rw- .data
2000fe00    2000fe00    00000200   00000000    rw-
  2000fe00    2000fe00    00000200   00000000    rw- .stack


SECTION ALLOCATION MAP

 output                                  attributes/
section   page    origin      length       input sections
--------  ----  ----------  ----------   ----------------
.intvecs   0    00000000    000000e4     
                  00000000    000000e4     startup_msp432p401r_ccs.obj (.intvecs:retain)

.text      0    000000e4    00001e38     
                  000000e4    000013b0     ST7735.obj (.text)
                  00001494    00000378     system_msp432p401r.obj (.text)
                  0000180c    000002ac     systick.obj (.text)
                  00001ab8    0000018c     main.obj (.text)
                  00001c44    000000fc     rtsv7M4_T_le_v4SPD16_eabi.lib : fd_mul_t2.asm.obj (.text)
                  00001d40    0000009c                                   : memcpy_t2.asm.obj (.text)
                  00001ddc    00000068                                   : copy_decompress_lzss.c.obj (.text:decompress:lzss:__TI_decompress_lzss)
                  00001e44    00000044                                   : autoinit.c.obj (.text:__TI_auto_init_nobinit_nopinit:__TI_auto_init_nobinit_nopinit)
                  00001e88    00000034                                   : boot_cortex_m.c.obj (.text:_c_int00_noargs:_c_int00_noargs)
                  00001ebc    00000020                                   : u_tofd_t2.asm.obj (.text)
                  00001edc    0000001c                                   : copy_zero_init.c.obj (.text:decompress:ZI:__TI_zero_init_nomemset:__TI_zero_init_nomemset)
                  00001ef8    0000000e                                   : copy_decompress_none.c.obj (.text:decompress:none:__TI_decompress_none)
                  00001f06    0000000e     startup_msp432p401r_ccs.obj (.text)
                  00001f14    00000004     rtsv7M4_T_le_v4SPD16_eabi.lib : pre_init.c.obj (.text:_system_pre_init)
                  00001f18    00000004                                   : exit.c.obj (.text:abort:abort)

.const     0    00001f1c    000007e2     
                  00001f1c    000004fb     ST7735.obj (.const:.string:Font)
                  00002417    00000200     ST7735.obj (.const:.string:dBfs)
                  00002617    00000067     ST7735.obj (.const:.string:Bcmd)
                  0000267e    0000003b     ST7735.obj (.const:.string:Rcmd1)
                  000026b9    0000002b     ST7735.obj (.const:.string:Rcmd3)
                  000026e4    0000000d     ST7735.obj (.const:.string:Rcmd2green)
                  000026f1    0000000d     ST7735.obj (.const:.string:Rcmd2red)

.cinit     0    00002700    00000040     
                  00002700    00000015     (.cinit..data.load) [load image, compression = lzss]
                  00002715    00000003     --HOLE-- [fill = 0]
                  00002718    0000000c     (__TI_handler_table)
                  00002724    00000004     --HOLE-- [fill = 0]
                  00002728    00000008     (.cinit..bss.load) [load image, compression = zero_init]
                  00002730    00000010     (__TI_cinit_table)

.init_array 
*          0    00000000    00000000     UNINITIALIZED

.binit     0    00000000    00000000     

.bss       0    20000000    00000034     UNINITIALIZED
                  20000000    0000000c     (.common:Message)
                  2000000c    00000004     ST7735.obj (.bss)
                  20000010    00000008     (.common:micro)
                  20000018    00000004     (.common:Messageindex)
                  2000001c    00000004     (.common:X)
                  20000020    00000004     (.common:Ymax)
                  20000024    00000004     (.common:Ymin)
                  20000028    00000004     (.common:Yrange)
                  2000002c    00000002     (.common:currentEdge)
                  2000002e    00000002     (.common:deltaCycles)
                  20000030    00000002     (.common:lastEdge)
                  20000032    00000001     (.common:clear)
                  20000033    00000001     (.common:status)

.data      0    20000034    00000018     UNINITIALIZED
                  20000034    00000014     ST7735.obj (.data)
                  20000048    00000004     system_msp432p401r.obj (.data)

.stack     0    2000fe00    00000200     UNINITIALIZED
                  2000fe00    00000004     rtsv7M4_T_le_v4SPD16_eabi.lib : boot_cortex_m.c.obj (.stack)
                  2000fe04    000001fc     --HOLE--

__llvm_prf_cnts 
*          0    20000000    00000000     UNINITIALIZED

MODULE SUMMARY

       Module                        code   ro data   rw data
       ------                        ----   -------   -------
    ./
       ST7735.obj                    5040   2018      112    
       system_msp432p401r.obj        888    0         8      
       systick.obj                   684    0         0      
       main.obj                      396    0         32     
       startup_msp432p401r_ccs.obj   14     228       0      
    +--+-----------------------------+------+---------+---------+
       Total:                        7022   2246      152    
                                                             
    /Applications/ti/ccs1040/ccs/tools/compiler/ti-cgt-arm_20.2.5.LTS/lib/rtsv7M4_T_le_v4SPD16_eabi.lib
       fd_mul_t2.asm.obj             252    0         0      
       memcpy_t2.asm.obj             156    0         0      
       copy_decompress_lzss.c.obj    104    0         0      
       autoinit.c.obj                68     0         0      
       boot_cortex_m.c.obj           52     0         0      
       u_tofd_t2.asm.obj             32     0         0      
       copy_zero_init.c.obj          28     0         0      
       copy_decompress_none.c.obj    14     0         0      
       exit.c.obj                    4      0         0      
       pre_init.c.obj                4      0         0      
    +--+-----------------------------+------+---------+---------+
       Total:                        714    0         0      
                                                             
       Stack:                        0      0         1024   
       Linker Generated:             0      57        0      
    +--+-----------------------------+------+---------+---------+
       Grand Total:                  7736   2303      1176   


LINKER GENERATED COPY TABLES

__TI_cinit_table @ 00002730 records: 2, size/record: 8, table size: 16
	.data: load addr=00002700, load size=00000015 bytes, run addr=20000034, run size=00000018 bytes, compression=lzss
	.bss: load addr=00002728, load size=00000008 bytes, run addr=20000000, run size=00000034 bytes, compression=zero_init


LINKER GENERATED HANDLER TABLE

__TI_handler_table @ 00002718 records: 3, size/record: 4, table size: 12
	index: 0, handler: __TI_decompress_lzss
	index: 1, handler: __TI_decompress_none
	index: 2, handler: __TI_zero_init


GLOBAL SYMBOLS: SORTED ALPHABETICALLY BY Name 

address   name                          
-------   ----                          
00001f13  ADC14_IRQHandler              
00001f13  AES256_IRQHandler             
00001f13  BusFault_Handler              
00001f19  C$$EXIT                       
00001f13  COMP_E0_IRQHandler            
00001f13  COMP_E1_IRQHandler            
00001f13  CS_IRQHandler                 
00001f13  DMA_ERR_IRQHandler            
00001f13  DMA_INT0_IRQHandler           
00001f13  DMA_INT1_IRQHandler           
00001f13  DMA_INT2_IRQHandler           
00001f13  DMA_INT3_IRQHandler           
00001f13  DebugMon_Handler              
00001f13  Default_Handler               
0000015b  Delay1ms                      
00001f13  EUSCIA0_IRQHandler            
00001f13  EUSCIA1_IRQHandler            
00001f13  EUSCIA2_IRQHandler            
00001f13  EUSCIA3_IRQHandler            
00001f13  EUSCIB0_IRQHandler            
00001f13  EUSCIB1_IRQHandler            
00001f13  EUSCIB2_IRQHandler            
00001f13  EUSCIB3_IRQHandler            
00001f13  FLCTL_IRQHandler              
00001f13  FPU_IRQHandler                
00001f13  HardFault_Handler             
00001f13  MemManage_Handler             
20000000  Message                       
20000018  Messageindex                  
00001f13  NMI_Handler                   
00001433  Output_Clear                  
0000144d  Output_Color                  
00001423  Output_Init                   
0000143d  Output_Off                    
00001445  Output_On                     
00001f13  PCM_IRQHandler                
00001f13  PORT1_IRQHandler              
00001f13  PORT2_IRQHandler              
00001f13  PORT3_IRQHandler              
00001f13  PORT4_IRQHandler              
00001f13  PORT5_IRQHandler              
00001f13  PORT6_IRQHandler              
00001f13  PSS_IRQHandler                
00001f13  PendSV_Handler                
00001f13  RTC_C_IRQHandler              
00001f07  Reset_Handler                 
0000073d  ST7735_Color565               
000007a1  ST7735_DrawBitmap             
00000b15  ST7735_DrawChar               
0000099f  ST7735_DrawCharS              
00000535  ST7735_DrawFastHLine          
00000477  ST7735_DrawFastVLine          
0000041d  ST7735_DrawPixel              
00000c87  ST7735_DrawString             
00000631  ST7735_FillRect               
000005ed  ST7735_FillScreen             
000002e9  ST7735_InitB                  
00000309  ST7735_InitR                  
00000ec7  ST7735_InvertDisplay          
00001305  ST7735_OutChar                
000013c5  ST7735_OutString              
00000d7d  ST7735_OutUDec                
00001211  ST7735_PlotBar                
00000edf  ST7735_PlotClear              
00001001  ST7735_PlotLine               
000012b1  ST7735_PlotNext               
000012cb  ST7735_PlotNextErase          
00000f3b  ST7735_PlotPoint              
0000113b  ST7735_PlotPoints             
00001267  ST7735_PlotdBfs               
00000d57  ST7735_SetCursor              
00000dfd  ST7735_SetRotation            
000013e3  ST7735_SetTextColor           
00000771  ST7735_SwapColor              
00001f13  SVC_Handler                   
2000003c  StTextColor                   
20000034  StX                           
20000038  StY                           
00001f13  SysTick_Handler               
20000048  SystemCoreClock               
00001495  SystemCoreClockUpdate         
0000170d  SystemInit                    
00001f13  T32_INT1_IRQHandler           
00001f13  T32_INT2_IRQHandler           
00001f13  T32_INTC_IRQHandler           
00001f13  TA0_0_IRQHandler              
00001f13  TA0_N_IRQHandler              
00001f13  TA1_0_IRQHandler              
00001f13  TA1_N_IRQHandler              
00001f13  TA2_0_IRQHandler              
00001b29  TA2_N_IRQHandler              
00001b29  TA2_N_IRQHandler              
00001f13  TA3_0_IRQHandler              
00001f13  TA3_N_IRQHandler              
00001f13  UsageFault_Handler            
4000480c  WDTCTL_SYM                    
00001f13  WDT_A_IRQHandler              
2000001c  X                             
20000020  Ymax                          
20000024  Ymin                          
20000028  Yrange                        
20010000  __STACK_END                   
00000200  __STACK_SIZE                  
00002730  __TI_CINIT_Base               
00002740  __TI_CINIT_Limit              
00002718  __TI_Handler_Table_Base       
00002724  __TI_Handler_Table_Limit      
00001e45  __TI_auto_init_nobinit_nopinit
00001ddd  __TI_decompress_lzss          
00001ef9  __TI_decompress_none          
ffffffff  __TI_pprof_out_hndl           
ffffffff  __TI_prof_data_size           
ffffffff  __TI_prof_data_start          
00000000  __TI_static_base__            
00001edd  __TI_zero_init_nomemset       
00001c45  __aeabi_dmul                  
00001d41  __aeabi_memcpy                
00001d41  __aeabi_memcpy4               
00001d41  __aeabi_memcpy8               
00001ebd  __aeabi_ui2d                  
ffffffff  __binit__                     
ffffffff  __c_args__                    
UNDEFED   __mpu_init                    
2000fe00  __stack                       
20000000  __start___llvm_prf_cnts       
20000000  __stop___llvm_prf_cnts        
00001e89  _c_int00_noargs               
UNDEFED   _system_post_cinit            
00001f15  _system_pre_init              
00001f19  abort                         
ffffffff  binit                         
20000032  clear                         
2000002c  currentEdge                   
00002417  dBfs                          
2000002e  deltaCycles                   
00001415  ferror                        
00001409  fgetc                         
00000d15  fillmessage                   
000013f7  fputc                         
00001bd1  gpioSetup                     
00001829  intSysTickSetup               
00000000  interruptVectors              
20000030  lastEdge                      
20000044  lastj                         
00001ab9  main                          
00001d41  memcpy                        
20000010  micro                         
00001857  msDelay                       
0000014d  parrotdelay                   
00001bbd  setupTimerA                   
20000033  status                        
0000180d  sysTickSetup                  
0000198f  usDelay                       


GLOBAL SYMBOLS: SORTED BY Symbol Address 

address   name                          
-------   ----                          
00000000  __TI_static_base__            
00000000  interruptVectors              
0000014d  parrotdelay                   
0000015b  Delay1ms                      
00000200  __STACK_SIZE                  
000002e9  ST7735_InitB                  
00000309  ST7735_InitR                  
0000041d  ST7735_DrawPixel              
00000477  ST7735_DrawFastVLine          
00000535  ST7735_DrawFastHLine          
000005ed  ST7735_FillScreen             
00000631  ST7735_FillRect               
0000073d  ST7735_Color565               
00000771  ST7735_SwapColor              
000007a1  ST7735_DrawBitmap             
0000099f  ST7735_DrawCharS              
00000b15  ST7735_DrawChar               
00000c87  ST7735_DrawString             
00000d15  fillmessage                   
00000d57  ST7735_SetCursor              
00000d7d  ST7735_OutUDec                
00000dfd  ST7735_SetRotation            
00000ec7  ST7735_InvertDisplay          
00000edf  ST7735_PlotClear              
00000f3b  ST7735_PlotPoint              
00001001  ST7735_PlotLine               
0000113b  ST7735_PlotPoints             
00001211  ST7735_PlotBar                
00001267  ST7735_PlotdBfs               
000012b1  ST7735_PlotNext               
000012cb  ST7735_PlotNextErase          
00001305  ST7735_OutChar                
000013c5  ST7735_OutString              
000013e3  ST7735_SetTextColor           
000013f7  fputc                         
00001409  fgetc                         
00001415  ferror                        
00001423  Output_Init                   
00001433  Output_Clear                  
0000143d  Output_Off                    
00001445  Output_On                     
0000144d  Output_Color                  
00001495  SystemCoreClockUpdate         
0000170d  SystemInit                    
0000180d  sysTickSetup                  
00001829  intSysTickSetup               
00001857  msDelay                       
0000198f  usDelay                       
00001ab9  main                          
00001b29  TA2_N_IRQHandler              
00001b29  TA2_N_IRQHandler              
00001bbd  setupTimerA                   
00001bd1  gpioSetup                     
00001c45  __aeabi_dmul                  
00001d41  __aeabi_memcpy                
00001d41  __aeabi_memcpy4               
00001d41  __aeabi_memcpy8               
00001d41  memcpy                        
00001ddd  __TI_decompress_lzss          
00001e45  __TI_auto_init_nobinit_nopinit
00001e89  _c_int00_noargs               
00001ebd  __aeabi_ui2d                  
00001edd  __TI_zero_init_nomemset       
00001ef9  __TI_decompress_none          
00001f07  Reset_Handler                 
00001f13  ADC14_IRQHandler              
00001f13  AES256_IRQHandler             
00001f13  BusFault_Handler              
00001f13  COMP_E0_IRQHandler            
00001f13  COMP_E1_IRQHandler            
00001f13  CS_IRQHandler                 
00001f13  DMA_ERR_IRQHandler            
00001f13  DMA_INT0_IRQHandler           
00001f13  DMA_INT1_IRQHandler           
00001f13  DMA_INT2_IRQHandler           
00001f13  DMA_INT3_IRQHandler           
00001f13  DebugMon_Handler              
00001f13  Default_Handler               
00001f13  EUSCIA0_IRQHandler            
00001f13  EUSCIA1_IRQHandler            
00001f13  EUSCIA2_IRQHandler            
00001f13  EUSCIA3_IRQHandler            
00001f13  EUSCIB0_IRQHandler            
00001f13  EUSCIB1_IRQHandler            
00001f13  EUSCIB2_IRQHandler            
00001f13  EUSCIB3_IRQHandler            
00001f13  FLCTL_IRQHandler              
00001f13  FPU_IRQHandler                
00001f13  HardFault_Handler             
00001f13  MemManage_Handler             
00001f13  NMI_Handler                   
00001f13  PCM_IRQHandler                
00001f13  PORT1_IRQHandler              
00001f13  PORT2_IRQHandler              
00001f13  PORT3_IRQHandler              
00001f13  PORT4_IRQHandler              
00001f13  PORT5_IRQHandler              
00001f13  PORT6_IRQHandler              
00001f13  PSS_IRQHandler                
00001f13  PendSV_Handler                
00001f13  RTC_C_IRQHandler              
00001f13  SVC_Handler                   
00001f13  SysTick_Handler               
00001f13  T32_INT1_IRQHandler           
00001f13  T32_INT2_IRQHandler           
00001f13  T32_INTC_IRQHandler           
00001f13  TA0_0_IRQHandler              
00001f13  TA0_N_IRQHandler              
00001f13  TA1_0_IRQHandler              
00001f13  TA1_N_IRQHandler              
00001f13  TA2_0_IRQHandler              
00001f13  TA3_0_IRQHandler              
00001f13  TA3_N_IRQHandler              
00001f13  UsageFault_Handler            
00001f13  WDT_A_IRQHandler              
00001f15  _system_pre_init              
00001f19  C$$EXIT                       
00001f19  abort                         
00002417  dBfs                          
00002718  __TI_Handler_Table_Base       
00002724  __TI_Handler_Table_Limit      
00002730  __TI_CINIT_Base               
00002740  __TI_CINIT_Limit              
20000000  Message                       
20000000  __start___llvm_prf_cnts       
20000000  __stop___llvm_prf_cnts        
20000010  micro                         
20000018  Messageindex                  
2000001c  X                             
20000020  Ymax                          
20000024  Ymin                          
20000028  Yrange                        
2000002c  currentEdge                   
2000002e  deltaCycles                   
20000030  lastEdge                      
20000032  clear                         
20000033  status                        
20000034  StX                           
20000038  StY                           
2000003c  StTextColor                   
20000044  lastj                         
20000048  SystemCoreClock               
2000fe00  __stack                       
20010000  __STACK_END                   
4000480c  WDTCTL_SYM                    
ffffffff  __TI_pprof_out_hndl           
ffffffff  __TI_prof_data_size           
ffffffff  __TI_prof_data_start          
ffffffff  __binit__                     
ffffffff  __c_args__                    
ffffffff  binit                         
UNDEFED   __mpu_init                    
UNDEFED   _system_post_cinit            

[153 symbols]
