******************************************************************************
                  TI ARM Linker Unix v20.2.5                   
******************************************************************************
>> Linked Fri Oct 15 02:17:50 2021

OUTPUT FILE NAME:   <L6_P1_LCD_Interface.out>
ENTRY POINT SYMBOL: "_c_int00_noargs"  address: 00001c25


MEMORY CONFIGURATION

         name            origin    length      used     unused   attr    fill
----------------------  --------  ---------  --------  --------  ----  --------
  MAIN                  00000000   00040000  000024ba  0003db46  R  X
  INFO                  00200000   00004000  00000000  00004000  R  X
  SRAM_CODE             01000000   00010000  0000063c  0000f9c4  RW X
  SRAM_DATA             20000000   00010000  0000063c  0000f9c4  RW  


SEGMENT ALLOCATION MAP

run origin  load origin   length   init length attrs members
----------  ----------- ---------- ----------- ----- -------
00000000    00000000    000024c0   000024c0    r-x
  00000000    00000000    000000e4   000000e4    r-- .intvecs
  000000e4    000000e4    00001bb4   00001bb4    r-x .text
  00001c98    00001c98    000007e2   000007e2    r-- .const
  00002480    00002480    00000040   00000040    r-- .cinit
20000000    20000000    0000043c   00000000    rw-
  20000000    20000000    00000400   00000000    rw- .sysmem
  20000400    20000400    00000024   00000000    rw- .bss
  20000424    20000424    00000018   00000000    rw- .data
2000fe00    2000fe00    00000200   00000000    rw-
  2000fe00    2000fe00    00000200   00000000    rw- .stack


SECTION ALLOCATION MAP

 output                                  attributes/
section   page    origin      length       input sections
--------  ----  ----------  ----------   ----------------
.intvecs   0    00000000    000000e4     
                  00000000    000000e4     startup_msp432p401r_ccs.obj (.intvecs:retain)

.text      0    000000e4    00001bb4     
                  000000e4    000013b0     ST7735.obj (.text)
                  00001494    00000378     system_msp432p401r.obj (.text)
                  0000180c    0000028c     systick.obj (.text)
                  00001a98    0000009c     rtsv7M4_T_le_v4SPD16_eabi.lib : memcpy_t2.asm.obj (.text)
                  00001b34    00000068                                   : copy_decompress_lzss.c.obj (.text:decompress:lzss:__TI_decompress_lzss)
                  00001b9c    00000044                                   : autoinit.c.obj (.text:__TI_auto_init_nobinit_nopinit:__TI_auto_init_nobinit_nopinit)
                  00001be0    00000044     main.obj (.text)
                  00001c24    00000034     rtsv7M4_T_le_v4SPD16_eabi.lib : boot_cortex_m.c.obj (.text:_c_int00_noargs:_c_int00_noargs)
                  00001c58    0000001c                                   : copy_zero_init.c.obj (.text:decompress:ZI:__TI_zero_init_nomemset:__TI_zero_init_nomemset)
                  00001c74    0000000e                                   : copy_decompress_none.c.obj (.text:decompress:none:__TI_decompress_none)
                  00001c82    0000000e     startup_msp432p401r_ccs.obj (.text)
                  00001c90    00000004     rtsv7M4_T_le_v4SPD16_eabi.lib : pre_init.c.obj (.text:_system_pre_init)
                  00001c94    00000004                                   : exit.c.obj (.text:abort:abort)

.const     0    00001c98    000007e2     
                  00001c98    000004fb     ST7735.obj (.const:.string:Font)
                  00002193    00000200     ST7735.obj (.const:.string:dBfs)
                  00002393    00000067     ST7735.obj (.const:.string:Bcmd)
                  000023fa    0000003b     ST7735.obj (.const:.string:Rcmd1)
                  00002435    0000002b     ST7735.obj (.const:.string:Rcmd3)
                  00002460    0000000d     ST7735.obj (.const:.string:Rcmd2green)
                  0000246d    0000000d     ST7735.obj (.const:.string:Rcmd2red)

.cinit     0    00002480    00000040     
                  00002480    00000015     (.cinit..data.load) [load image, compression = lzss]
                  00002495    00000003     --HOLE-- [fill = 0]
                  00002498    0000000c     (__TI_handler_table)
                  000024a4    00000004     --HOLE-- [fill = 0]
                  000024a8    00000008     (.cinit..bss.load) [load image, compression = zero_init]
                  000024b0    00000010     (__TI_cinit_table)

.init_array 
*          0    00000000    00000000     UNINITIALIZED

.binit     0    00000000    00000000     

.sysmem    0    20000000    00000400     UNINITIALIZED
                  20000000    00000010     rtsv7M4_T_le_v4SPD16_eabi.lib : memory.c.obj (.sysmem)
                  20000010    000003f0     --HOLE--

.bss       0    20000400    00000024     UNINITIALIZED
                  20000400    0000000c     (.common:Message)
                  2000040c    00000004     ST7735.obj (.bss)
                  20000410    00000004     (.common:Messageindex)
                  20000414    00000004     (.common:X)
                  20000418    00000004     (.common:Ymax)
                  2000041c    00000004     (.common:Ymin)
                  20000420    00000004     (.common:Yrange)

.data      0    20000424    00000018     UNINITIALIZED
                  20000424    00000014     ST7735.obj (.data)
                  20000438    00000004     system_msp432p401r.obj (.data)

.stack     0    2000fe00    00000200     UNINITIALIZED
                  2000fe00    00000004     rtsv7M4_T_le_v4SPD16_eabi.lib : boot_cortex_m.c.obj (.stack)
                  2000fe04    000001fc     --HOLE--

__llvm_prf_cnts 
*          0    20000000    00000000     UNINITIALIZED

MODULE SUMMARY

       Module                        code   ro data   rw data
       ------                        ----   -------   -------
    ./
       ST7735.obj                    5040   2018      112    
       system_msp432p401r.obj        888    0         8      
       systick.obj                   652    0         0      
       startup_msp432p401r_ccs.obj   14     228       0      
       main.obj                      68     0         0      
    +--+-----------------------------+------+---------+---------+
       Total:                        6662   2246      120    
                                                             
    /Applications/ti/ccs1040/ccs/tools/compiler/ti-cgt-arm_20.2.5.LTS/lib/rtsv7M4_T_le_v4SPD16_eabi.lib
       memcpy_t2.asm.obj             156    0         0      
       copy_decompress_lzss.c.obj    104    0         0      
       autoinit.c.obj                68     0         0      
       boot_cortex_m.c.obj           52     0         0      
       copy_zero_init.c.obj          28     0         0      
       copy_decompress_none.c.obj    14     0         0      
       exit.c.obj                    4      0         0      
       pre_init.c.obj                4      0         0      
    +--+-----------------------------+------+---------+---------+
       Total:                        430    0         0      
                                                             
       Heap:                         0      0         2048   
       Stack:                        0      0         1024   
       Linker Generated:             0      57        0      
    +--+-----------------------------+------+---------+---------+
       Grand Total:                  7092   2303      3192   


LINKER GENERATED COPY TABLES

__TI_cinit_table @ 000024b0 records: 2, size/record: 8, table size: 16
	.data: load addr=00002480, load size=00000015 bytes, run addr=20000424, run size=00000018 bytes, compression=lzss
	.bss: load addr=000024a8, load size=00000008 bytes, run addr=20000400, run size=00000024 bytes, compression=zero_init


LINKER GENERATED HANDLER TABLE

__TI_handler_table @ 00002498 records: 3, size/record: 4, table size: 12
	index: 0, handler: __TI_decompress_lzss
	index: 1, handler: __TI_decompress_none
	index: 2, handler: __TI_zero_init


GLOBAL SYMBOLS: SORTED ALPHABETICALLY BY Name 

address   name                          
-------   ----                          
00001c8f  ADC14_IRQHandler              
00001c8f  AES256_IRQHandler             
00001c8f  BusFault_Handler              
00001c95  C$$EXIT                       
00001c8f  COMP_E0_IRQHandler            
00001c8f  COMP_E1_IRQHandler            
00001c8f  CS_IRQHandler                 
00001c8f  DMA_ERR_IRQHandler            
00001c8f  DMA_INT0_IRQHandler           
00001c8f  DMA_INT1_IRQHandler           
00001c8f  DMA_INT2_IRQHandler           
00001c8f  DMA_INT3_IRQHandler           
00001c8f  DebugMon_Handler              
00001c8f  Default_Handler               
0000015b  Delay1ms                      
00001c8f  EUSCIA0_IRQHandler            
00001c8f  EUSCIA1_IRQHandler            
00001c8f  EUSCIA2_IRQHandler            
00001c8f  EUSCIA3_IRQHandler            
00001c8f  EUSCIB0_IRQHandler            
00001c8f  EUSCIB1_IRQHandler            
00001c8f  EUSCIB2_IRQHandler            
00001c8f  EUSCIB3_IRQHandler            
00001c8f  FLCTL_IRQHandler              
00001c8f  FPU_IRQHandler                
00001c8f  HardFault_Handler             
00001c8f  MemManage_Handler             
20000400  Message                       
20000410  Messageindex                  
00001c8f  NMI_Handler                   
00001433  Output_Clear                  
0000144d  Output_Color                  
00001423  Output_Init                   
0000143d  Output_Off                    
00001445  Output_On                     
00001c8f  PCM_IRQHandler                
00001c8f  PORT1_IRQHandler              
00001c8f  PORT2_IRQHandler              
00001c8f  PORT3_IRQHandler              
00001c8f  PORT4_IRQHandler              
00001c8f  PORT5_IRQHandler              
00001c8f  PORT6_IRQHandler              
00001c8f  PSS_IRQHandler                
00001c8f  PendSV_Handler                
00001c8f  RTC_C_IRQHandler              
00001c83  Reset_Handler                 
0000073d  ST7735_Color565               
000007a1  ST7735_DrawBitmap             
00000b15  ST7735_DrawChar               
0000099f  ST7735_DrawCharS              
00000535  ST7735_DrawFastHLine          
00000477  ST7735_DrawFastVLine          
0000041d  ST7735_DrawPixel              
00000c87  ST7735_DrawString             
00000631  ST7735_FillRect               
000005ed  ST7735_FillScreen             
000002e9  ST7735_InitB                  
00000309  ST7735_InitR                  
00000ec7  ST7735_InvertDisplay          
00001305  ST7735_OutChar                
000013c5  ST7735_OutString              
00000d7d  ST7735_OutUDec                
00001211  ST7735_PlotBar                
00000edf  ST7735_PlotClear              
00001001  ST7735_PlotLine               
000012b1  ST7735_PlotNext               
000012cb  ST7735_PlotNextErase          
00000f3b  ST7735_PlotPoint              
0000113b  ST7735_PlotPoints             
00001267  ST7735_PlotdBfs               
00000d57  ST7735_SetCursor              
00000dfd  ST7735_SetRotation            
000013e3  ST7735_SetTextColor           
00000771  ST7735_SwapColor              
00001c8f  SVC_Handler                   
2000042c  StTextColor                   
20000424  StX                           
20000428  StY                           
00001c8f  SysTick_Handler               
20000438  SystemCoreClock               
00001495  SystemCoreClockUpdate         
0000170d  SystemInit                    
00001c8f  T32_INT1_IRQHandler           
00001c8f  T32_INT2_IRQHandler           
00001c8f  T32_INTC_IRQHandler           
00001c8f  TA0_0_IRQHandler              
00001c8f  TA0_N_IRQHandler              
00001c8f  TA1_0_IRQHandler              
00001c8f  TA1_N_IRQHandler              
00001c8f  TA2_0_IRQHandler              
00001c8f  TA2_N_IRQHandler              
00001c8f  TA3_0_IRQHandler              
00001c8f  TA3_N_IRQHandler              
00001c8f  UsageFault_Handler            
4000480c  WDTCTL_SYM                    
00001c8f  WDT_A_IRQHandler              
20000414  X                             
20000418  Ymax                          
2000041c  Ymin                          
20000420  Yrange                        
20010000  __STACK_END                   
00000200  __STACK_SIZE                  
00000400  __SYSMEM_SIZE                 
000024b0  __TI_CINIT_Base               
000024c0  __TI_CINIT_Limit              
00002498  __TI_Handler_Table_Base       
000024a4  __TI_Handler_Table_Limit      
00001b9d  __TI_auto_init_nobinit_nopinit
00001b35  __TI_decompress_lzss          
00001c75  __TI_decompress_none          
ffffffff  __TI_pprof_out_hndl           
ffffffff  __TI_prof_data_size           
ffffffff  __TI_prof_data_start          
00000000  __TI_static_base__            
00001c59  __TI_zero_init_nomemset       
00001a99  __aeabi_memcpy                
00001a99  __aeabi_memcpy4               
00001a99  __aeabi_memcpy8               
ffffffff  __binit__                     
ffffffff  __c_args__                    
UNDEFED   __mpu_init                    
2000fe00  __stack                       
20000000  __start___llvm_prf_cnts       
20000000  __stop___llvm_prf_cnts        
00001c25  _c_int00_noargs               
20000000  _sys_memory                   
UNDEFED   _system_post_cinit            
00001c91  _system_pre_init              
00001c95  abort                         
ffffffff  binit                         
00002193  dBfs                          
00001415  ferror                        
00001409  fgetc                         
00000d15  fillmessage                   
000013f7  fputc                         
00001829  intSysTickSetup               
00000000  interruptVectors              
20000434  lastj                         
00001be1  main                          
00001a99  memcpy                        
00001857  msDelay                       
0000014d  parrotdelay                   
0000180d  sysTickSetup                  
00001bfb  testRoutine                   
00001971  usDelay                       


GLOBAL SYMBOLS: SORTED BY Symbol Address 

address   name                          
-------   ----                          
00000000  __TI_static_base__            
00000000  interruptVectors              
0000014d  parrotdelay                   
0000015b  Delay1ms                      
00000200  __STACK_SIZE                  
000002e9  ST7735_InitB                  
00000309  ST7735_InitR                  
00000400  __SYSMEM_SIZE                 
0000041d  ST7735_DrawPixel              
00000477  ST7735_DrawFastVLine          
00000535  ST7735_DrawFastHLine          
000005ed  ST7735_FillScreen             
00000631  ST7735_FillRect               
0000073d  ST7735_Color565               
00000771  ST7735_SwapColor              
000007a1  ST7735_DrawBitmap             
0000099f  ST7735_DrawCharS              
00000b15  ST7735_DrawChar               
00000c87  ST7735_DrawString             
00000d15  fillmessage                   
00000d57  ST7735_SetCursor              
00000d7d  ST7735_OutUDec                
00000dfd  ST7735_SetRotation            
00000ec7  ST7735_InvertDisplay          
00000edf  ST7735_PlotClear              
00000f3b  ST7735_PlotPoint              
00001001  ST7735_PlotLine               
0000113b  ST7735_PlotPoints             
00001211  ST7735_PlotBar                
00001267  ST7735_PlotdBfs               
000012b1  ST7735_PlotNext               
000012cb  ST7735_PlotNextErase          
00001305  ST7735_OutChar                
000013c5  ST7735_OutString              
000013e3  ST7735_SetTextColor           
000013f7  fputc                         
00001409  fgetc                         
00001415  ferror                        
00001423  Output_Init                   
00001433  Output_Clear                  
0000143d  Output_Off                    
00001445  Output_On                     
0000144d  Output_Color                  
00001495  SystemCoreClockUpdate         
0000170d  SystemInit                    
0000180d  sysTickSetup                  
00001829  intSysTickSetup               
00001857  msDelay                       
00001971  usDelay                       
00001a99  __aeabi_memcpy                
00001a99  __aeabi_memcpy4               
00001a99  __aeabi_memcpy8               
00001a99  memcpy                        
00001b35  __TI_decompress_lzss          
00001b9d  __TI_auto_init_nobinit_nopinit
00001be1  main                          
00001bfb  testRoutine                   
00001c25  _c_int00_noargs               
00001c59  __TI_zero_init_nomemset       
00001c75  __TI_decompress_none          
00001c83  Reset_Handler                 
00001c8f  ADC14_IRQHandler              
00001c8f  AES256_IRQHandler             
00001c8f  BusFault_Handler              
00001c8f  COMP_E0_IRQHandler            
00001c8f  COMP_E1_IRQHandler            
00001c8f  CS_IRQHandler                 
00001c8f  DMA_ERR_IRQHandler            
00001c8f  DMA_INT0_IRQHandler           
00001c8f  DMA_INT1_IRQHandler           
00001c8f  DMA_INT2_IRQHandler           
00001c8f  DMA_INT3_IRQHandler           
00001c8f  DebugMon_Handler              
00001c8f  Default_Handler               
00001c8f  EUSCIA0_IRQHandler            
00001c8f  EUSCIA1_IRQHandler            
00001c8f  EUSCIA2_IRQHandler            
00001c8f  EUSCIA3_IRQHandler            
00001c8f  EUSCIB0_IRQHandler            
00001c8f  EUSCIB1_IRQHandler            
00001c8f  EUSCIB2_IRQHandler            
00001c8f  EUSCIB3_IRQHandler            
00001c8f  FLCTL_IRQHandler              
00001c8f  FPU_IRQHandler                
00001c8f  HardFault_Handler             
00001c8f  MemManage_Handler             
00001c8f  NMI_Handler                   
00001c8f  PCM_IRQHandler                
00001c8f  PORT1_IRQHandler              
00001c8f  PORT2_IRQHandler              
00001c8f  PORT3_IRQHandler              
00001c8f  PORT4_IRQHandler              
00001c8f  PORT5_IRQHandler              
00001c8f  PORT6_IRQHandler              
00001c8f  PSS_IRQHandler                
00001c8f  PendSV_Handler                
00001c8f  RTC_C_IRQHandler              
00001c8f  SVC_Handler                   
00001c8f  SysTick_Handler               
00001c8f  T32_INT1_IRQHandler           
00001c8f  T32_INT2_IRQHandler           
00001c8f  T32_INTC_IRQHandler           
00001c8f  TA0_0_IRQHandler              
00001c8f  TA0_N_IRQHandler              
00001c8f  TA1_0_IRQHandler              
00001c8f  TA1_N_IRQHandler              
00001c8f  TA2_0_IRQHandler              
00001c8f  TA2_N_IRQHandler              
00001c8f  TA3_0_IRQHandler              
00001c8f  TA3_N_IRQHandler              
00001c8f  UsageFault_Handler            
00001c8f  WDT_A_IRQHandler              
00001c91  _system_pre_init              
00001c95  C$$EXIT                       
00001c95  abort                         
00002193  dBfs                          
00002498  __TI_Handler_Table_Base       
000024a4  __TI_Handler_Table_Limit      
000024b0  __TI_CINIT_Base               
000024c0  __TI_CINIT_Limit              
20000000  __start___llvm_prf_cnts       
20000000  __stop___llvm_prf_cnts        
20000000  _sys_memory                   
20000400  Message                       
20000410  Messageindex                  
20000414  X                             
20000418  Ymax                          
2000041c  Ymin                          
20000420  Yrange                        
20000424  StX                           
20000428  StY                           
2000042c  StTextColor                   
20000434  lastj                         
20000438  SystemCoreClock               
2000fe00  __stack                       
20010000  __STACK_END                   
4000480c  WDTCTL_SYM                    
ffffffff  __TI_pprof_out_hndl           
ffffffff  __TI_prof_data_size           
ffffffff  __TI_prof_data_start          
ffffffff  __binit__                     
ffffffff  __c_args__                    
ffffffff  binit                         
UNDEFED   __mpu_init                    
UNDEFED   _system_post_cinit            

[145 symbols]
