******************************************************************************
                  TI ARM Linker Unix v20.2.5                   
******************************************************************************
>> Linked Tue Dec  7 21:40:12 2021

OUTPUT FILE NAME:   <L8_P1_8_Digit_7_Segment_Array.out>
ENTRY POINT SYMBOL: "_c_int00_noargs"  address: 00000bed


MEMORY CONFIGURATION

         name            origin    length      used     unused   attr    fill
----------------------  --------  ---------  --------  --------  ----  --------
  MAIN                  00000000   00040000  00000c90  0003f370  R  X
  INFO                  00200000   00004000  00000000  00004000  R  X
  SRAM_CODE             01000000   00010000  00000209  0000fdf7  RW X
  SRAM_DATA             20000000   00010000  00000209  0000fdf7  RW  


SEGMENT ALLOCATION MAP

run origin  load origin   length   init length attrs members
----------  ----------- ---------- ----------- ----- -------
00000000    00000000    00000c90   00000c90    r-x
  00000000    00000000    000000e4   000000e4    r-- .intvecs
  000000e4    000000e4    00000b7c   00000b7c    r-x .text
  00000c60    00000c60    00000030   00000030    r-- .cinit
20000000    20000000    00000009   00000000    rw-
  20000000    20000000    00000008   00000000    rw- .data
  20000008    20000008    00000001   00000000    rw- .bss
2000fe00    2000fe00    00000200   00000000    rw-
  2000fe00    2000fe00    00000200   00000000    rw- .stack


SECTION ALLOCATION MAP

 output                                  attributes/
section   page    origin      length       input sections
--------  ----  ----------  ----------   ----------------
.intvecs   0    00000000    000000e4     
                  00000000    000000e4     startup_msp432p401r_ccs.obj (.intvecs:retain)

.text      0    000000e4    00000b7c     
                  000000e4    000003e8     7Segment.obj (.text)
                  000004cc    00000334     system_msp432p401r.obj (.text)
                  00000800    000001d0     main.obj (.text)
                  000009d0    000000d4     systick.obj (.text)
                  00000aa4    0000009c     rtsv7M4_T_le_v4SPD16_eabi.lib : memcpy_t2.asm.obj (.text)
                  00000b40    00000068                                   : copy_decompress_lzss.c.obj (.text:decompress:lzss:__TI_decompress_lzss)
                  00000ba8    00000044                                   : autoinit.c.obj (.text:__TI_auto_init_nobinit_nopinit:__TI_auto_init_nobinit_nopinit)
                  00000bec    00000034                                   : boot_cortex_m.c.obj (.text:_c_int00_noargs:_c_int00_noargs)
                  00000c20    0000001c                                   : copy_zero_init.c.obj (.text:decompress:ZI:__TI_zero_init_nomemset:__TI_zero_init_nomemset)
                  00000c3c    0000000e                                   : copy_decompress_none.c.obj (.text:decompress:none:__TI_decompress_none)
                  00000c4a    0000000e     startup_msp432p401r_ccs.obj (.text)
                  00000c58    00000004     rtsv7M4_T_le_v4SPD16_eabi.lib : pre_init.c.obj (.text:_system_pre_init)
                  00000c5c    00000004                                   : exit.c.obj (.text:abort:abort)

.cinit     0    00000c60    00000030     
                  00000c60    0000000c     (__TI_handler_table)
                  00000c6c    0000000b     (.cinit..data.load) [load image, compression = lzss]
                  00000c77    00000001     --HOLE-- [fill = 0]
                  00000c78    00000008     (.cinit..bss.load) [load image, compression = zero_init]
                  00000c80    00000010     (__TI_cinit_table)

.init_array 
*          0    00000000    00000000     UNINITIALIZED

.binit     0    00000000    00000000     

.data      0    20000000    00000008     UNINITIALIZED
                  20000000    00000004     main.obj (.data)
                  20000004    00000004     system_msp432p401r.obj (.data)

.bss       0    20000008    00000001     UNINITIALIZED
                  20000008    00000001     (.common:btnCount)

.stack     0    2000fe00    00000200     UNINITIALIZED
                  2000fe00    00000004     rtsv7M4_T_le_v4SPD16_eabi.lib : boot_cortex_m.c.obj (.stack)
                  2000fe04    000001fc     --HOLE--

__llvm_prf_cnts 
*          0    20000000    00000000     UNINITIALIZED

MODULE SUMMARY

       Module                        code   ro data   rw data
       ------                        ----   -------   -------
    ./
       7Segment.obj                  1000   0         0      
       system_msp432p401r.obj        820    0         8      
       main.obj                      464    0         10     
       startup_msp432p401r_ccs.obj   14     228       0      
       systick.obj                   212    0         0      
    +--+-----------------------------+------+---------+---------+
       Total:                        2510   228       18     
                                                             
    /Applications/ti/ccs1040/ccs/tools/compiler/ti-cgt-arm_20.2.5.LTS/lib/rtsv7M4_T_le_v4SPD16_eabi.lib
       memcpy_t2.asm.obj             156    0         0      
       copy_decompress_lzss.c.obj    104    0         0      
       autoinit.c.obj                68     0         0      
       boot_cortex_m.c.obj           52     0         0      
       copy_zero_init.c.obj          28     0         0      
       copy_decompress_none.c.obj    14     0         0      
       exit.c.obj                    4      0         0      
       pre_init.c.obj                4      0         0      
    +--+-----------------------------+------+---------+---------+
       Total:                        430    0         0      
                                                             
       Stack:                        0      0         1024   
       Linker Generated:             0      47        0      
    +--+-----------------------------+------+---------+---------+
       Grand Total:                  2940   275       1042   


LINKER GENERATED COPY TABLES

__TI_cinit_table @ 00000c80 records: 2, size/record: 8, table size: 16
	.data: load addr=00000c6c, load size=0000000b bytes, run addr=20000000, run size=00000008 bytes, compression=lzss
	.bss: load addr=00000c78, load size=00000008 bytes, run addr=20000008, run size=00000001 bytes, compression=zero_init


LINKER GENERATED HANDLER TABLE

__TI_handler_table @ 00000c60 records: 3, size/record: 4, table size: 12
	index: 0, handler: __TI_decompress_lzss
	index: 1, handler: __TI_decompress_none
	index: 2, handler: __TI_zero_init


GLOBAL SYMBOLS: SORTED ALPHABETICALLY BY Name 

address   name                          
-------   ----                          
00000c57  ADC14_IRQHandler              
00000c57  AES256_IRQHandler             
00000c57  BusFault_Handler              
00000c5d  C$$EXIT                       
00000c57  COMP_E0_IRQHandler            
00000c57  COMP_E1_IRQHandler            
00000c57  CS_IRQHandler                 
00000c57  DMA_ERR_IRQHandler            
00000c57  DMA_INT0_IRQHandler           
00000c57  DMA_INT1_IRQHandler           
00000c57  DMA_INT2_IRQHandler           
00000c57  DMA_INT3_IRQHandler           
00000c57  DebugMon_Handler              
00000c57  Default_Handler               
00000c57  EUSCIA0_IRQHandler            
00000c57  EUSCIA1_IRQHandler            
00000c57  EUSCIA2_IRQHandler            
00000c57  EUSCIA3_IRQHandler            
00000c57  EUSCIB0_IRQHandler            
00000c57  EUSCIB1_IRQHandler            
00000c57  EUSCIB2_IRQHandler            
00000c57  EUSCIB3_IRQHandler            
00000c57  FLCTL_IRQHandler              
00000c57  FPU_IRQHandler                
00000c57  HardFault_Handler             
00000c57  MemManage_Handler             
00000c57  NMI_Handler                   
00000c57  PCM_IRQHandler                
00000c57  PORT1_IRQHandler              
00000c57  PORT2_IRQHandler              
00000873  PORT3_IRQHandler              
00000873  PORT3_IRQHandler              
00000c57  PORT4_IRQHandler              
00000c57  PORT5_IRQHandler              
00000c57  PORT6_IRQHandler              
00000c57  PSS_IRQHandler                
00000c57  PendSV_Handler                
00000c57  RTC_C_IRQHandler              
00000c4b  Reset_Handler                 
00000c57  SVC_Handler                   
0000091f  SysTick_Handler               
0000091f  SysTick_Handler               
20000004  SystemCoreClock               
000004cd  SystemCoreClockUpdate         
00000745  SystemInit                    
00000c57  T32_INT1_IRQHandler           
00000c57  T32_INT2_IRQHandler           
00000c57  T32_INTC_IRQHandler           
00000c57  TA0_0_IRQHandler              
00000c57  TA0_N_IRQHandler              
00000c57  TA1_0_IRQHandler              
00000c57  TA1_N_IRQHandler              
00000c57  TA2_0_IRQHandler              
00000c57  TA2_N_IRQHandler              
00000c57  TA3_0_IRQHandler              
00000c57  TA3_N_IRQHandler              
00000c57  UsageFault_Handler            
4000480c  WDTCTL_SYM                    
00000c57  WDT_A_IRQHandler              
20010000  __STACK_END                   
00000200  __STACK_SIZE                  
00000c80  __TI_CINIT_Base               
00000c90  __TI_CINIT_Limit              
00000c60  __TI_Handler_Table_Base       
00000c6c  __TI_Handler_Table_Limit      
00000ba9  __TI_auto_init_nobinit_nopinit
00000b41  __TI_decompress_lzss          
00000c3d  __TI_decompress_none          
ffffffff  __TI_pprof_out_hndl           
ffffffff  __TI_prof_data_size           
ffffffff  __TI_prof_data_start          
00000000  __TI_static_base__            
00000c21  __TI_zero_init_nomemset       
00000aa5  __aeabi_memcpy                
00000aa5  __aeabi_memcpy4               
00000aa5  __aeabi_memcpy8               
ffffffff  __binit__                     
ffffffff  __c_args__                    
UNDEFED   __mpu_init                    
2000fe00  __stack                       
20000000  __start___llvm_prf_cnts       
20000000  __stop___llvm_prf_cnts        
00000bed  _c_int00_noargs               
UNDEFED   _system_post_cinit            
00000c59  _system_pre_init              
00000c5d  abort                         
ffffffff  binit                         
20000008  btnCount                      
0000042b  clearAll                      
000003c3  clearDisplay                  
0000096d  debounceBtn1                  
000002bf  encodeDigits                  
00000825  gpioInit                      
000009ed  intSysTickSetup               
00000000  interruptVectors              
00000801  main                          
00000aa5  memcpy                        
00000a1b  msDelay                       
20000000  secCount                      
000001c5  segmentInit                   
00000457  sendAdd                       
0000047f  sendData                      
000000e5  setupSeg                      
000009d1  sysTickSetup                  
00000a5d  usDelay                       
00000259  write                         
00000221  writeSPI                      


GLOBAL SYMBOLS: SORTED BY Symbol Address 

address   name                          
-------   ----                          
00000000  __TI_static_base__            
00000000  interruptVectors              
000000e5  setupSeg                      
000001c5  segmentInit                   
00000200  __STACK_SIZE                  
00000221  writeSPI                      
00000259  write                         
000002bf  encodeDigits                  
000003c3  clearDisplay                  
0000042b  clearAll                      
00000457  sendAdd                       
0000047f  sendData                      
000004cd  SystemCoreClockUpdate         
00000745  SystemInit                    
00000801  main                          
00000825  gpioInit                      
00000873  PORT3_IRQHandler              
00000873  PORT3_IRQHandler              
0000091f  SysTick_Handler               
0000091f  SysTick_Handler               
0000096d  debounceBtn1                  
000009d1  sysTickSetup                  
000009ed  intSysTickSetup               
00000a1b  msDelay                       
00000a5d  usDelay                       
00000aa5  __aeabi_memcpy                
00000aa5  __aeabi_memcpy4               
00000aa5  __aeabi_memcpy8               
00000aa5  memcpy                        
00000b41  __TI_decompress_lzss          
00000ba9  __TI_auto_init_nobinit_nopinit
00000bed  _c_int00_noargs               
00000c21  __TI_zero_init_nomemset       
00000c3d  __TI_decompress_none          
00000c4b  Reset_Handler                 
00000c57  ADC14_IRQHandler              
00000c57  AES256_IRQHandler             
00000c57  BusFault_Handler              
00000c57  COMP_E0_IRQHandler            
00000c57  COMP_E1_IRQHandler            
00000c57  CS_IRQHandler                 
00000c57  DMA_ERR_IRQHandler            
00000c57  DMA_INT0_IRQHandler           
00000c57  DMA_INT1_IRQHandler           
00000c57  DMA_INT2_IRQHandler           
00000c57  DMA_INT3_IRQHandler           
00000c57  DebugMon_Handler              
00000c57  Default_Handler               
00000c57  EUSCIA0_IRQHandler            
00000c57  EUSCIA1_IRQHandler            
00000c57  EUSCIA2_IRQHandler            
00000c57  EUSCIA3_IRQHandler            
00000c57  EUSCIB0_IRQHandler            
00000c57  EUSCIB1_IRQHandler            
00000c57  EUSCIB2_IRQHandler            
00000c57  EUSCIB3_IRQHandler            
00000c57  FLCTL_IRQHandler              
00000c57  FPU_IRQHandler                
00000c57  HardFault_Handler             
00000c57  MemManage_Handler             
00000c57  NMI_Handler                   
00000c57  PCM_IRQHandler                
00000c57  PORT1_IRQHandler              
00000c57  PORT2_IRQHandler              
00000c57  PORT4_IRQHandler              
00000c57  PORT5_IRQHandler              
00000c57  PORT6_IRQHandler              
00000c57  PSS_IRQHandler                
00000c57  PendSV_Handler                
00000c57  RTC_C_IRQHandler              
00000c57  SVC_Handler                   
00000c57  T32_INT1_IRQHandler           
00000c57  T32_INT2_IRQHandler           
00000c57  T32_INTC_IRQHandler           
00000c57  TA0_0_IRQHandler              
00000c57  TA0_N_IRQHandler              
00000c57  TA1_0_IRQHandler              
00000c57  TA1_N_IRQHandler              
00000c57  TA2_0_IRQHandler              
00000c57  TA2_N_IRQHandler              
00000c57  TA3_0_IRQHandler              
00000c57  TA3_N_IRQHandler              
00000c57  UsageFault_Handler            
00000c57  WDT_A_IRQHandler              
00000c59  _system_pre_init              
00000c5d  C$$EXIT                       
00000c5d  abort                         
00000c60  __TI_Handler_Table_Base       
00000c6c  __TI_Handler_Table_Limit      
00000c80  __TI_CINIT_Base               
00000c90  __TI_CINIT_Limit              
20000000  __start___llvm_prf_cnts       
20000000  __stop___llvm_prf_cnts        
20000000  secCount                      
20000004  SystemCoreClock               
20000008  btnCount                      
2000fe00  __stack                       
20010000  __STACK_END                   
4000480c  WDTCTL_SYM                    
ffffffff  __TI_pprof_out_hndl           
ffffffff  __TI_prof_data_size           
ffffffff  __TI_prof_data_start          
ffffffff  __binit__                     
ffffffff  __c_args__                    
ffffffff  binit                         
UNDEFED   __mpu_init                    
UNDEFED   _system_post_cinit            

[107 symbols]
