******************************************************************************
                  TI ARM Linker Unix v20.2.5                   
******************************************************************************
>> Linked Fri Nov 19 16:14:39 2021

OUTPUT FILE NAME:   <L11_P1_EEPROM.out>
ENTRY POINT SYMBOL: "_c_int00_noargs"  address: 00005035


MEMORY CONFIGURATION

         name            origin    length      used     unused   attr    fill
----------------------  --------  ---------  --------  --------  ----  --------
  MAIN                  00000000   00040000  00005c3b  0003a3c5  R  X
  INFO                  00200000   00004000  00000000  00004000  R  X
  SRAM_CODE             01000000   00010000  00000a79  0000f587  RW X
  SRAM_DATA             20000000   00010000  00000a79  0000f587  RW  


SEGMENT ALLOCATION MAP

run origin  load origin   length   init length attrs members
----------  ----------- ---------- ----------- ----- -------
00000000    00000000    00005c40   00005c40    r-x
  00000000    00000000    000000e4   000000e4    r-- .intvecs
  000000e4    000000e4    000051bc   000051bc    r-x .text
  000052a0    000052a0    000008e3   000008e3    r-- .const
  00005b88    00005b88    000000b8   000000b8    r-- .cinit
20000000    20000000    00000879   00000000    rw-
  20000000    20000000    00000400   00000000    rw- .sysmem
  20000400    20000400    00000250   00000000    rw- .data
  20000650    20000650    00000229   00000000    rw- .bss
2000fe00    2000fe00    00000200   00000000    rw-
  2000fe00    2000fe00    00000200   00000000    rw- .stack


SECTION ALLOCATION MAP

 output                                  attributes/
section   page    origin      length       input sections
--------  ----  ----------  ----------   ----------------
.intvecs   0    00000000    000000e4     
                  00000000    000000e4     startup_msp432p401r_ccs.obj (.intvecs:retain)

.text      0    000000e4    000051bc     
                  000000e4    000013b0     ST7735.obj (.text)
                  00001494    00000a60     RTC.obj (.text)
                  00001ef4    00000a4e     rtsv7M4_T_le_v4SPD16_eabi.lib : _printfi.c.obj (.text:__TI_printfi)
                  00002942    00000002                                   : _lock.c.obj (.text:_nop)
                  00002944    00000548     main.obj (.text)
                  00002e8c    00000334     system_msp432p401r.obj (.text)
                  000031c0    00000270     rtsv7M4_T_le_v4SPD16_eabi.lib : _printfi.c.obj (.text:_pconv_a)
                  00003430    000001d0                                   : _printfi.c.obj (.text:_pconv_g)
                  00003600    000001b6                                   : fd_add_t2.asm.obj (.text)
                  000037b6    00000002                                   : div0.asm.obj (.text)
                  000037b8    0000013c                                   : _printfi.c.obj (.text:_pconv_e)
                  000038f4    00000136                                   : fd_div_t2.asm.obj (.text)
                  00003a2a    00000002     --HOLE-- [fill = 0]
                  00003a2c    00000124                                   : _printfi.c.obj (.text:fcvt)
                  00003b50    00000114                                   : fputs.c.obj (.text:fputs)
                  00003c64    00000110                                   : s_scalbn.c.obj (.text:scalbn)
                  00003d74    00000100                                   : memory.c.obj (.text:aligned_alloc)
                  00003e74    000000fc                                   : fd_mul_t2.asm.obj (.text)
                  00003f70    000000e4                                   : memory.c.obj (.text:free)
                  00004054    000000dc                                   : setvbuf.c.obj (.text:setvbuf)
                  00004130    000000d4     systick.obj (.text)
                  00004204    000000b1     rtsv7M4_T_le_v4SPD16_eabi.lib : _printfi.c.obj (.text:_ltostr)
                  000042b5    00000001     --HOLE-- [fill = 0]
                  000042b6    0000009c                                   : memcpy_t2.asm.obj (.text)
                  00004352    00000096                                   : ull_div_t2.asm.obj (.text)
                  000043e8    00000086                                   : fd_cmp_t2.asm.obj (.text:__aeabi_cdcmple)
                  0000446e    00000086                                   : fd_cmp_t2.asm.obj (.text:__aeabi_cdrcmple)
                  000044f4    0000007c                                   : fflush.c.obj (.text:fflush)
                  00004570    0000007a                                   : memset_t2.asm.obj (.text)
                  000045ea    00000002     --HOLE-- [fill = 0]
                  000045ec    00000074                                   : fclose.c.obj (.text:__TI_closefile)
                  00004660    00000070                                   : memory.c.obj (.text:split)
                  000046d0    0000006e                                   : _printfi.c.obj (.text:_mcpy)
                  0000473e    0000006e                                   : fd_tos_t2.asm.obj (.text)
                  000047ac    0000006c                                   : hostrename.c.obj (.text:HOSTrename)
                  00004818    00000068                                   : hostlseek.c.obj (.text:HOSTlseek)
                  00004880    00000068                                   : copy_decompress_lzss.c.obj (.text:decompress:lzss:__TI_decompress_lzss)
                  000048e8    00000068                                   : printf.c.obj (.text:printf)
                  00004950    00000064                                   : s_frexp.c.obj (.text:frexp)
                  000049b4    00000064                                   : fseek.c.obj (.text:fseek)
                  00004a18    00000062                                   : _io_perm.c.obj (.text:__TI_wrt_ok)
                  00004a7a    00000002     --HOLE-- [fill = 0]
                  00004a7c    00000060                                   : hostopen.c.obj (.text:HOSTopen)
                  00004adc    0000005c                                   : close.c.obj (.text:close)
                  00004b38    00000058                                   : hostread.c.obj (.text:HOSTread)
                  00004b90    00000058                                   : hostwrite.c.obj (.text:HOSTwrite)
                  00004be8    00000056                                   : _printfi.c.obj (.text:_pconv_f)
                  00004c3e    00000054                                   : _ltoa.c.obj (.text:__TI_ltoa)
                  00004c92    00000052                                   : _printfi.c.obj (.text:_ecpy)
                  00004ce4    0000004c                                   : fflush.c.obj (.text:__TI_doflush)
                  00004d30    0000004c                                   : atoi.c.obj (.text:atoi)
                  00004d7c    00000048                                   : exit.c.obj (.text:exit)
                  00004dc4    00000048                                   : fd_toi_t2.asm.obj (.text)
                  00004e0c    00000044                                   : hostclose.c.obj (.text:HOSTclose)
                  00004e50    00000044                                   : hostunlink.c.obj (.text:HOSTunlink)
                  00004e94    00000044                                   : autoinit.c.obj (.text:__TI_auto_init_nobinit_nopinit:__TI_auto_init_nobinit_nopinit)
                  00004ed8    00000044                                   : getdevice.c.obj (.text:getdevice)
                  00004f1c    0000003e                                   : _printfi.c.obj (.text:_fcpy)
                  00004f5a    00000002     --HOLE-- [fill = 0]
                  00004f5c    00000038                                   : trgmsg.c.obj (.text:__TI_writemsg)
                  00004f94    00000036                                   : strncpy.c.obj (.text:strncpy)
                  00004fca    00000002     --HOLE-- [fill = 0]
                  00004fcc    00000034                                   : fopen.c.obj (.text:__TI_cleanup)
                  00005000    00000034                                   : trgmsg.c.obj (.text:__TI_readmsg)
                  00005034    00000034                                   : boot_cortex_m.c.obj (.text:_c_int00_noargs:_c_int00_noargs)
                  00005068    00000030                                   : getdevice.c.obj (.text:finddevice)
                  00005098    0000002e                                   : i_tofd_t2.asm.obj (.text)
                  000050c6    00000002     --HOLE-- [fill = 0]
                  000050c8    0000002c                                   : unlink.c.obj (.text:unlink)
                  000050f4    00000028                                   : memory.c.obj (.text:free_list_insert)
                  0000511c    00000028                                   : lseek.c.obj (.text:lseek)
                  00005144    00000028                                   : write.c.obj (.text:write)
                  0000516c    00000020                                   : memchr.c.obj (.text:memchr)
                  0000518c    0000001c                                   : copy_zero_init.c.obj (.text:decompress:ZI:__TI_zero_init_nomemset:__TI_zero_init_nomemset)
                  000051a8    0000001c                                   : memory.c.obj (.text:free_list_remove)
                  000051c4    0000001c                                   : memccpy.c.obj (.text:memccpy)
                  000051e0    0000001a                                   : s_copysign.c.obj (.text:copysign)
                  000051fa    00000018                                   : strcmp.c.obj (.text:strcmp)
                  00005212    00000016                                   : strchr.c.obj (.text:strchr)
                  00005228    00000014                                   : strcpy.c.obj (.text:strcpy)
                  0000523c    00000014                                   : strlen.c.obj (.text:strlen)
                  00005250    00000012                                   : wcslen.c.obj (.text:wcslen)
                  00005262    0000000e                                   : copy_decompress_none.c.obj (.text:decompress:none:__TI_decompress_none)
                  00005270    0000000e     startup_msp432p401r_ccs.obj (.text)
                  0000527e    00000002     --HOLE-- [fill = 0]
                  00005280    00000008     rtsv7M4_T_le_v4SPD16_eabi.lib : errno.c.obj (.text:__aeabi_errno_addr)
                  00005288    00000008                                   : memory.c.obj (.text:malloc)
                  00005290    00000004                                   : printf.c.obj (.text:_outc)
                  00005294    00000004                                   : printf.c.obj (.text:_outs)
                  00005298    00000004                                   : pre_init.c.obj (.text:_system_pre_init)
                  0000529c    00000004                                   : exit.c.obj (.text:abort:abort)

.const     0    000052a0    000008e3     
                  000052a0    000004fb     ST7735.obj (.const:.string:Font)
                  0000579b    00000200     ST7735.obj (.const:.string:dBfs)
                  0000599b    00000101     rtsv7M4_T_le_v4SPD16_eabi.lib : ctype.c.obj (.const:.string:_ctypes_)
                  00005a9c    00000067     ST7735.obj (.const:.string:Bcmd)
                  00005b03    0000003b     ST7735.obj (.const:.string:Rcmd1)
                  00005b3e    0000002b     ST7735.obj (.const:.string:Rcmd3)
                  00005b69    0000000d     ST7735.obj (.const:.string:Rcmd2green)
                  00005b76    0000000d     ST7735.obj (.const:.string:Rcmd2red)

.cinit     0    00005b88    000000b8     
                  00005b88    00000090     (.cinit..data.load) [load image, compression = lzss]
                  00005c18    0000000c     (__TI_handler_table)
                  00005c24    00000004     --HOLE-- [fill = 0]
                  00005c28    00000008     (.cinit..bss.load) [load image, compression = zero_init]
                  00005c30    00000010     (__TI_cinit_table)

.init_array 
*          0    00000000    00000000     UNINITIALIZED

.binit     0    00000000    00000000     

.sysmem    0    20000000    00000400     UNINITIALIZED
                  20000000    00000010     rtsv7M4_T_le_v4SPD16_eabi.lib : memory.c.obj (.sysmem)
                  20000010    000003f0     --HOLE--

.data      0    20000400    00000250     UNINITIALIZED
                  20000400    000000f0     rtsv7M4_T_le_v4SPD16_eabi.lib : defs.c.obj (.data:_ftable)
                  200004f0    00000078                                   : host_device.c.obj (.data:_device)
                  20000568    00000050                                   : host_device.c.obj (.data:_stream)
                  200005b8    00000019     main.obj (.data:sendData)
                  200005d1    00000003     --HOLE--
                  200005d4    00000014     ST7735.obj (.data)
                  200005e8    00000014     main.obj (.data:dataEEPROM)
                  200005fc    00000014     main.obj (.data:readEEPROM)
                  20000610    00000010     rtsv7M4_T_le_v4SPD16_eabi.lib : defs.c.obj (.data)
                  20000620    0000000c                                   : exit.c.obj (.data:$O1$$)
                  2000062c    0000000c     main.obj (.data)
                  20000638    00000008     rtsv7M4_T_le_v4SPD16_eabi.lib : _lock.c.obj (.data:$O1$$)
                  20000640    00000008                                   : memory.c.obj (.data:$O1$$)
                  20000648    00000004                                   : errno.c.obj (.data)
                  2000064c    00000004     system_msp432p401r.obj (.data)

.bss       0    20000650    00000229     UNINITIALIZED
                  20000650    00000120     rtsv7M4_T_le_v4SPD16_eabi.lib : trgmsg.c.obj (.bss:_CIOBUF_)
                  20000770    000000a0     (.common:__TI_tmpnams)
                  20000810    00000014     (.common:readData)
                  20000824    0000000c     (.common:Message)
                  20000830    00000008     (.common:parmbuf)
                  20000838    00000004     ST7735.obj (.bss)
                  2000083c    00000004     (.common:Messageindex)
                  20000840    00000004     (.common:X)
                  20000844    00000004     (.common:Ymax)
                  20000848    00000004     (.common:Ymin)
                  2000084c    00000004     (.common:Yrange)
                  20000850    00000004     (.common:hold)
                  20000854    00000004     (.common:tempLSB)
                  20000858    00000004     (.common:tempMSB)
                  2000085c    00000001     (.common:agingOffset)
                  2000085d    00000001     (.common:bitA1M1)
                  2000085e    00000001     (.common:bitA1M2)
                  2000085f    00000001     (.common:bitA1M3)
                  20000860    00000001     (.common:bitA2M2)
                  20000861    00000001     (.common:century)
                  20000862    00000001     (.common:check)
                  20000863    00000001     (.common:clockSetting)
                  20000864    00000001     (.common:clockSettingA1)
                  20000865    00000001     (.common:control)
                  20000866    00000001     (.common:date)
                  20000867    00000001     (.common:dateA1)
                  20000868    00000001     (.common:dateA2)
                  20000869    00000001     (.common:day)
                  2000086a    00000001     (.common:dayA1)
                  2000086b    00000001     (.common:dayA2)
                  2000086c    00000001     (.common:hours)
                  2000086d    00000001     (.common:hoursA1)
                  2000086e    00000001     (.common:hoursA2)
                  2000086f    00000001     (.common:meridiem)
                  20000870    00000001     (.common:meridiemA1)
                  20000871    00000001     (.common:minutes)
                  20000872    00000001     (.common:minutesA1)
                  20000873    00000001     (.common:minutesA2)
                  20000874    00000001     (.common:month)
                  20000875    00000001     (.common:seconds)
                  20000876    00000001     (.common:secondsA1)
                  20000877    00000001     (.common:status)
                  20000878    00000001     (.common:year)

.stack     0    2000fe00    00000200     UNINITIALIZED
                  2000fe00    00000004     rtsv7M4_T_le_v4SPD16_eabi.lib : boot_cortex_m.c.obj (.stack)
                  2000fe04    000001fc     --HOLE--

__llvm_prf_cnts 
*          0    20000000    00000000     UNINITIALIZED

MODULE SUMMARY

       Module                        code    ro data   rw data
       ------                        ----    -------   -------
    ./
       ST7735.obj                    5040    2018      112    
       RTC.obj                       2656    0         112    
       main.obj                      1352    0         164    
       system_msp432p401r.obj        820     0         8      
       startup_msp432p401r_ccs.obj   14      228       0      
       systick.obj                   212     0         0      
    +--+-----------------------------+-------+---------+---------+
       Total:                        10094   2246      396    
                                                              
    /Applications/ti/ccs1040/ccs/tools/compiler/ti-cgt-arm_20.2.5.LTS/lib/rtsv7M4_T_le_v4SPD16_eabi.lib
       _printfi.c.obj                4851    0         0      
       defs.c.obj                    0       0         832    
       memory.c.obj                  672     0         16     
       trgmsg.c.obj                  108     0         576    
       fd_add_t2.asm.obj             438     0         0      
       host_device.c.obj             0       0         400    
       fd_div_t2.asm.obj             310     0         0      
       fputs.c.obj                   276     0         0      
       s_scalbn.c.obj                272     0         0      
       fd_cmp_t2.asm.obj             268     0         0      
       ctype.c.obj                   0       257       0      
       fd_mul_t2.asm.obj             252     0         0      
       setvbuf.c.obj                 220     0         0      
       fflush.c.obj                  200     0         0      
       memcpy_t2.asm.obj             156     0         0      
       ull_div_t2.asm.obj            150     0         0      
       memset_t2.asm.obj             122     0         0      
       fclose.c.obj                  116     0         0      
       getdevice.c.obj               116     0         0      
       hostopen.c.obj                96      0         16     
       printf.c.obj                  112     0         0      
       fd_tos_t2.asm.obj             110     0         0      
       hostrename.c.obj              108     0         0      
       copy_decompress_lzss.c.obj    104     0         0      
       hostlseek.c.obj               104     0         0      
       exit.c.obj                    76      0         24     
       fseek.c.obj                   100     0         0      
       s_frexp.c.obj                 100     0         0      
       _io_perm.c.obj                98      0         0      
       close.c.obj                   92      0         0      
       hostread.c.obj                88      0         0      
       hostwrite.c.obj               88      0         0      
       _ltoa.c.obj                   84      0         0      
       atoi.c.obj                    76      0         0      
       fd_toi_t2.asm.obj             72      0         0      
       autoinit.c.obj                68      0         0      
       hostclose.c.obj               68      0         0      
       hostunlink.c.obj              68      0         0      
       strncpy.c.obj                 54      0         0      
       boot_cortex_m.c.obj           52      0         0      
       fopen.c.obj                   52      0         0      
       i_tofd_t2.asm.obj             46      0         0      
       unlink.c.obj                  44      0         0      
       lseek.c.obj                   40      0         0      
       write.c.obj                   40      0         0      
       memchr.c.obj                  32      0         0      
       copy_zero_init.c.obj          28      0         0      
       memccpy.c.obj                 28      0         0      
       s_copysign.c.obj              26      0         0      
       strcmp.c.obj                  24      0         0      
       strchr.c.obj                  22      0         0      
       strcpy.c.obj                  20      0         0      
       strlen.c.obj                  20      0         0      
       _lock.c.obj                   2       0         16     
       wcslen.c.obj                  18      0         0      
       errno.c.obj                   8       0         8      
       copy_decompress_none.c.obj    14      0         0      
       pre_init.c.obj                4       0         0      
       div0.asm.obj                  2       0         0      
    +--+-----------------------------+-------+---------+---------+
       Total:                        10815   257       1888   
                                                              
       Heap:                         0       0         2048   
       Stack:                        0       0         1024   
       Linker Generated:             0       180       0      
    +--+-----------------------------+-------+---------+---------+
       Grand Total:                  20909   2683      5356   


LINKER GENERATED COPY TABLES

__TI_cinit_table @ 00005c30 records: 2, size/record: 8, table size: 16
	.data: load addr=00005b88, load size=00000090 bytes, run addr=20000400, run size=00000250 bytes, compression=lzss
	.bss: load addr=00005c28, load size=00000008 bytes, run addr=20000650, run size=00000229 bytes, compression=zero_init


LINKER GENERATED HANDLER TABLE

__TI_handler_table @ 00005c18 records: 3, size/record: 4, table size: 12
	index: 0, handler: __TI_decompress_lzss
	index: 1, handler: __TI_decompress_none
	index: 2, handler: __TI_zero_init


GLOBAL SYMBOLS: SORTED ALPHABETICALLY BY Name 

address   name                           
-------   ----                           
0000527d  ADC14_IRQHandler               
0000527d  AES256_IRQHandler              
0000527d  BusFault_Handler               
0000529d  C$$EXIT                        
00004f8b  C$$IO$$                        
0000527d  COMP_E0_IRQHandler             
0000527d  COMP_E1_IRQHandler             
0000527d  CS_IRQHandler                  
0000527d  DMA_ERR_IRQHandler             
0000527d  DMA_INT0_IRQHandler            
0000527d  DMA_INT1_IRQHandler            
0000527d  DMA_INT2_IRQHandler            
0000527d  DMA_INT3_IRQHandler            
0000527d  DebugMon_Handler               
0000527d  Default_Handler                
0000015b  Delay1ms                       
0000527d  EUSCIA0_IRQHandler             
0000527d  EUSCIA1_IRQHandler             
0000527d  EUSCIA2_IRQHandler             
0000527d  EUSCIA3_IRQHandler             
0000527d  EUSCIB0_IRQHandler             
0000527d  EUSCIB1_IRQHandler             
0000527d  EUSCIB2_IRQHandler             
0000527d  EUSCIB3_IRQHandler             
0000527d  FLCTL_IRQHandler               
0000527d  FPU_IRQHandler                 
00004e0d  HOSTclose                      
00004819  HOSTlseek                      
00004a7d  HOSTopen                       
00004b39  HOSTread                       
000047ad  HOSTrename                     
00004e51  HOSTunlink                     
00004b91  HOSTwrite                      
0000527d  HardFault_Handler              
0000527d  MemManage_Handler              
20000824  Message                        
2000083c  Messageindex                   
0000527d  NMI_Handler                    
00001433  Output_Clear                   
0000144d  Output_Color                   
00001423  Output_Init                    
0000143d  Output_Off                     
00001445  Output_On                      
0000527d  PCM_IRQHandler                 
00002a53  PORT1_IRQHandler               
00002a53  PORT1_IRQHandler               
0000527d  PORT2_IRQHandler               
0000527d  PORT3_IRQHandler               
0000527d  PORT4_IRQHandler               
0000527d  PORT5_IRQHandler               
0000527d  PORT6_IRQHandler               
0000527d  PSS_IRQHandler                 
0000527d  PendSV_Handler                 
0000527d  RTC_C_IRQHandler               
00005271  Reset_Handler                  
0000073d  ST7735_Color565                
000007a1  ST7735_DrawBitmap              
00000b15  ST7735_DrawChar                
0000099f  ST7735_DrawCharS               
00000535  ST7735_DrawFastHLine           
00000477  ST7735_DrawFastVLine           
0000041d  ST7735_DrawPixel               
00000c87  ST7735_DrawString              
00000631  ST7735_FillRect                
000005ed  ST7735_FillScreen              
000002e9  ST7735_InitB                   
00000309  ST7735_InitR                   
00000ec7  ST7735_InvertDisplay           
00001305  ST7735_OutChar                 
000013c5  ST7735_OutString               
00000d7d  ST7735_OutUDec                 
00001211  ST7735_PlotBar                 
00000edf  ST7735_PlotClear               
00001001  ST7735_PlotLine                
000012b1  ST7735_PlotNext                
000012cb  ST7735_PlotNextErase           
00000f3b  ST7735_PlotPoint               
0000113b  ST7735_PlotPoints              
00001267  ST7735_PlotdBfs                
00000d57  ST7735_SetCursor               
00000dfd  ST7735_SetRotation             
000013e3  ST7735_SetTextColor            
00000771  ST7735_SwapColor               
0000527d  SVC_Handler                    
200005dc  StTextColor                    
200005d4  StX                            
200005d8  StY                            
0000527d  SysTick_Handler                
2000064c  SystemCoreClock                
00002e8d  SystemCoreClockUpdate          
00003105  SystemInit                     
0000527d  T32_INT1_IRQHandler            
0000527d  T32_INT2_IRQHandler            
0000527d  T32_INTC_IRQHandler            
0000527d  TA0_0_IRQHandler               
0000527d  TA0_N_IRQHandler               
0000527d  TA1_0_IRQHandler               
0000527d  TA1_N_IRQHandler               
0000527d  TA2_0_IRQHandler               
0000527d  TA2_N_IRQHandler               
0000527d  TA3_0_IRQHandler               
0000527d  TA3_N_IRQHandler               
0000527d  UsageFault_Handler             
4000480c  WDTCTL_SYM                     
0000527d  WDT_A_IRQHandler               
20000840  X                              
20000844  Ymax                           
20000848  Ymin                           
2000084c  Yrange                         
20000650  __CIOBUF_                      
20010000  __STACK_END                    
00000200  __STACK_SIZE                   
00000400  __SYSMEM_SIZE                  
00005c30  __TI_CINIT_Base                
00005c40  __TI_CINIT_Limit               
00005c18  __TI_Handler_Table_Base        
00005c24  __TI_Handler_Table_Limit       
00004e95  __TI_auto_init_nobinit_nopinit 
00004fcd  __TI_cleanup                   
20000620  __TI_cleanup_ptr               
000045ed  __TI_closefile                 
00004881  __TI_decompress_lzss           
00005263  __TI_decompress_none           
00004ce5  __TI_doflush                   
20000624  __TI_dtors_ptr                 
20000628  __TI_enable_exit_profile_output
20000610  __TI_ft_end                    
00004c3f  __TI_ltoa                      
ffffffff  __TI_pprof_out_hndl            
00001ef5  __TI_printfi                   
ffffffff  __TI_prof_data_size            
ffffffff  __TI_prof_data_start           
00005001  __TI_readmsg                   
00000000  __TI_static_base__             
20000770  __TI_tmpnams                   
00004f5d  __TI_writemsg                  
00004a19  __TI_wrt_ok                    
0000518d  __TI_zero_init_nomemset        
000043e9  __aeabi_cdcmpeq                
000043e9  __aeabi_cdcmple                
0000446f  __aeabi_cdrcmple               
0000473f  __aeabi_d2f                    
00004dc5  __aeabi_d2iz                   
0000360b  __aeabi_dadd                   
000038f5  __aeabi_ddiv                   
00003e75  __aeabi_dmul                   
00003601  __aeabi_dsub                   
00005281  __aeabi_errno_addr             
00005099  __aeabi_i2d                    
000037b7  __aeabi_idiv0                  
000037b7  __aeabi_ldiv0                  
00004571  __aeabi_memclr                 
00004571  __aeabi_memclr4                
00004571  __aeabi_memclr8                
000042b7  __aeabi_memcpy                 
000042b7  __aeabi_memcpy4                
000042b7  __aeabi_memcpy8                
00004573  __aeabi_memset                 
00004573  __aeabi_memset4                
00004573  __aeabi_memset8                
2000061c  __aeabi_stderr                 
20000614  __aeabi_stdin                  
20000618  __aeabi_stdout                 
00004353  __aeabi_uldivmod               
ffffffff  __binit__                      
ffffffff  __c_args__                     
UNDEFED   __mpu_init                     
2000fe00  __stack                        
20000000  __start___llvm_prf_cnts        
20000000  __stop___llvm_prf_cnts         
00005035  _c_int00_noargs                
0000599b  _ctypes_                       
200004f0  _device                        
20000400  _ftable                        
20000638  _lock                          
00002943  _nop                           
20000568  _stream                        
20000000  _sys_memory                    
UNDEFED   _system_post_cinit             
00005299  _system_pre_init               
2000063c  _unlock                        
0000529d  abort                          
2000085c  agingOffset                    
00003d75  aligned_alloc                  
00004d31  atoi                           
ffffffff  binit                          
2000085d  bitA1M1                        
2000085e  bitA1M2                        
2000085f  bitA1M3                        
20000860  bitA2M2                        
0000155f  burstRead                      
000014cf  burstWrite                     
20000632  byteCount                      
20000861  century                        
20000862  check                          
20000863  clockSetting                   
20000864  clockSettingA1                 
00004add  close                          
20000865  control                        
000051e1  copysign                       
000051e1  copysignl                      
0000579b  dBfs                           
200005e8  dataEEPROM                     
20000866  date                           
20000867  dateA1                         
20000868  dateA2                         
20000869  day                            
2000086a  dayA1                          
2000086b  dayA2                          
00002b6b  debounceBtn1                   
00002b97  debounceBtn2                   
000017c1  decode                         
00001e2b  decodeAgingOffset              
00001e03  decodeControl                  
00001a1d  decodeDate                     
00001d41  decodeDateA1                   
00001df1  decodeDateA2                   
000019f9  decodeDay                      
00001d2f  decodeDayA1                    
00001dd9  decodeDayA2                    
000018f1  decodeHours                    
00001c11  decodeHoursA1                  
00001dc7  decodeHoursA2                  
00001885  decodeMinutes                  
00001b9b  decodeMinutesA1                
00001d5d  decodeMinutesA2                
00001a79  decodeMonth                    
00001845  decodeSeconds                  
00001b31  decodeSecondsA1                
00001e19  decodeStatus                   
00001e71  decodeTempLSB                  
00001e41  decodeTempMSB                  
00001ae9  decodeYear                     
0000160b  encode                         
00001759  encodeAgingOffset              
00001735  encodeControl                  
0000165d  encodeDate                     
000016db  encodeDateA1                   
00001723  encodeDateA2                   
0000164b  encodeDay                      
000016c9  encodeDayA1                    
00001711  encodeDayA2                    
00001639  encodeHours                    
000016b7  encodeHoursA1                  
000016ff  encodeHoursA2                  
00001627  encodeMinutes                  
000016a5  encodeMinutesA1                
000016ed  encodeMinutesA2                
0000166f  encodeMonth                    
00001615  encodeSeconds                  
00001693  encodeSecondsA1                
00001747  encodeStatus                   
00001787  encodeTempLSB                  
0000176b  encodeTempMSB                  
00001681  encodeYear                     
20000648  errno                          
00004d7d  exit                           
00001415  ferror                         
000044f5  fflush                         
00001409  fgetc                          
00000d15  fillmessage                    
00005069  finddevice                     
00002ab5  formatData                     
000013f7  fputc                          
00003b51  fputs                          
00003f71  free                           
00004951  frexp                          
00004951  frexpl                         
000049b5  fseek                          
00004ed9  getdevice                      
20000850  hold                           
2000086c  hours                          
2000086d  hoursA1                        
2000086e  hoursA2                        
0000414d  intSysTickSetup                
00000000  interruptVectors               
2000062e  lastAdd                        
200005e4  lastj                          
00003c65  ldexp                          
00003c65  ldexpl                         
0000511d  lseek                          
00002945  main                           
00005289  malloc                         
00003d75  memalign                       
000051c5  memccpy                        
0000516d  memchr                         
000042b7  memcpy                         
00004579  memset                         
2000086f  meridiem                       
20000870  meridiemA1                     
20000871  minutes                        
20000872  minutesA1                      
20000873  minutesA2                      
20000874  month                          
0000417b  msDelay                        
20000830  parmbuf                        
0000014d  parrotdelay                    
000048e9  printf                         
2000062d  prnt                           
20000810  readData                       
200005fc  readEEPROM                     
000050c9  remove                         
00003c65  scalbn                         
00003c65  scalbnl                        
20000875  seconds                        
20000876  secondsA1                      
200005b8  sendData                       
00001495  setupI2C                       
00004055  setvbuf                        
20000877  status                         
00005213  strchr                         
000051fb  strcmp                         
00005229  strcpy                         
0000523d  strlen                         
00004f95  strncpy                        
00004131  sysTickSetup                   
20000854  tempLSB                        
20000858  tempMSB                        
000050c9  unlink                         
00002b27  updateEEPROM                   
2000062c  updateState                    
00002c21  updateStates                   
20000631  updatedYear                    
000041bd  usDelay                        
2000062f  var1                           
20000630  var2                           
00005251  wcslen                         
00005145  write                          
20000878  year                           


GLOBAL SYMBOLS: SORTED BY Symbol Address 

address   name                           
-------   ----                           
00000000  __TI_static_base__             
00000000  interruptVectors               
0000014d  parrotdelay                    
0000015b  Delay1ms                       
00000200  __STACK_SIZE                   
000002e9  ST7735_InitB                   
00000309  ST7735_InitR                   
00000400  __SYSMEM_SIZE                  
0000041d  ST7735_DrawPixel               
00000477  ST7735_DrawFastVLine           
00000535  ST7735_DrawFastHLine           
000005ed  ST7735_FillScreen              
00000631  ST7735_FillRect                
0000073d  ST7735_Color565                
00000771  ST7735_SwapColor               
000007a1  ST7735_DrawBitmap              
0000099f  ST7735_DrawCharS               
00000b15  ST7735_DrawChar                
00000c87  ST7735_DrawString              
00000d15  fillmessage                    
00000d57  ST7735_SetCursor               
00000d7d  ST7735_OutUDec                 
00000dfd  ST7735_SetRotation             
00000ec7  ST7735_InvertDisplay           
00000edf  ST7735_PlotClear               
00000f3b  ST7735_PlotPoint               
00001001  ST7735_PlotLine                
0000113b  ST7735_PlotPoints              
00001211  ST7735_PlotBar                 
00001267  ST7735_PlotdBfs                
000012b1  ST7735_PlotNext                
000012cb  ST7735_PlotNextErase           
00001305  ST7735_OutChar                 
000013c5  ST7735_OutString               
000013e3  ST7735_SetTextColor            
000013f7  fputc                          
00001409  fgetc                          
00001415  ferror                         
00001423  Output_Init                    
00001433  Output_Clear                   
0000143d  Output_Off                     
00001445  Output_On                      
0000144d  Output_Color                   
00001495  setupI2C                       
000014cf  burstWrite                     
0000155f  burstRead                      
0000160b  encode                         
00001615  encodeSeconds                  
00001627  encodeMinutes                  
00001639  encodeHours                    
0000164b  encodeDay                      
0000165d  encodeDate                     
0000166f  encodeMonth                    
00001681  encodeYear                     
00001693  encodeSecondsA1                
000016a5  encodeMinutesA1                
000016b7  encodeHoursA1                  
000016c9  encodeDayA1                    
000016db  encodeDateA1                   
000016ed  encodeMinutesA2                
000016ff  encodeHoursA2                  
00001711  encodeDayA2                    
00001723  encodeDateA2                   
00001735  encodeControl                  
00001747  encodeStatus                   
00001759  encodeAgingOffset              
0000176b  encodeTempMSB                  
00001787  encodeTempLSB                  
000017c1  decode                         
00001845  decodeSeconds                  
00001885  decodeMinutes                  
000018f1  decodeHours                    
000019f9  decodeDay                      
00001a1d  decodeDate                     
00001a79  decodeMonth                    
00001ae9  decodeYear                     
00001b31  decodeSecondsA1                
00001b9b  decodeMinutesA1                
00001c11  decodeHoursA1                  
00001d2f  decodeDayA1                    
00001d41  decodeDateA1                   
00001d5d  decodeMinutesA2                
00001dc7  decodeHoursA2                  
00001dd9  decodeDayA2                    
00001df1  decodeDateA2                   
00001e03  decodeControl                  
00001e19  decodeStatus                   
00001e2b  decodeAgingOffset              
00001e41  decodeTempMSB                  
00001e71  decodeTempLSB                  
00001ef5  __TI_printfi                   
00002943  _nop                           
00002945  main                           
00002a53  PORT1_IRQHandler               
00002a53  PORT1_IRQHandler               
00002ab5  formatData                     
00002b27  updateEEPROM                   
00002b6b  debounceBtn1                   
00002b97  debounceBtn2                   
00002c21  updateStates                   
00002e8d  SystemCoreClockUpdate          
00003105  SystemInit                     
00003601  __aeabi_dsub                   
0000360b  __aeabi_dadd                   
000037b7  __aeabi_idiv0                  
000037b7  __aeabi_ldiv0                  
000038f5  __aeabi_ddiv                   
00003b51  fputs                          
00003c65  ldexp                          
00003c65  ldexpl                         
00003c65  scalbn                         
00003c65  scalbnl                        
00003d75  aligned_alloc                  
00003d75  memalign                       
00003e75  __aeabi_dmul                   
00003f71  free                           
00004055  setvbuf                        
00004131  sysTickSetup                   
0000414d  intSysTickSetup                
0000417b  msDelay                        
000041bd  usDelay                        
000042b7  __aeabi_memcpy                 
000042b7  __aeabi_memcpy4                
000042b7  __aeabi_memcpy8                
000042b7  memcpy                         
00004353  __aeabi_uldivmod               
000043e9  __aeabi_cdcmpeq                
000043e9  __aeabi_cdcmple                
0000446f  __aeabi_cdrcmple               
000044f5  fflush                         
00004571  __aeabi_memclr                 
00004571  __aeabi_memclr4                
00004571  __aeabi_memclr8                
00004573  __aeabi_memset                 
00004573  __aeabi_memset4                
00004573  __aeabi_memset8                
00004579  memset                         
000045ed  __TI_closefile                 
0000473f  __aeabi_d2f                    
000047ad  HOSTrename                     
00004819  HOSTlseek                      
00004881  __TI_decompress_lzss           
000048e9  printf                         
00004951  frexp                          
00004951  frexpl                         
000049b5  fseek                          
00004a19  __TI_wrt_ok                    
00004a7d  HOSTopen                       
00004add  close                          
00004b39  HOSTread                       
00004b91  HOSTwrite                      
00004c3f  __TI_ltoa                      
00004ce5  __TI_doflush                   
00004d31  atoi                           
00004d7d  exit                           
00004dc5  __aeabi_d2iz                   
00004e0d  HOSTclose                      
00004e51  HOSTunlink                     
00004e95  __TI_auto_init_nobinit_nopinit 
00004ed9  getdevice                      
00004f5d  __TI_writemsg                  
00004f8b  C$$IO$$                        
00004f95  strncpy                        
00004fcd  __TI_cleanup                   
00005001  __TI_readmsg                   
00005035  _c_int00_noargs                
00005069  finddevice                     
00005099  __aeabi_i2d                    
000050c9  remove                         
000050c9  unlink                         
0000511d  lseek                          
00005145  write                          
0000516d  memchr                         
0000518d  __TI_zero_init_nomemset        
000051c5  memccpy                        
000051e1  copysign                       
000051e1  copysignl                      
000051fb  strcmp                         
00005213  strchr                         
00005229  strcpy                         
0000523d  strlen                         
00005251  wcslen                         
00005263  __TI_decompress_none           
00005271  Reset_Handler                  
0000527d  ADC14_IRQHandler               
0000527d  AES256_IRQHandler              
0000527d  BusFault_Handler               
0000527d  COMP_E0_IRQHandler             
0000527d  COMP_E1_IRQHandler             
0000527d  CS_IRQHandler                  
0000527d  DMA_ERR_IRQHandler             
0000527d  DMA_INT0_IRQHandler            
0000527d  DMA_INT1_IRQHandler            
0000527d  DMA_INT2_IRQHandler            
0000527d  DMA_INT3_IRQHandler            
0000527d  DebugMon_Handler               
0000527d  Default_Handler                
0000527d  EUSCIA0_IRQHandler             
0000527d  EUSCIA1_IRQHandler             
0000527d  EUSCIA2_IRQHandler             
0000527d  EUSCIA3_IRQHandler             
0000527d  EUSCIB0_IRQHandler             
0000527d  EUSCIB1_IRQHandler             
0000527d  EUSCIB2_IRQHandler             
0000527d  EUSCIB3_IRQHandler             
0000527d  FLCTL_IRQHandler               
0000527d  FPU_IRQHandler                 
0000527d  HardFault_Handler              
0000527d  MemManage_Handler              
0000527d  NMI_Handler                    
0000527d  PCM_IRQHandler                 
0000527d  PORT2_IRQHandler               
0000527d  PORT3_IRQHandler               
0000527d  PORT4_IRQHandler               
0000527d  PORT5_IRQHandler               
0000527d  PORT6_IRQHandler               
0000527d  PSS_IRQHandler                 
0000527d  PendSV_Handler                 
0000527d  RTC_C_IRQHandler               
0000527d  SVC_Handler                    
0000527d  SysTick_Handler                
0000527d  T32_INT1_IRQHandler            
0000527d  T32_INT2_IRQHandler            
0000527d  T32_INTC_IRQHandler            
0000527d  TA0_0_IRQHandler               
0000527d  TA0_N_IRQHandler               
0000527d  TA1_0_IRQHandler               
0000527d  TA1_N_IRQHandler               
0000527d  TA2_0_IRQHandler               
0000527d  TA2_N_IRQHandler               
0000527d  TA3_0_IRQHandler               
0000527d  TA3_N_IRQHandler               
0000527d  UsageFault_Handler             
0000527d  WDT_A_IRQHandler               
00005281  __aeabi_errno_addr             
00005289  malloc                         
00005299  _system_pre_init               
0000529d  C$$EXIT                        
0000529d  abort                          
0000579b  dBfs                           
0000599b  _ctypes_                       
00005c18  __TI_Handler_Table_Base        
00005c24  __TI_Handler_Table_Limit       
00005c30  __TI_CINIT_Base                
00005c40  __TI_CINIT_Limit               
20000000  __start___llvm_prf_cnts        
20000000  __stop___llvm_prf_cnts         
20000000  _sys_memory                    
20000400  _ftable                        
200004f0  _device                        
20000568  _stream                        
200005b8  sendData                       
200005d4  StX                            
200005d8  StY                            
200005dc  StTextColor                    
200005e4  lastj                          
200005e8  dataEEPROM                     
200005fc  readEEPROM                     
20000610  __TI_ft_end                    
20000614  __aeabi_stdin                  
20000618  __aeabi_stdout                 
2000061c  __aeabi_stderr                 
20000620  __TI_cleanup_ptr               
20000624  __TI_dtors_ptr                 
20000628  __TI_enable_exit_profile_output
2000062c  updateState                    
2000062d  prnt                           
2000062e  lastAdd                        
2000062f  var1                           
20000630  var2                           
20000631  updatedYear                    
20000632  byteCount                      
20000638  _lock                          
2000063c  _unlock                        
20000648  errno                          
2000064c  SystemCoreClock                
20000650  __CIOBUF_                      
20000770  __TI_tmpnams                   
20000810  readData                       
20000824  Message                        
20000830  parmbuf                        
2000083c  Messageindex                   
20000840  X                              
20000844  Ymax                           
20000848  Ymin                           
2000084c  Yrange                         
20000850  hold                           
20000854  tempLSB                        
20000858  tempMSB                        
2000085c  agingOffset                    
2000085d  bitA1M1                        
2000085e  bitA1M2                        
2000085f  bitA1M3                        
20000860  bitA2M2                        
20000861  century                        
20000862  check                          
20000863  clockSetting                   
20000864  clockSettingA1                 
20000865  control                        
20000866  date                           
20000867  dateA1                         
20000868  dateA2                         
20000869  day                            
2000086a  dayA1                          
2000086b  dayA2                          
2000086c  hours                          
2000086d  hoursA1                        
2000086e  hoursA2                        
2000086f  meridiem                       
20000870  meridiemA1                     
20000871  minutes                        
20000872  minutesA1                      
20000873  minutesA2                      
20000874  month                          
20000875  seconds                        
20000876  secondsA1                      
20000877  status                         
20000878  year                           
2000fe00  __stack                        
20010000  __STACK_END                    
4000480c  WDTCTL_SYM                     
ffffffff  __TI_pprof_out_hndl            
ffffffff  __TI_prof_data_size            
ffffffff  __TI_prof_data_start           
ffffffff  __binit__                      
ffffffff  __c_args__                     
ffffffff  binit                          
UNDEFED   __mpu_init                     
UNDEFED   _system_post_cinit             

[329 symbols]
