******************************************************************************
                  TI ARM Linker Unix v20.2.5                   
******************************************************************************
>> Linked Fri Oct 22 16:02:52 2021

OUTPUT FILE NAME:   <L7_P3_MCU_to_MCU_Motor_Control_Slave.out>
ENTRY POINT SYMBOL: "_c_int00_noargs"  address: 000009bd


MEMORY CONFIGURATION

         name            origin    length      used     unused   attr    fill
----------------------  --------  ---------  --------  --------  ----  --------
  MAIN                  00000000   00040000  00000a70  0003f590  R  X
  INFO                  00200000   00004000  00000000  00004000  R  X
  SRAM_CODE             01000000   00010000  0000021b  0000fde5  RW X
  SRAM_DATA             20000000   00010000  0000021b  0000fde5  RW  


SEGMENT ALLOCATION MAP

run origin  load origin   length   init length attrs members
----------  ----------- ---------- ----------- ----- -------
00000000    00000000    00000a70   00000a70    r-x
  00000000    00000000    000000e4   000000e4    r-- .intvecs
  000000e4    000000e4    0000094c   0000094c    r-x .text
  00000a30    00000a30    00000040   00000040    r-- .cinit
20000000    20000000    0000001b   00000000    rw-
  20000000    20000000    00000014   00000000    rw- .data
  20000014    20000014    00000007   00000000    rw- .bss
2000fe00    2000fe00    00000200   00000000    rw-
  2000fe00    2000fe00    00000200   00000000    rw- .stack


SECTION ALLOCATION MAP

 output                                  attributes/
section   page    origin      length       input sections
--------  ----  ----------  ----------   ----------------
.intvecs   0    00000000    000000e4     
                  00000000    000000e4     startup_msp432p401r_ccs.obj (.intvecs:retain)

.text      0    000000e4    0000094c     
                  000000e4    00000334     system_msp432p401r.obj (.text)
                  00000418    000001e8     bipolarMotor.obj (.text)
                  00000600    000001a0     main.obj (.text)
                  000007a0    000000d4     systick.obj (.text)
                  00000874    0000009c     rtsv7M4_T_le_v4SPD16_eabi.lib : memcpy_t2.asm.obj (.text)
                  00000910    00000068                                   : copy_decompress_lzss.c.obj (.text:decompress:lzss:__TI_decompress_lzss)
                  00000978    00000044                                   : autoinit.c.obj (.text:__TI_auto_init_nobinit_nopinit:__TI_auto_init_nobinit_nopinit)
                  000009bc    00000034                                   : boot_cortex_m.c.obj (.text:_c_int00_noargs:_c_int00_noargs)
                  000009f0    0000001c                                   : copy_zero_init.c.obj (.text:decompress:ZI:__TI_zero_init_nomemset:__TI_zero_init_nomemset)
                  00000a0c    0000000e                                   : copy_decompress_none.c.obj (.text:decompress:none:__TI_decompress_none)
                  00000a1a    0000000e     startup_msp432p401r_ccs.obj (.text)
                  00000a28    00000004     rtsv7M4_T_le_v4SPD16_eabi.lib : pre_init.c.obj (.text:_system_pre_init)
                  00000a2c    00000004                                   : exit.c.obj (.text:abort:abort)

.cinit     0    00000a30    00000040     
                  00000a30    00000015     (.cinit..data.load) [load image, compression = lzss]
                  00000a45    00000003     --HOLE-- [fill = 0]
                  00000a48    0000000c     (__TI_handler_table)
                  00000a54    00000004     --HOLE-- [fill = 0]
                  00000a58    00000008     (.cinit..bss.load) [load image, compression = zero_init]
                  00000a60    00000010     (__TI_cinit_table)

.init_array 
*          0    00000000    00000000     UNINITIALIZED

.binit     0    00000000    00000000     

.data      0    20000000    00000014     UNINITIALIZED
                  20000000    00000004     bipolarMotor.obj (.data:inA)
                  20000004    00000004     bipolarMotor.obj (.data:inAp)
                  20000008    00000004     bipolarMotor.obj (.data:inB)
                  2000000c    00000004     bipolarMotor.obj (.data:inBp)
                  20000010    00000004     system_msp432p401r.obj (.data)

.bss       0    20000014    00000007     UNINITIALIZED
                  20000014    00000001     (.common:RXData)
                  20000015    00000001     (.common:ccwFlag)
                  20000016    00000001     (.common:cwFlag)
                  20000017    00000001     (.common:cycles)
                  20000018    00000001     (.common:direction)
                  20000019    00000001     (.common:run)
                  2000001a    00000001     (.common:steps)

.stack     0    2000fe00    00000200     UNINITIALIZED
                  2000fe00    00000004     rtsv7M4_T_le_v4SPD16_eabi.lib : boot_cortex_m.c.obj (.stack)
                  2000fe04    000001fc     --HOLE--

__llvm_prf_cnts 
*          0    20000000    00000000     UNINITIALIZED

MODULE SUMMARY

       Module                        code   ro data   rw data
       ------                        ----   -------   -------
    ./
       system_msp432p401r.obj        820    0         8      
       bipolarMotor.obj              488    0         32     
       main.obj                      416    0         14     
       startup_msp432p401r_ccs.obj   14     228       0      
       systick.obj                   212    0         0      
    +--+-----------------------------+------+---------+---------+
       Total:                        1950   228       54     
                                                             
    /Applications/ti/ccs1040/ccs/tools/compiler/ti-cgt-arm_20.2.5.LTS/lib/rtsv7M4_T_le_v4SPD16_eabi.lib
       memcpy_t2.asm.obj             156    0         0      
       copy_decompress_lzss.c.obj    104    0         0      
       autoinit.c.obj                68     0         0      
       boot_cortex_m.c.obj           52     0         0      
       copy_zero_init.c.obj          28     0         0      
       copy_decompress_none.c.obj    14     0         0      
       exit.c.obj                    4      0         0      
       pre_init.c.obj                4      0         0      
    +--+-----------------------------+------+---------+---------+
       Total:                        430    0         0      
                                                             
       Stack:                        0      0         1024   
       Linker Generated:             0      57        0      
    +--+-----------------------------+------+---------+---------+
       Grand Total:                  2380   285       1078   


LINKER GENERATED COPY TABLES

__TI_cinit_table @ 00000a60 records: 2, size/record: 8, table size: 16
	.data: load addr=00000a30, load size=00000015 bytes, run addr=20000000, run size=00000014 bytes, compression=lzss
	.bss: load addr=00000a58, load size=00000008 bytes, run addr=20000014, run size=00000007 bytes, compression=zero_init


LINKER GENERATED HANDLER TABLE

__TI_handler_table @ 00000a48 records: 3, size/record: 4, table size: 12
	index: 0, handler: __TI_decompress_lzss
	index: 1, handler: __TI_decompress_none
	index: 2, handler: __TI_zero_init


GLOBAL SYMBOLS: SORTED ALPHABETICALLY BY Name 

address   name                          
-------   ----                          
00000a27  ADC14_IRQHandler              
00000a27  AES256_IRQHandler             
00000a27  BusFault_Handler              
00000a2d  C$$EXIT                       
00000443  CCW                           
00000a27  COMP_E0_IRQHandler            
00000a27  COMP_E1_IRQHandler            
00000a27  CS_IRQHandler                 
00000509  CW                            
00000a27  DMA_ERR_IRQHandler            
00000a27  DMA_INT0_IRQHandler           
00000a27  DMA_INT1_IRQHandler           
00000a27  DMA_INT2_IRQHandler           
00000a27  DMA_INT3_IRQHandler           
00000a27  DebugMon_Handler              
00000a27  Default_Handler               
00000a27  EUSCIA0_IRQHandler            
00000a27  EUSCIA1_IRQHandler            
00000a27  EUSCIA2_IRQHandler            
00000a27  EUSCIA3_IRQHandler            
000006c7  EUSCIB0_IRQHandler            
000006c7  EUSCIB0_IRQHandler            
00000a27  EUSCIB1_IRQHandler            
00000a27  EUSCIB2_IRQHandler            
00000a27  EUSCIB3_IRQHandler            
00000a27  FLCTL_IRQHandler              
00000a27  FPU_IRQHandler                
00000673  GPIO_init                     
00000a27  HardFault_Handler             
0000068b  I2C_init                      
00000a27  MemManage_Handler             
00000a27  NMI_Handler                   
00000a27  PCM_IRQHandler                
00000a27  PORT1_IRQHandler              
00000a27  PORT2_IRQHandler              
00000a27  PORT3_IRQHandler              
00000a27  PORT4_IRQHandler              
00000a27  PORT5_IRQHandler              
00000a27  PORT6_IRQHandler              
00000a27  PSS_IRQHandler                
00000a27  PendSV_Handler                
00000a27  RTC_C_IRQHandler              
20000014  RXData                        
00000a1b  Reset_Handler                 
00000a27  SVC_Handler                   
00000a27  SysTick_Handler               
20000010  SystemCoreClock               
000000e5  SystemCoreClockUpdate         
0000035d  SystemInit                    
00000a27  T32_INT1_IRQHandler           
00000a27  T32_INT2_IRQHandler           
00000a27  T32_INTC_IRQHandler           
00000a27  TA0_0_IRQHandler              
00000a27  TA0_N_IRQHandler              
00000a27  TA1_0_IRQHandler              
00000a27  TA1_N_IRQHandler              
00000a27  TA2_0_IRQHandler              
00000a27  TA2_N_IRQHandler              
00000a27  TA3_0_IRQHandler              
00000a27  TA3_N_IRQHandler              
00000a27  UsageFault_Handler            
4000480c  WDTCTL_SYM                    
00000a27  WDT_A_IRQHandler              
20010000  __STACK_END                   
00000200  __STACK_SIZE                  
00000a60  __TI_CINIT_Base               
00000a70  __TI_CINIT_Limit              
00000a48  __TI_Handler_Table_Base       
00000a54  __TI_Handler_Table_Limit      
00000979  __TI_auto_init_nobinit_nopinit
00000911  __TI_decompress_lzss          
00000a0d  __TI_decompress_none          
ffffffff  __TI_pprof_out_hndl           
ffffffff  __TI_prof_data_size           
ffffffff  __TI_prof_data_start          
00000000  __TI_static_base__            
000009f1  __TI_zero_init_nomemset       
00000875  __aeabi_memcpy                
00000875  __aeabi_memcpy4               
00000875  __aeabi_memcpy8               
ffffffff  __binit__                     
ffffffff  __c_args__                    
UNDEFED   __mpu_init                    
2000fe00  __stack                       
20000000  __start___llvm_prf_cnts       
20000000  __stop___llvm_prf_cnts        
000009bd  _c_int00_noargs               
UNDEFED   _system_post_cinit            
00000a29  _system_pre_init              
00000a2d  abort                         
ffffffff  binit                         
20000015  ccwFlag                       
20000016  cwFlag                        
20000017  cycles                        
000006f3  decode                        
20000018  direction                     
20000000  inA                           
20000004  inAp                          
20000008  inB                           
2000000c  inBp                          
0000065f  initialization                
00000419  initializeBipolarMotor        
000007bd  intSysTickSetup               
00000000  interruptVectors              
00000601  main                          
00000875  memcpy                        
000007eb  msDelay                       
20000019  run                           
2000001a  steps                         
000007a1  sysTickSetup                  
0000082d  usDelay                       


GLOBAL SYMBOLS: SORTED BY Symbol Address 

address   name                          
-------   ----                          
00000000  __TI_static_base__            
00000000  interruptVectors              
000000e5  SystemCoreClockUpdate         
00000200  __STACK_SIZE                  
0000035d  SystemInit                    
00000419  initializeBipolarMotor        
00000443  CCW                           
00000509  CW                            
00000601  main                          
0000065f  initialization                
00000673  GPIO_init                     
0000068b  I2C_init                      
000006c7  EUSCIB0_IRQHandler            
000006c7  EUSCIB0_IRQHandler            
000006f3  decode                        
000007a1  sysTickSetup                  
000007bd  intSysTickSetup               
000007eb  msDelay                       
0000082d  usDelay                       
00000875  __aeabi_memcpy                
00000875  __aeabi_memcpy4               
00000875  __aeabi_memcpy8               
00000875  memcpy                        
00000911  __TI_decompress_lzss          
00000979  __TI_auto_init_nobinit_nopinit
000009bd  _c_int00_noargs               
000009f1  __TI_zero_init_nomemset       
00000a0d  __TI_decompress_none          
00000a1b  Reset_Handler                 
00000a27  ADC14_IRQHandler              
00000a27  AES256_IRQHandler             
00000a27  BusFault_Handler              
00000a27  COMP_E0_IRQHandler            
00000a27  COMP_E1_IRQHandler            
00000a27  CS_IRQHandler                 
00000a27  DMA_ERR_IRQHandler            
00000a27  DMA_INT0_IRQHandler           
00000a27  DMA_INT1_IRQHandler           
00000a27  DMA_INT2_IRQHandler           
00000a27  DMA_INT3_IRQHandler           
00000a27  DebugMon_Handler              
00000a27  Default_Handler               
00000a27  EUSCIA0_IRQHandler            
00000a27  EUSCIA1_IRQHandler            
00000a27  EUSCIA2_IRQHandler            
00000a27  EUSCIA3_IRQHandler            
00000a27  EUSCIB1_IRQHandler            
00000a27  EUSCIB2_IRQHandler            
00000a27  EUSCIB3_IRQHandler            
00000a27  FLCTL_IRQHandler              
00000a27  FPU_IRQHandler                
00000a27  HardFault_Handler             
00000a27  MemManage_Handler             
00000a27  NMI_Handler                   
00000a27  PCM_IRQHandler                
00000a27  PORT1_IRQHandler              
00000a27  PORT2_IRQHandler              
00000a27  PORT3_IRQHandler              
00000a27  PORT4_IRQHandler              
00000a27  PORT5_IRQHandler              
00000a27  PORT6_IRQHandler              
00000a27  PSS_IRQHandler                
00000a27  PendSV_Handler                
00000a27  RTC_C_IRQHandler              
00000a27  SVC_Handler                   
00000a27  SysTick_Handler               
00000a27  T32_INT1_IRQHandler           
00000a27  T32_INT2_IRQHandler           
00000a27  T32_INTC_IRQHandler           
00000a27  TA0_0_IRQHandler              
00000a27  TA0_N_IRQHandler              
00000a27  TA1_0_IRQHandler              
00000a27  TA1_N_IRQHandler              
00000a27  TA2_0_IRQHandler              
00000a27  TA2_N_IRQHandler              
00000a27  TA3_0_IRQHandler              
00000a27  TA3_N_IRQHandler              
00000a27  UsageFault_Handler            
00000a27  WDT_A_IRQHandler              
00000a29  _system_pre_init              
00000a2d  C$$EXIT                       
00000a2d  abort                         
00000a48  __TI_Handler_Table_Base       
00000a54  __TI_Handler_Table_Limit      
00000a60  __TI_CINIT_Base               
00000a70  __TI_CINIT_Limit              
20000000  __start___llvm_prf_cnts       
20000000  __stop___llvm_prf_cnts        
20000000  inA                           
20000004  inAp                          
20000008  inB                           
2000000c  inBp                          
20000010  SystemCoreClock               
20000014  RXData                        
20000015  ccwFlag                       
20000016  cwFlag                        
20000017  cycles                        
20000018  direction                     
20000019  run                           
2000001a  steps                         
2000fe00  __stack                       
20010000  __STACK_END                   
4000480c  WDTCTL_SYM                    
ffffffff  __TI_pprof_out_hndl           
ffffffff  __TI_prof_data_size           
ffffffff  __TI_prof_data_start          
ffffffff  __binit__                     
ffffffff  __c_args__                    
ffffffff  binit                         
UNDEFED   __mpu_init                    
UNDEFED   _system_post_cinit            

[111 symbols]
