******************************************************************************
                  TI ARM Linker Unix v20.2.5                   
******************************************************************************
>> Linked Sat Sep 11 17:34:37 2021

OUTPUT FILE NAME:   <L1_P2_Button_RGB_Sequence.out>
ENTRY POINT SYMBOL: "_c_int00_noargs"  address: 00000965


MEMORY CONFIGURATION

         name            origin    length      used     unused   attr    fill
----------------------  --------  ---------  --------  --------  ----  --------
  MAIN                  00000000   00040000  000009e0  0003f620  R  X
  INFO                  00200000   00004000  00000000  00004000  R  X
  SRAM_CODE             01000000   00010000  0000020e  0000fdf2  RW X
  SRAM_DATA             20000000   00010000  0000020e  0000fdf2  RW  


SEGMENT ALLOCATION MAP

run origin  load origin   length   init length attrs members
----------  ----------- ---------- ----------- ----- -------
00000000    00000000    000009e4   000009e4    r-x
  00000000    00000000    000000e4   000000e4    r-- .intvecs
  000000e4    000000e4    000008d8   000008d8    r-x .text
  000009c0    000009c0    00000024   00000024    r-- .cinit
20000000    20000000    0000000e   00000000    rw-
  20000000    20000000    0000000e   00000000    rw- .data
2000fe00    2000fe00    00000200   00000000    rw-
  2000fe00    2000fe00    00000200   00000000    rw- .stack


SECTION ALLOCATION MAP

 output                                  attributes/
section   page    origin      length       input sections
--------  ----  ----------  ----------   ----------------
.intvecs   0    00000000    000000e4     
                  00000000    000000e4     startup_msp432p401r_ccs.obj (.intvecs:retain)

.text      0    000000e4    000008d8     
                  000000e4    00000334     system_msp432p401r.obj (.text)
                  00000418    000001f4     main.obj (.text)
                  0000060c    00000178     leds.obj (.text)
                  00000784    0000009c     rtsv7M4_T_le_v4SPD16_eabi.lib : memcpy_t2.asm.obj (.text)
                  00000820    00000098     systick.obj (.text)
                  000008b8    00000068     rtsv7M4_T_le_v4SPD16_eabi.lib : copy_decompress_lzss.c.obj (.text:decompress:lzss:__TI_decompress_lzss)
                  00000920    00000044                                   : autoinit.c.obj (.text:__TI_auto_init_nobinit_nopinit:__TI_auto_init_nobinit_nopinit)
                  00000964    00000034                                   : boot_cortex_m.c.obj (.text:_c_int00_noargs:_c_int00_noargs)
                  00000998    0000000e                                   : copy_decompress_none.c.obj (.text:decompress:none:__TI_decompress_none)
                  000009a6    0000000e     startup_msp432p401r_ccs.obj (.text)
                  000009b4    00000004     rtsv7M4_T_le_v4SPD16_eabi.lib : pre_init.c.obj (.text:_system_pre_init)
                  000009b8    00000004                                   : exit.c.obj (.text:abort:abort)

.cinit     0    000009c0    00000024     
                  000009c0    00000012     (.cinit..data.load) [load image, compression = lzss]
                  000009d2    00000002     --HOLE-- [fill = 0]
                  000009d4    00000008     (__TI_handler_table)
                  000009dc    00000008     (__TI_cinit_table)

.init_array 
*          0    00000000    00000000     UNINITIALIZED

.binit     0    00000000    00000000     

.data      0    20000000    0000000e     UNINITIALIZED
                  20000000    00000008     main.obj (.data)
                  20000008    00000004     system_msp432p401r.obj (.data)
                  2000000c    00000002     leds.obj (.data)

.stack     0    2000fe00    00000200     UNINITIALIZED
                  2000fe00    00000004     rtsv7M4_T_le_v4SPD16_eabi.lib : boot_cortex_m.c.obj (.stack)
                  2000fe04    000001fc     --HOLE--

__llvm_prf_cnts 
*          0    20000000    00000000     UNINITIALIZED

MODULE SUMMARY

       Module                        code   ro data   rw data
       ------                        ----   -------   -------
    ./
       system_msp432p401r.obj        820    0         8      
       main.obj                      500    0         16     
       leds.obj                      376    0         4      
       startup_msp432p401r_ccs.obj   14     228       0      
       systick.obj                   152    0         0      
    +--+-----------------------------+------+---------+---------+
       Total:                        1862   228       28     
                                                             
    /Applications/ti/ccs1040/ccs/tools/compiler/ti-cgt-arm_20.2.5.LTS/lib/rtsv7M4_T_le_v4SPD16_eabi.lib
       memcpy_t2.asm.obj             156    0         0      
       copy_decompress_lzss.c.obj    104    0         0      
       autoinit.c.obj                68     0         0      
       boot_cortex_m.c.obj           52     0         0      
       copy_decompress_none.c.obj    14     0         0      
       exit.c.obj                    4      0         0      
       pre_init.c.obj                4      0         0      
    +--+-----------------------------+------+---------+---------+
       Total:                        402    0         0      
                                                             
       Stack:                        0      0         1024   
       Linker Generated:             0      34        0      
    +--+-----------------------------+------+---------+---------+
       Grand Total:                  2264   262       1052   


LINKER GENERATED COPY TABLES

__TI_cinit_table @ 000009dc records: 1, size/record: 8, table size: 8
	.data: load addr=000009c0, load size=00000012 bytes, run addr=20000000, run size=0000000e bytes, compression=lzss


LINKER GENERATED HANDLER TABLE

__TI_handler_table @ 000009d4 records: 2, size/record: 4, table size: 8
	index: 0, handler: __TI_decompress_lzss
	index: 1, handler: __TI_decompress_none


GLOBAL SYMBOLS: SORTED ALPHABETICALLY BY Name 

address   name                          
-------   ----                          
000009b3  ADC14_IRQHandler              
000009b3  AES256_IRQHandler             
000009b3  BusFault_Handler              
000009b9  C$$EXIT                       
000009b3  COMP_E0_IRQHandler            
000009b3  COMP_E1_IRQHandler            
000009b3  CS_IRQHandler                 
000009b3  DMA_ERR_IRQHandler            
000009b3  DMA_INT0_IRQHandler           
000009b3  DMA_INT1_IRQHandler           
000009b3  DMA_INT2_IRQHandler           
000009b3  DMA_INT3_IRQHandler           
000009b3  DebugMon_Handler              
000009b3  Default_Handler               
000009b3  EUSCIA0_IRQHandler            
000009b3  EUSCIA1_IRQHandler            
000009b3  EUSCIA2_IRQHandler            
000009b3  EUSCIA3_IRQHandler            
000009b3  EUSCIB0_IRQHandler            
000009b3  EUSCIB1_IRQHandler            
000009b3  EUSCIB2_IRQHandler            
000009b3  EUSCIB3_IRQHandler            
000009b3  FLCTL_IRQHandler              
000009b3  FPU_IRQHandler                
000009b3  HardFault_Handler             
000009b3  MemManage_Handler             
000009b3  NMI_Handler                   
000009b3  PCM_IRQHandler                
000009b3  PORT1_IRQHandler              
000009b3  PORT2_IRQHandler              
000009b3  PORT3_IRQHandler              
00000459  PORT4_IRQHandler              
00000459  PORT4_IRQHandler              
000009b3  PORT5_IRQHandler              
000009b3  PORT6_IRQHandler              
000009b3  PSS_IRQHandler                
000009b3  PendSV_Handler                
000009b3  RTC_C_IRQHandler              
000009a7  Reset_Handler                 
000009b3  SVC_Handler                   
000009b3  SysTick_Handler               
20000008  SystemCoreClock               
000000e5  SystemCoreClockUpdate         
0000035d  SystemInit                    
000009b3  T32_INT1_IRQHandler           
000009b3  T32_INT2_IRQHandler           
000009b3  T32_INTC_IRQHandler           
000009b3  TA0_0_IRQHandler              
000009b3  TA0_N_IRQHandler              
000009b3  TA1_0_IRQHandler              
000009b3  TA1_N_IRQHandler              
000009b3  TA2_0_IRQHandler              
000009b3  TA2_N_IRQHandler              
000009b3  TA3_0_IRQHandler              
000009b3  TA3_N_IRQHandler              
000009b3  UsageFault_Handler            
4000480c  WDTCTL_SYM                    
000009b3  WDT_A_IRQHandler              
20010000  __STACK_END                   
00000200  __STACK_SIZE                  
000009dc  __TI_CINIT_Base               
000009e4  __TI_CINIT_Limit              
000009d4  __TI_Handler_Table_Base       
000009dc  __TI_Handler_Table_Limit      
00000921  __TI_auto_init_nobinit_nopinit
000008b9  __TI_decompress_lzss          
00000999  __TI_decompress_none          
ffffffff  __TI_pprof_out_hndl           
ffffffff  __TI_prof_data_size           
ffffffff  __TI_prof_data_start          
00000000  __TI_static_base__            
00000785  __aeabi_memcpy                
00000785  __aeabi_memcpy4               
00000785  __aeabi_memcpy8               
ffffffff  __binit__                     
ffffffff  __c_args__                    
UNDEFED   __mpu_init                    
2000fe00  __stack                       
20000000  __start___llvm_prf_cnts       
20000000  __stop___llvm_prf_cnts        
00000965  _c_int00_noargs               
UNDEFED   _system_post_cinit            
000009b5  _system_pre_init              
000009b9  abort                         
2000000d  bckSequenceState              
ffffffff  binit                         
20000002  bothBtnFlag                   
20000000  btn1Flag                      
20000001  btn2Flag                      
00000567  debounceBtn1                  
00000593  debounceBtn2                  
2000000c  fwdSequenceState              
00000505  gpioSetup                     
0000083d  intSysTickSetup               
00000000  interruptVectors              
00000419  main                          
00000785  memcpy                        
00000859  msDelay                       
000006e7  reverseSequenceControl        
00000655  sequenceControl               
00000821  sysTickSetup                  
0000063d  toggleLED                     
00000625  turnOff                       
0000060d  turnOn                        
00000883  usDelay                       


GLOBAL SYMBOLS: SORTED BY Symbol Address 

address   name                          
-------   ----                          
00000000  __TI_static_base__            
00000000  interruptVectors              
000000e5  SystemCoreClockUpdate         
00000200  __STACK_SIZE                  
0000035d  SystemInit                    
00000419  main                          
00000459  PORT4_IRQHandler              
00000459  PORT4_IRQHandler              
00000505  gpioSetup                     
00000567  debounceBtn1                  
00000593  debounceBtn2                  
0000060d  turnOn                        
00000625  turnOff                       
0000063d  toggleLED                     
00000655  sequenceControl               
000006e7  reverseSequenceControl        
00000785  __aeabi_memcpy                
00000785  __aeabi_memcpy4               
00000785  __aeabi_memcpy8               
00000785  memcpy                        
00000821  sysTickSetup                  
0000083d  intSysTickSetup               
00000859  msDelay                       
00000883  usDelay                       
000008b9  __TI_decompress_lzss          
00000921  __TI_auto_init_nobinit_nopinit
00000965  _c_int00_noargs               
00000999  __TI_decompress_none          
000009a7  Reset_Handler                 
000009b3  ADC14_IRQHandler              
000009b3  AES256_IRQHandler             
000009b3  BusFault_Handler              
000009b3  COMP_E0_IRQHandler            
000009b3  COMP_E1_IRQHandler            
000009b3  CS_IRQHandler                 
000009b3  DMA_ERR_IRQHandler            
000009b3  DMA_INT0_IRQHandler           
000009b3  DMA_INT1_IRQHandler           
000009b3  DMA_INT2_IRQHandler           
000009b3  DMA_INT3_IRQHandler           
000009b3  DebugMon_Handler              
000009b3  Default_Handler               
000009b3  EUSCIA0_IRQHandler            
000009b3  EUSCIA1_IRQHandler            
000009b3  EUSCIA2_IRQHandler            
000009b3  EUSCIA3_IRQHandler            
000009b3  EUSCIB0_IRQHandler            
000009b3  EUSCIB1_IRQHandler            
000009b3  EUSCIB2_IRQHandler            
000009b3  EUSCIB3_IRQHandler            
000009b3  FLCTL_IRQHandler              
000009b3  FPU_IRQHandler                
000009b3  HardFault_Handler             
000009b3  MemManage_Handler             
000009b3  NMI_Handler                   
000009b3  PCM_IRQHandler                
000009b3  PORT1_IRQHandler              
000009b3  PORT2_IRQHandler              
000009b3  PORT3_IRQHandler              
000009b3  PORT5_IRQHandler              
000009b3  PORT6_IRQHandler              
000009b3  PSS_IRQHandler                
000009b3  PendSV_Handler                
000009b3  RTC_C_IRQHandler              
000009b3  SVC_Handler                   
000009b3  SysTick_Handler               
000009b3  T32_INT1_IRQHandler           
000009b3  T32_INT2_IRQHandler           
000009b3  T32_INTC_IRQHandler           
000009b3  TA0_0_IRQHandler              
000009b3  TA0_N_IRQHandler              
000009b3  TA1_0_IRQHandler              
000009b3  TA1_N_IRQHandler              
000009b3  TA2_0_IRQHandler              
000009b3  TA2_N_IRQHandler              
000009b3  TA3_0_IRQHandler              
000009b3  TA3_N_IRQHandler              
000009b3  UsageFault_Handler            
000009b3  WDT_A_IRQHandler              
000009b5  _system_pre_init              
000009b9  C$$EXIT                       
000009b9  abort                         
000009d4  __TI_Handler_Table_Base       
000009dc  __TI_CINIT_Base               
000009dc  __TI_Handler_Table_Limit      
000009e4  __TI_CINIT_Limit              
20000000  __start___llvm_prf_cnts       
20000000  __stop___llvm_prf_cnts        
20000000  btn1Flag                      
20000001  btn2Flag                      
20000002  bothBtnFlag                   
20000008  SystemCoreClock               
2000000c  fwdSequenceState              
2000000d  bckSequenceState              
2000fe00  __stack                       
20010000  __STACK_END                   
4000480c  WDTCTL_SYM                    
ffffffff  __TI_pprof_out_hndl           
ffffffff  __TI_prof_data_size           
ffffffff  __TI_prof_data_start          
ffffffff  __binit__                     
ffffffff  __c_args__                    
ffffffff  binit                         
UNDEFED   __mpu_init                    
UNDEFED   _system_post_cinit            

[105 symbols]
