******************************************************************************
                  TI ARM Linker Unix v20.2.5                   
******************************************************************************
>> Linked Sat Dec  4 20:41:21 2021

OUTPUT FILE NAME:   <L3_P2_Capture_Compare.out>
ENTRY POINT SYMBOL: "_c_int00_noargs"  address: 000010c1


MEMORY CONFIGURATION

         name            origin    length      used     unused   attr    fill
----------------------  --------  ---------  --------  --------  ----  --------
  MAIN                  00000000   00040000  00001194  0003ee6c  R  X
  INFO                  00200000   00004000  00000000  00004000  R  X
  SRAM_CODE             01000000   00010000  00000273  0000fd8d  RW X
  SRAM_DATA             20000000   00010000  00000273  0000fd8d  RW  


SEGMENT ALLOCATION MAP

run origin  load origin   length   init length attrs members
----------  ----------- ---------- ----------- ----- -------
00000000    00000000    00001198   00001198    r-x
  00000000    00000000    000000e4   000000e4    r-- .intvecs
  000000e4    000000e4    00001070   00001070    r-x .text
  00001158    00001158    00000040   00000040    r-- .cinit
20000000    20000000    00000077   00000000    rw-
  20000000    20000000    0000005c   00000000    rw- .data
  20000060    20000060    00000017   00000000    rw- .bss
2000fe00    2000fe00    00000200   00000000    rw-
  2000fe00    2000fe00    00000200   00000000    rw- .stack


SECTION ALLOCATION MAP

 output                                  attributes/
section   page    origin      length       input sections
--------  ----  ----------  ----------   ----------------
.intvecs   0    00000000    000000e4     
                  00000000    000000e4     startup_msp432p401r_ccs.obj (.intvecs:retain)

.text      0    000000e4    00001070     
                  000000e4    00000344     leds.obj (.text)
                  00000428    00000334     system_msp432p401r.obj (.text)
                  0000075c    000002d0     main.obj (.text)
                  00000a2c    000001b6     rtsv7M4_T_le_v4SPD16_eabi.lib : fd_add_t2.asm.obj (.text)
                  00000be2    00000136                                   : fd_div_t2.asm.obj (.text)
                  00000d18    000000fc                                   : fd_mul_t2.asm.obj (.text)
                  00000e14    0000009c                                   : memcpy_t2.asm.obj (.text)
                  00000eb0    00000094     systick.obj (.text)
                  00000f44    00000086     rtsv7M4_T_le_v4SPD16_eabi.lib : fd_cmp_t2.asm.obj (.text:__aeabi_cdrcmple)
                  00000fca    00000068                                   : copy_decompress_lzss.c.obj (.text:decompress:lzss:__TI_decompress_lzss)
                  00001032    00000048                                   : fd_toi_t2.asm.obj (.text)
                  0000107a    00000002     --HOLE-- [fill = 0]
                  0000107c    00000044                                   : autoinit.c.obj (.text:__TI_auto_init_nobinit_nopinit:__TI_auto_init_nobinit_nopinit)
                  000010c0    00000034                                   : boot_cortex_m.c.obj (.text:_c_int00_noargs:_c_int00_noargs)
                  000010f4    00000020                                   : u_tofd_t2.asm.obj (.text)
                  00001114    0000001c                                   : copy_zero_init.c.obj (.text:decompress:ZI:__TI_zero_init_nomemset:__TI_zero_init_nomemset)
                  00001130    0000000e                                   : copy_decompress_none.c.obj (.text:decompress:none:__TI_decompress_none)
                  0000113e    0000000e     startup_msp432p401r_ccs.obj (.text)
                  0000114c    00000004     rtsv7M4_T_le_v4SPD16_eabi.lib : pre_init.c.obj (.text:_system_pre_init)
                  00001150    00000004                                   : exit.c.obj (.text:abort:abort)

.cinit     0    00001158    00000040     
                  00001158    00000017     (.cinit..data.load) [load image, compression = lzss]
                  0000116f    00000001     --HOLE-- [fill = 0]
                  00001170    0000000c     (__TI_handler_table)
                  0000117c    00000004     --HOLE-- [fill = 0]
                  00001180    00000008     (.cinit..bss.load) [load image, compression = zero_init]
                  00001188    00000010     (__TI_cinit_table)

.init_array 
*          0    00000000    00000000     UNINITIALIZED

.binit     0    00000000    00000000     

.data      0    20000000    0000005c     UNINITIALIZED
                  20000000    00000040     main.obj (.data:rollingValues)
                  20000040    00000018     main.obj (.data)
                  20000058    00000004     system_msp432p401r.obj (.data)

.bss       0    20000060    00000017     UNINITIALIZED
                  20000060    00000008     (.common:distCentimeter)
                  20000068    00000008     (.common:distMilli)
                  20000070    00000002     (.common:currentEdge)
                  20000072    00000002     (.common:deltaCycles)
                  20000074    00000002     (.common:lastEdge)
                  20000076    00000001     (.common:toggleFlag)

.stack     0    2000fe00    00000200     UNINITIALIZED
                  2000fe00    00000004     rtsv7M4_T_le_v4SPD16_eabi.lib : boot_cortex_m.c.obj (.stack)
                  2000fe04    000001fc     --HOLE--

__llvm_prf_cnts 
*          0    20000000    00000000     UNINITIALIZED

MODULE SUMMARY

       Module                        code   ro data   rw data
       ------                        ----   -------   -------
    ./
       main.obj                      720    0         222    
       leds.obj                      836    0         0      
       system_msp432p401r.obj        820    0         8      
       startup_msp432p401r_ccs.obj   14     228       0      
       systick.obj                   148    0         0      
    +--+-----------------------------+------+---------+---------+
       Total:                        2538   228       230    
                                                             
    /Applications/ti/ccs1040/ccs/tools/compiler/ti-cgt-arm_20.2.5.LTS/lib/rtsv7M4_T_le_v4SPD16_eabi.lib
       fd_add_t2.asm.obj             438    0         0      
       fd_div_t2.asm.obj             310    0         0      
       fd_mul_t2.asm.obj             252    0         0      
       memcpy_t2.asm.obj             156    0         0      
       fd_cmp_t2.asm.obj             134    0         0      
       copy_decompress_lzss.c.obj    104    0         0      
       fd_toi_t2.asm.obj             72     0         0      
       autoinit.c.obj                68     0         0      
       boot_cortex_m.c.obj           52     0         0      
       u_tofd_t2.asm.obj             32     0         0      
       copy_zero_init.c.obj          28     0         0      
       copy_decompress_none.c.obj    14     0         0      
       exit.c.obj                    4      0         0      
       pre_init.c.obj                4      0         0      
    +--+-----------------------------+------+---------+---------+
       Total:                        1668   0         0      
                                                             
       Stack:                        0      0         1024   
       Linker Generated:             0      59        0      
    +--+-----------------------------+------+---------+---------+
       Grand Total:                  4206   287       1254   


LINKER GENERATED COPY TABLES

__TI_cinit_table @ 00001188 records: 2, size/record: 8, table size: 16
	.data: load addr=00001158, load size=00000017 bytes, run addr=20000000, run size=0000005c bytes, compression=lzss
	.bss: load addr=00001180, load size=00000008 bytes, run addr=20000060, run size=00000017 bytes, compression=zero_init


LINKER GENERATED HANDLER TABLE

__TI_handler_table @ 00001170 records: 3, size/record: 4, table size: 12
	index: 0, handler: __TI_decompress_lzss
	index: 1, handler: __TI_decompress_none
	index: 2, handler: __TI_zero_init


GLOBAL SYMBOLS: SORTED ALPHABETICALLY BY Name 

address   name                          
-------   ----                          
0000114b  ADC14_IRQHandler              
0000114b  AES256_IRQHandler             
0000114b  BusFault_Handler              
00001151  C$$EXIT                       
0000114b  COMP_E0_IRQHandler            
0000114b  COMP_E1_IRQHandler            
0000114b  CS_IRQHandler                 
0000114b  DMA_ERR_IRQHandler            
0000114b  DMA_INT0_IRQHandler           
0000114b  DMA_INT1_IRQHandler           
0000114b  DMA_INT2_IRQHandler           
0000114b  DMA_INT3_IRQHandler           
0000114b  DebugMon_Handler              
0000114b  Default_Handler               
0000114b  EUSCIA0_IRQHandler            
0000114b  EUSCIA1_IRQHandler            
0000114b  EUSCIA2_IRQHandler            
0000114b  EUSCIA3_IRQHandler            
0000114b  EUSCIB0_IRQHandler            
0000114b  EUSCIB1_IRQHandler            
0000114b  EUSCIB2_IRQHandler            
0000114b  EUSCIB3_IRQHandler            
0000114b  FLCTL_IRQHandler              
0000114b  FPU_IRQHandler                
0000114b  HardFault_Handler             
0000114b  MemManage_Handler             
0000114b  NMI_Handler                   
0000114b  PCM_IRQHandler                
0000114b  PORT1_IRQHandler              
0000114b  PORT2_IRQHandler              
0000114b  PORT3_IRQHandler              
0000114b  PORT4_IRQHandler              
0000114b  PORT5_IRQHandler              
0000114b  PORT6_IRQHandler              
0000114b  PSS_IRQHandler                
0000114b  PendSV_Handler                
0000114b  RTC_C_IRQHandler              
0000113f  Reset_Handler                 
0000114b  SVC_Handler                   
00000923  SysTick_Handler               
00000923  SysTick_Handler               
20000058  SystemCoreClock               
00000429  SystemCoreClockUpdate         
000006a1  SystemInit                    
0000114b  T32_INT1_IRQHandler           
0000114b  T32_INT2_IRQHandler           
0000114b  T32_INTC_IRQHandler           
0000114b  TA0_0_IRQHandler              
000007cd  TA0_N_IRQHandler              
000007cd  TA0_N_IRQHandler              
0000114b  TA1_0_IRQHandler              
0000114b  TA1_N_IRQHandler              
0000114b  TA2_0_IRQHandler              
0000114b  TA2_N_IRQHandler              
0000114b  TA3_0_IRQHandler              
0000114b  TA3_N_IRQHandler              
0000114b  UsageFault_Handler            
4000480c  WDTCTL_SYM                    
0000114b  WDT_A_IRQHandler              
20010000  __STACK_END                   
00000200  __STACK_SIZE                  
00001188  __TI_CINIT_Base               
00001198  __TI_CINIT_Limit              
00001170  __TI_Handler_Table_Base       
0000117c  __TI_Handler_Table_Limit      
0000107d  __TI_auto_init_nobinit_nopinit
00000fcb  __TI_decompress_lzss          
00001131  __TI_decompress_none          
ffffffff  __TI_pprof_out_hndl           
ffffffff  __TI_prof_data_size           
ffffffff  __TI_prof_data_start          
00000000  __TI_static_base__            
00001115  __TI_zero_init_nomemset       
00000f45  __aeabi_cdrcmple              
00001033  __aeabi_d2iz                  
00000a37  __aeabi_dadd                  
00000be3  __aeabi_ddiv                  
00000d19  __aeabi_dmul                  
00000a2d  __aeabi_dsub                  
00000e15  __aeabi_memcpy                
00000e15  __aeabi_memcpy4               
00000e15  __aeabi_memcpy8               
000010f5  __aeabi_ui2d                  
ffffffff  __binit__                     
ffffffff  __c_args__                    
UNDEFED   __mpu_init                    
2000fe00  __stack                       
20000000  __start___llvm_prf_cnts       
20000000  __stop___llvm_prf_cnts        
000010c1  _c_int00_noargs               
UNDEFED   _system_post_cinit            
0000114d  _system_pre_init              
00001151  abort                         
ffffffff  binit                         
20000070  currentEdge                   
20000072  deltaCycles                   
20000060  distCentimeter                
20000068  distMilli                     
00000131  distanceBlinkerControl        
0000092f  gpioSetup                     
20000042  i                             
00000ecd  intSysTickSetup               
00000000  interruptVectors              
20000074  lastEdge                      
0000075d  main                          
00000e15  memcpy                        
00000ee7  msDelay                       
20000040  period                        
20000050  rollingAverage                
20000000  rollingValues                 
000008cf  sampleDistance                
000008d7  setTrigger                    
000008fd  setupTimerA                   
20000048  sum                           
00000eb1  sysTickSetup                  
20000076  toggleFlag                    
00000115  toggleLED                     
000000fd  turnOff                       
000000e5  turnOn                        
00000f11  usDelay                       


GLOBAL SYMBOLS: SORTED BY Symbol Address 

address   name                          
-------   ----                          
00000000  __TI_static_base__            
00000000  interruptVectors              
000000e5  turnOn                        
000000fd  turnOff                       
00000115  toggleLED                     
00000131  distanceBlinkerControl        
00000200  __STACK_SIZE                  
00000429  SystemCoreClockUpdate         
000006a1  SystemInit                    
0000075d  main                          
000007cd  TA0_N_IRQHandler              
000007cd  TA0_N_IRQHandler              
000008cf  sampleDistance                
000008d7  setTrigger                    
000008fd  setupTimerA                   
00000923  SysTick_Handler               
00000923  SysTick_Handler               
0000092f  gpioSetup                     
00000a2d  __aeabi_dsub                  
00000a37  __aeabi_dadd                  
00000be3  __aeabi_ddiv                  
00000d19  __aeabi_dmul                  
00000e15  __aeabi_memcpy                
00000e15  __aeabi_memcpy4               
00000e15  __aeabi_memcpy8               
00000e15  memcpy                        
00000eb1  sysTickSetup                  
00000ecd  intSysTickSetup               
00000ee7  msDelay                       
00000f11  usDelay                       
00000f45  __aeabi_cdrcmple              
00000fcb  __TI_decompress_lzss          
00001033  __aeabi_d2iz                  
0000107d  __TI_auto_init_nobinit_nopinit
000010c1  _c_int00_noargs               
000010f5  __aeabi_ui2d                  
00001115  __TI_zero_init_nomemset       
00001131  __TI_decompress_none          
0000113f  Reset_Handler                 
0000114b  ADC14_IRQHandler              
0000114b  AES256_IRQHandler             
0000114b  BusFault_Handler              
0000114b  COMP_E0_IRQHandler            
0000114b  COMP_E1_IRQHandler            
0000114b  CS_IRQHandler                 
0000114b  DMA_ERR_IRQHandler            
0000114b  DMA_INT0_IRQHandler           
0000114b  DMA_INT1_IRQHandler           
0000114b  DMA_INT2_IRQHandler           
0000114b  DMA_INT3_IRQHandler           
0000114b  DebugMon_Handler              
0000114b  Default_Handler               
0000114b  EUSCIA0_IRQHandler            
0000114b  EUSCIA1_IRQHandler            
0000114b  EUSCIA2_IRQHandler            
0000114b  EUSCIA3_IRQHandler            
0000114b  EUSCIB0_IRQHandler            
0000114b  EUSCIB1_IRQHandler            
0000114b  EUSCIB2_IRQHandler            
0000114b  EUSCIB3_IRQHandler            
0000114b  FLCTL_IRQHandler              
0000114b  FPU_IRQHandler                
0000114b  HardFault_Handler             
0000114b  MemManage_Handler             
0000114b  NMI_Handler                   
0000114b  PCM_IRQHandler                
0000114b  PORT1_IRQHandler              
0000114b  PORT2_IRQHandler              
0000114b  PORT3_IRQHandler              
0000114b  PORT4_IRQHandler              
0000114b  PORT5_IRQHandler              
0000114b  PORT6_IRQHandler              
0000114b  PSS_IRQHandler                
0000114b  PendSV_Handler                
0000114b  RTC_C_IRQHandler              
0000114b  SVC_Handler                   
0000114b  T32_INT1_IRQHandler           
0000114b  T32_INT2_IRQHandler           
0000114b  T32_INTC_IRQHandler           
0000114b  TA0_0_IRQHandler              
0000114b  TA1_0_IRQHandler              
0000114b  TA1_N_IRQHandler              
0000114b  TA2_0_IRQHandler              
0000114b  TA2_N_IRQHandler              
0000114b  TA3_0_IRQHandler              
0000114b  TA3_N_IRQHandler              
0000114b  UsageFault_Handler            
0000114b  WDT_A_IRQHandler              
0000114d  _system_pre_init              
00001151  C$$EXIT                       
00001151  abort                         
00001170  __TI_Handler_Table_Base       
0000117c  __TI_Handler_Table_Limit      
00001188  __TI_CINIT_Base               
00001198  __TI_CINIT_Limit              
20000000  __start___llvm_prf_cnts       
20000000  __stop___llvm_prf_cnts        
20000000  rollingValues                 
20000040  period                        
20000042  i                             
20000048  sum                           
20000050  rollingAverage                
20000058  SystemCoreClock               
20000060  distCentimeter                
20000068  distMilli                     
20000070  currentEdge                   
20000072  deltaCycles                   
20000074  lastEdge                      
20000076  toggleFlag                    
2000fe00  __stack                       
20010000  __STACK_END                   
4000480c  WDTCTL_SYM                    
ffffffff  __TI_pprof_out_hndl           
ffffffff  __TI_prof_data_size           
ffffffff  __TI_prof_data_start          
ffffffff  __binit__                     
ffffffff  __c_args__                    
ffffffff  binit                         
UNDEFED   __mpu_init                    
UNDEFED   _system_post_cinit            

[120 symbols]
