******************************************************************************
                  TI ARM Linker Unix v20.2.5                   
******************************************************************************
>> Linked Fri Oct  1 09:08:14 2021

OUTPUT FILE NAME:   <L4_P1_Keypad_Rotary_Encoder_Interface.out>
ENTRY POINT SYMBOL: "_c_int00_noargs"  address: 00002f89


MEMORY CONFIGURATION

         name            origin    length      used     unused   attr    fill
----------------------  --------  ---------  --------  --------  ----  --------
  MAIN                  00000000   00040000  0000338d  0003cc73  R  X
  INFO                  00200000   00004000  00000000  00004000  R  X
  SRAM_CODE             01000000   00010000  000009c5  0000f63b  RW X
  SRAM_DATA             20000000   00010000  000009c5  0000f63b  RW  


SEGMENT ALLOCATION MAP

run origin  load origin   length   init length attrs members
----------  ----------- ---------- ----------- ----- -------
00000000    00000000    00003390   00003390    r-x
  00000000    00000000    000000e4   000000e4    r-- .intvecs
  000000e4    000000e4    00003110   00003110    r-x .text
  000031f4    000031f4    00000101   00000101    r-- .const
  000032f8    000032f8    00000098   00000098    r-- .cinit
20000000    20000000    000007c5   00000000    rw-
  20000000    20000000    00000400   00000000    rw- .sysmem
  20000400    20000400    000001fc   00000000    rw- .data
  200005fc    200005fc    000001c9   00000000    rw- .bss
2000fe00    2000fe00    00000200   00000000    rw-
  2000fe00    2000fe00    00000200   00000000    rw- .stack


SECTION ALLOCATION MAP

 output                                  attributes/
section   page    origin      length       input sections
--------  ----  ----------  ----------   ----------------
.intvecs   0    00000000    000000e4     
                  00000000    000000e4     startup_msp432p401r_ccs.obj (.intvecs:retain)

.text      0    000000e4    00003110     
                  000000e4    00000a4e     rtsv7M4_T_le_v4SPD16_eabi.lib : _printfi.c.obj (.text:__TI_printfi)
                  00000b32    00000002                                   : _lock.c.obj (.text:_nop)
                  00000b34    00000334     system_msp432p401r.obj (.text)
                  00000e68    00000270     rtsv7M4_T_le_v4SPD16_eabi.lib : _printfi.c.obj (.text:_pconv_a)
                  000010d8    00000254     keypad.obj (.text)
                  0000132c    000001d0     rtsv7M4_T_le_v4SPD16_eabi.lib : _printfi.c.obj (.text:_pconv_g)
                  000014fc    000001b6                                   : fd_add_t2.asm.obj (.text)
                  000016b2    00000002                                   : div0.asm.obj (.text)
                  000016b4    0000013c                                   : _printfi.c.obj (.text:_pconv_e)
                  000017f0    00000136                                   : fd_div_t2.asm.obj (.text)
                  00001926    00000002     --HOLE-- [fill = 0]
                  00001928    00000124                                   : _printfi.c.obj (.text:fcvt)
                  00001a4c    00000114                                   : fputs.c.obj (.text:fputs)
                  00001b60    00000110                                   : s_scalbn.c.obj (.text:scalbn)
                  00001c70    00000100                                   : memory.c.obj (.text:aligned_alloc)
                  00001d70    000000fc                                   : fd_mul_t2.asm.obj (.text)
                  00001e6c    000000e4                                   : memory.c.obj (.text:free)
                  00001f50    000000dc                                   : setvbuf.c.obj (.text:setvbuf)
                  0000202c    000000b1                                   : _printfi.c.obj (.text:_ltostr)
                  000020dd    00000001     --HOLE-- [fill = 0]
                  000020de    0000009c                                   : memcpy_t2.asm.obj (.text)
                  0000217a    00000096                                   : ull_div_t2.asm.obj (.text)
                  00002210    00000094     systick.obj (.text)
                  000022a4    0000008c     rtsv7M4_T_le_v4SPD16_eabi.lib : fputc.c.obj (.text:fputc)
                  00002330    00000086                                   : fd_cmp_t2.asm.obj (.text:__aeabi_cdcmple)
                  000023b6    00000086                                   : fd_cmp_t2.asm.obj (.text:__aeabi_cdrcmple)
                  0000243c    0000007c                                   : fflush.c.obj (.text:fflush)
                  000024b8    0000007a                                   : memset_t2.asm.obj (.text)
                  00002532    00000002     --HOLE-- [fill = 0]
                  00002534    00000078     main.obj (.text)
                  000025ac    00000074     rtsv7M4_T_le_v4SPD16_eabi.lib : fclose.c.obj (.text:__TI_closefile)
                  00002620    00000070                                   : memory.c.obj (.text:split)
                  00002690    0000006e                                   : _printfi.c.obj (.text:_mcpy)
                  000026fe    00000002     --HOLE-- [fill = 0]
                  00002700    0000006c                                   : hostrename.c.obj (.text:HOSTrename)
                  0000276c    00000068                                   : hostlseek.c.obj (.text:HOSTlseek)
                  000027d4    00000068                                   : copy_decompress_lzss.c.obj (.text:decompress:lzss:__TI_decompress_lzss)
                  0000283c    00000068                                   : printf.c.obj (.text:printf)
                  000028a4    00000064                                   : s_frexp.c.obj (.text:frexp)
                  00002908    00000064                                   : fseek.c.obj (.text:fseek)
                  0000296c    00000062                                   : _io_perm.c.obj (.text:__TI_wrt_ok)
                  000029ce    00000002     --HOLE-- [fill = 0]
                  000029d0    00000060                                   : hostopen.c.obj (.text:HOSTopen)
                  00002a30    0000005c                                   : close.c.obj (.text:close)
                  00002a8c    00000058                                   : hostread.c.obj (.text:HOSTread)
                  00002ae4    00000058                                   : hostwrite.c.obj (.text:HOSTwrite)
                  00002b3c    00000056                                   : _printfi.c.obj (.text:_pconv_f)
                  00002b92    00000054                                   : _ltoa.c.obj (.text:__TI_ltoa)
                  00002be6    00000052                                   : _printfi.c.obj (.text:_ecpy)
                  00002c38    0000004c                                   : fflush.c.obj (.text:__TI_doflush)
                  00002c84    0000004c                                   : atoi.c.obj (.text:atoi)
                  00002cd0    00000048                                   : exit.c.obj (.text:exit)
                  00002d18    00000048                                   : fd_toi_t2.asm.obj (.text)
                  00002d60    00000044                                   : hostclose.c.obj (.text:HOSTclose)
                  00002da4    00000044                                   : hostunlink.c.obj (.text:HOSTunlink)
                  00002de8    00000044                                   : autoinit.c.obj (.text:__TI_auto_init_nobinit_nopinit:__TI_auto_init_nobinit_nopinit)
                  00002e2c    00000044                                   : getdevice.c.obj (.text:getdevice)
                  00002e70    0000003e                                   : _printfi.c.obj (.text:_fcpy)
                  00002eae    00000002     --HOLE-- [fill = 0]
                  00002eb0    00000038                                   : trgmsg.c.obj (.text:__TI_writemsg)
                  00002ee8    00000036                                   : strncpy.c.obj (.text:strncpy)
                  00002f1e    00000002     --HOLE-- [fill = 0]
                  00002f20    00000034                                   : fopen.c.obj (.text:__TI_cleanup)
                  00002f54    00000034                                   : trgmsg.c.obj (.text:__TI_readmsg)
                  00002f88    00000034                                   : boot_cortex_m.c.obj (.text:_c_int00_noargs:_c_int00_noargs)
                  00002fbc    00000030                                   : getdevice.c.obj (.text:finddevice)
                  00002fec    0000002e                                   : i_tofd_t2.asm.obj (.text)
                  0000301a    00000002     --HOLE-- [fill = 0]
                  0000301c    0000002c                                   : unlink.c.obj (.text:unlink)
                  00003048    00000028                                   : memory.c.obj (.text:free_list_insert)
                  00003070    00000028                                   : lseek.c.obj (.text:lseek)
                  00003098    00000028                                   : write.c.obj (.text:write)
                  000030c0    00000020                                   : memchr.c.obj (.text:memchr)
                  000030e0    0000001c                                   : copy_zero_init.c.obj (.text:decompress:ZI:__TI_zero_init_nomemset:__TI_zero_init_nomemset)
                  000030fc    0000001c                                   : memory.c.obj (.text:free_list_remove)
                  00003118    0000001c                                   : memccpy.c.obj (.text:memccpy)
                  00003134    0000001a                                   : s_copysign.c.obj (.text:copysign)
                  0000314e    00000018                                   : strcmp.c.obj (.text:strcmp)
                  00003166    00000016                                   : strchr.c.obj (.text:strchr)
                  0000317c    00000014                                   : strcpy.c.obj (.text:strcpy)
                  00003190    00000014                                   : strlen.c.obj (.text:strlen)
                  000031a4    00000012                                   : wcslen.c.obj (.text:wcslen)
                  000031b6    0000000e                                   : copy_decompress_none.c.obj (.text:decompress:none:__TI_decompress_none)
                  000031c4    0000000e     startup_msp432p401r_ccs.obj (.text)
                  000031d2    00000002     --HOLE-- [fill = 0]
                  000031d4    00000008     rtsv7M4_T_le_v4SPD16_eabi.lib : errno.c.obj (.text:__aeabi_errno_addr)
                  000031dc    00000008                                   : memory.c.obj (.text:malloc)
                  000031e4    00000004                                   : printf.c.obj (.text:_outc)
                  000031e8    00000004                                   : printf.c.obj (.text:_outs)
                  000031ec    00000004                                   : pre_init.c.obj (.text:_system_pre_init)
                  000031f0    00000004                                   : exit.c.obj (.text:abort:abort)

.const     0    000031f4    00000101     
                  000031f4    00000101     rtsv7M4_T_le_v4SPD16_eabi.lib : ctype.c.obj (.const:.string:_ctypes_)

.cinit     0    000032f8    00000098     
                  000032f8    00000071     (.cinit..data.load) [load image, compression = lzss]
                  00003369    00000003     --HOLE-- [fill = 0]
                  0000336c    0000000c     (__TI_handler_table)
                  00003378    00000008     (.cinit..bss.load) [load image, compression = zero_init]
                  00003380    00000010     (__TI_cinit_table)

.init_array 
*          0    00000000    00000000     UNINITIALIZED

.binit     0    00000000    00000000     

.sysmem    0    20000000    00000400     UNINITIALIZED
                  20000000    00000010     rtsv7M4_T_le_v4SPD16_eabi.lib : memory.c.obj (.sysmem)
                  20000010    000003f0     --HOLE--

.data      0    20000400    000001fc     UNINITIALIZED
                  20000400    000000f0     rtsv7M4_T_le_v4SPD16_eabi.lib : defs.c.obj (.data:_ftable)
                  200004f0    00000078                                   : host_device.c.obj (.data:_device)
                  20000568    00000050                                   : host_device.c.obj (.data:_stream)
                  200005b8    00000010     keypad.obj (.data)
                  200005c8    00000010     rtsv7M4_T_le_v4SPD16_eabi.lib : defs.c.obj (.data)
                  200005d8    0000000c                                   : exit.c.obj (.data:$O1$$)
                  200005e4    00000008                                   : _lock.c.obj (.data:$O1$$)
                  200005ec    00000008                                   : memory.c.obj (.data:$O1$$)
                  200005f4    00000004                                   : errno.c.obj (.data)
                  200005f8    00000004     system_msp432p401r.obj (.data)

.bss       0    200005fc    000001c9     UNINITIALIZED
                  200005fc    00000120     rtsv7M4_T_le_v4SPD16_eabi.lib : trgmsg.c.obj (.bss:_CIOBUF_)
                  2000071c    000000a0     (.common:__TI_tmpnams)
                  200007bc    00000008     (.common:parmbuf)
                  200007c4    00000001     (.common:val)

.stack     0    2000fe00    00000200     UNINITIALIZED
                  2000fe00    00000004     rtsv7M4_T_le_v4SPD16_eabi.lib : boot_cortex_m.c.obj (.stack)
                  2000fe04    000001fc     --HOLE--

__llvm_prf_cnts 
*          0    20000000    00000000     UNINITIALIZED

MODULE SUMMARY

       Module                        code    ro data   rw data
       ------                        ----    -------   -------
    ./
       system_msp432p401r.obj        820     0         8      
       keypad.obj                    596     0         32     
       startup_msp432p401r_ccs.obj   14      228       0      
       systick.obj                   148     0         0      
       main.obj                      120     0         2      
    +--+-----------------------------+-------+---------+---------+
       Total:                        1698    228       42     
                                                              
    /Applications/ti/ccs1040/ccs/tools/compiler/ti-cgt-arm_20.2.5.LTS/lib/rtsv7M4_T_le_v4SPD16_eabi.lib
       _printfi.c.obj                4851    0         0      
       defs.c.obj                    0       0         832    
       memory.c.obj                  672     0         16     
       trgmsg.c.obj                  108     0         576    
       fd_add_t2.asm.obj             438     0         0      
       host_device.c.obj             0       0         400    
       fd_div_t2.asm.obj             310     0         0      
       fputs.c.obj                   276     0         0      
       s_scalbn.c.obj                272     0         0      
       fd_cmp_t2.asm.obj             268     0         0      
       ctype.c.obj                   0       257       0      
       fd_mul_t2.asm.obj             252     0         0      
       setvbuf.c.obj                 220     0         0      
       fflush.c.obj                  200     0         0      
       memcpy_t2.asm.obj             156     0         0      
       ull_div_t2.asm.obj            150     0         0      
       fputc.c.obj                   140     0         0      
       memset_t2.asm.obj             122     0         0      
       fclose.c.obj                  116     0         0      
       getdevice.c.obj               116     0         0      
       hostopen.c.obj                96      0         16     
       printf.c.obj                  112     0         0      
       hostrename.c.obj              108     0         0      
       copy_decompress_lzss.c.obj    104     0         0      
       hostlseek.c.obj               104     0         0      
       exit.c.obj                    76      0         24     
       fseek.c.obj                   100     0         0      
       s_frexp.c.obj                 100     0         0      
       _io_perm.c.obj                98      0         0      
       close.c.obj                   92      0         0      
       hostread.c.obj                88      0         0      
       hostwrite.c.obj               88      0         0      
       _ltoa.c.obj                   84      0         0      
       atoi.c.obj                    76      0         0      
       fd_toi_t2.asm.obj             72      0         0      
       autoinit.c.obj                68      0         0      
       hostclose.c.obj               68      0         0      
       hostunlink.c.obj              68      0         0      
       strncpy.c.obj                 54      0         0      
       boot_cortex_m.c.obj           52      0         0      
       fopen.c.obj                   52      0         0      
       i_tofd_t2.asm.obj             46      0         0      
       unlink.c.obj                  44      0         0      
       lseek.c.obj                   40      0         0      
       write.c.obj                   40      0         0      
       memchr.c.obj                  32      0         0      
       copy_zero_init.c.obj          28      0         0      
       memccpy.c.obj                 28      0         0      
       s_copysign.c.obj              26      0         0      
       strcmp.c.obj                  24      0         0      
       strchr.c.obj                  22      0         0      
       strcpy.c.obj                  20      0         0      
       strlen.c.obj                  20      0         0      
       _lock.c.obj                   2       0         16     
       wcslen.c.obj                  18      0         0      
       errno.c.obj                   8       0         8      
       copy_decompress_none.c.obj    14      0         0      
       pre_init.c.obj                4       0         0      
       div0.asm.obj                  2       0         0      
    +--+-----------------------------+-------+---------+---------+
       Total:                        10845   257       1888   
                                                              
       Heap:                         0       0         2048   
       Stack:                        0       0         1024   
       Linker Generated:             0       149       0      
    +--+-----------------------------+-------+---------+---------+
       Grand Total:                  12543   634       5002   


LINKER GENERATED COPY TABLES

__TI_cinit_table @ 00003380 records: 2, size/record: 8, table size: 16
	.data: load addr=000032f8, load size=00000071 bytes, run addr=20000400, run size=000001fc bytes, compression=lzss
	.bss: load addr=00003378, load size=00000008 bytes, run addr=200005fc, run size=000001c9 bytes, compression=zero_init


LINKER GENERATED HANDLER TABLE

__TI_handler_table @ 0000336c records: 3, size/record: 4, table size: 12
	index: 0, handler: __TI_decompress_lzss
	index: 1, handler: __TI_decompress_none
	index: 2, handler: __TI_zero_init


GLOBAL SYMBOLS: SORTED ALPHABETICALLY BY Name 

address   name                           
-------   ----                           
000031d1  ADC14_IRQHandler               
000031d1  AES256_IRQHandler              
000031d1  BusFault_Handler               
000031f1  C$$EXIT                        
00002edf  C$$IO$$                        
000031d1  COMP_E0_IRQHandler             
000031d1  COMP_E1_IRQHandler             
000031d1  CS_IRQHandler                  
000031d1  DMA_ERR_IRQHandler             
000031d1  DMA_INT0_IRQHandler            
000031d1  DMA_INT1_IRQHandler            
000031d1  DMA_INT2_IRQHandler            
000031d1  DMA_INT3_IRQHandler            
000031d1  DebugMon_Handler               
000031d1  Default_Handler                
000031d1  EUSCIA0_IRQHandler             
000031d1  EUSCIA1_IRQHandler             
000031d1  EUSCIA2_IRQHandler             
000031d1  EUSCIA3_IRQHandler             
000031d1  EUSCIB0_IRQHandler             
000031d1  EUSCIB1_IRQHandler             
000031d1  EUSCIB2_IRQHandler             
000031d1  EUSCIB3_IRQHandler             
000031d1  FLCTL_IRQHandler               
000031d1  FPU_IRQHandler                 
00002d61  HOSTclose                      
0000276d  HOSTlseek                      
000029d1  HOSTopen                       
00002a8d  HOSTread                       
00002701  HOSTrename                     
00002da5  HOSTunlink                     
00002ae5  HOSTwrite                      
000031d1  HardFault_Handler              
000031d1  MemManage_Handler              
000031d1  NMI_Handler                    
000031d1  PCM_IRQHandler                 
000031d1  PORT1_IRQHandler               
000031d1  PORT2_IRQHandler               
000031d1  PORT3_IRQHandler               
000031d1  PORT4_IRQHandler               
000031d1  PORT5_IRQHandler               
000031d1  PORT6_IRQHandler               
000031d1  PSS_IRQHandler                 
000031d1  PendSV_Handler                 
000031d1  RTC_C_IRQHandler               
000031c5  Reset_Handler                  
000031d1  SVC_Handler                    
000031d1  SysTick_Handler                
200005f8  SystemCoreClock                
00000b35  SystemCoreClockUpdate          
00000dad  SystemInit                     
000031d1  T32_INT1_IRQHandler            
000031d1  T32_INT2_IRQHandler            
000031d1  T32_INTC_IRQHandler            
000031d1  TA0_0_IRQHandler               
000031d1  TA0_N_IRQHandler               
000031d1  TA1_0_IRQHandler               
000031d1  TA1_N_IRQHandler               
000031d1  TA2_0_IRQHandler               
000031d1  TA2_N_IRQHandler               
000031d1  TA3_0_IRQHandler               
000031d1  TA3_N_IRQHandler               
000031d1  UsageFault_Handler             
4000480c  WDTCTL_SYM                     
000031d1  WDT_A_IRQHandler               
200005fc  __CIOBUF_                      
20010000  __STACK_END                    
00000200  __STACK_SIZE                   
00000400  __SYSMEM_SIZE                  
00003380  __TI_CINIT_Base                
00003390  __TI_CINIT_Limit               
0000336c  __TI_Handler_Table_Base        
00003378  __TI_Handler_Table_Limit       
00002de9  __TI_auto_init_nobinit_nopinit 
00002f21  __TI_cleanup                   
200005d8  __TI_cleanup_ptr               
000025ad  __TI_closefile                 
000027d5  __TI_decompress_lzss           
000031b7  __TI_decompress_none           
00002c39  __TI_doflush                   
200005dc  __TI_dtors_ptr                 
200005e0  __TI_enable_exit_profile_output
200005c8  __TI_ft_end                    
00002b93  __TI_ltoa                      
ffffffff  __TI_pprof_out_hndl            
000000e5  __TI_printfi                   
ffffffff  __TI_prof_data_size            
ffffffff  __TI_prof_data_start           
00002f55  __TI_readmsg                   
00000000  __TI_static_base__             
2000071c  __TI_tmpnams                   
00002eb1  __TI_writemsg                  
0000296d  __TI_wrt_ok                    
000030e1  __TI_zero_init_nomemset        
00002331  __aeabi_cdcmpeq                
00002331  __aeabi_cdcmple                
000023b7  __aeabi_cdrcmple               
00002d19  __aeabi_d2iz                   
00001507  __aeabi_dadd                   
000017f1  __aeabi_ddiv                   
00001d71  __aeabi_dmul                   
000014fd  __aeabi_dsub                   
000031d5  __aeabi_errno_addr             
00002fed  __aeabi_i2d                    
000016b3  __aeabi_idiv0                  
000016b3  __aeabi_ldiv0                  
000024b9  __aeabi_memclr                 
000024b9  __aeabi_memclr4                
000024b9  __aeabi_memclr8                
000020df  __aeabi_memcpy                 
000020df  __aeabi_memcpy4                
000020df  __aeabi_memcpy8                
000024bb  __aeabi_memset                 
000024bb  __aeabi_memset4                
000024bb  __aeabi_memset8                
200005d4  __aeabi_stderr                 
200005cc  __aeabi_stdin                  
200005d0  __aeabi_stdout                 
0000217b  __aeabi_uldivmod               
ffffffff  __binit__                      
ffffffff  __c_args__                     
UNDEFED   __mpu_init                     
2000fe00  __stack                        
20000000  __start___llvm_prf_cnts        
20000000  __stop___llvm_prf_cnts         
00002f89  _c_int00_noargs                
000031f4  _ctypes_                       
200004f0  _device                        
20000400  _ftable                        
200005e4  _lock                          
00000b33  _nop                           
20000568  _stream                        
20000000  _sys_memory                    
UNDEFED   _system_post_cinit             
000031ed  _system_pre_init               
200005e8  _unlock                        
000031f1  abort                          
00001c71  aligned_alloc                  
00002c85  atoi                           
ffffffff  binit                          
00002a31  close                          
00003135  copysign                       
00003135  copysignl                      
200005bc  entry                          
200005f4  errno                          
00002cd1  exit                           
0000243d  fflush                         
00002fbd  finddevice                     
200005c4  flag                           
000022a5  fputc                          
00001a4d  fputs                          
00001e6d  free                           
000028a5  frexp                          
000028a5  frexpl                         
00002909  fseek                          
00002e2d  getdevice                      
00002565  gpioSetup                      
000012d9  inputTroubleshoot              
0000222d  intSysTickSetup                
00000000  interruptVectors               
200005b8  keyPress                       
000010d9  keypadInit                     
00001b61  ldexp                          
00001b61  ldexpl                         
00003071  lseek                          
00002535  main                           
000031dd  malloc                         
00001c71  memalign                       
00003119  memccpy                        
000030c1  memchr                         
000020df  memcpy                         
000024c1  memset                         
00002247  msDelay                        
200007bc  parmbuf                        
000012c1  printKeys                      
0000283d  printf                         
000022a5  putc                           
00001103  readKeypad                     
0000301d  remove                         
00001b61  scalbn                         
00001b61  scalbnl                        
00001f51  setvbuf                        
00003167  strchr                         
0000314f  strcmp                         
0000317d  strcpy                         
00003191  strlen                         
00002ee9  strncpy                        
00002211  sysTickSetup                   
200005c0  terminate                      
0000301d  unlink                         
00002271  usDelay                        
200007c4  val                            
000031a5  wcslen                         
00003099  write                          


GLOBAL SYMBOLS: SORTED BY Symbol Address 

address   name                           
-------   ----                           
00000000  __TI_static_base__             
00000000  interruptVectors               
000000e5  __TI_printfi                   
00000200  __STACK_SIZE                   
00000400  __SYSMEM_SIZE                  
00000b33  _nop                           
00000b35  SystemCoreClockUpdate          
00000dad  SystemInit                     
000010d9  keypadInit                     
00001103  readKeypad                     
000012c1  printKeys                      
000012d9  inputTroubleshoot              
000014fd  __aeabi_dsub                   
00001507  __aeabi_dadd                   
000016b3  __aeabi_idiv0                  
000016b3  __aeabi_ldiv0                  
000017f1  __aeabi_ddiv                   
00001a4d  fputs                          
00001b61  ldexp                          
00001b61  ldexpl                         
00001b61  scalbn                         
00001b61  scalbnl                        
00001c71  aligned_alloc                  
00001c71  memalign                       
00001d71  __aeabi_dmul                   
00001e6d  free                           
00001f51  setvbuf                        
000020df  __aeabi_memcpy                 
000020df  __aeabi_memcpy4                
000020df  __aeabi_memcpy8                
000020df  memcpy                         
0000217b  __aeabi_uldivmod               
00002211  sysTickSetup                   
0000222d  intSysTickSetup                
00002247  msDelay                        
00002271  usDelay                        
000022a5  fputc                          
000022a5  putc                           
00002331  __aeabi_cdcmpeq                
00002331  __aeabi_cdcmple                
000023b7  __aeabi_cdrcmple               
0000243d  fflush                         
000024b9  __aeabi_memclr                 
000024b9  __aeabi_memclr4                
000024b9  __aeabi_memclr8                
000024bb  __aeabi_memset                 
000024bb  __aeabi_memset4                
000024bb  __aeabi_memset8                
000024c1  memset                         
00002535  main                           
00002565  gpioSetup                      
000025ad  __TI_closefile                 
00002701  HOSTrename                     
0000276d  HOSTlseek                      
000027d5  __TI_decompress_lzss           
0000283d  printf                         
000028a5  frexp                          
000028a5  frexpl                         
00002909  fseek                          
0000296d  __TI_wrt_ok                    
000029d1  HOSTopen                       
00002a31  close                          
00002a8d  HOSTread                       
00002ae5  HOSTwrite                      
00002b93  __TI_ltoa                      
00002c39  __TI_doflush                   
00002c85  atoi                           
00002cd1  exit                           
00002d19  __aeabi_d2iz                   
00002d61  HOSTclose                      
00002da5  HOSTunlink                     
00002de9  __TI_auto_init_nobinit_nopinit 
00002e2d  getdevice                      
00002eb1  __TI_writemsg                  
00002edf  C$$IO$$                        
00002ee9  strncpy                        
00002f21  __TI_cleanup                   
00002f55  __TI_readmsg                   
00002f89  _c_int00_noargs                
00002fbd  finddevice                     
00002fed  __aeabi_i2d                    
0000301d  remove                         
0000301d  unlink                         
00003071  lseek                          
00003099  write                          
000030c1  memchr                         
000030e1  __TI_zero_init_nomemset        
00003119  memccpy                        
00003135  copysign                       
00003135  copysignl                      
0000314f  strcmp                         
00003167  strchr                         
0000317d  strcpy                         
00003191  strlen                         
000031a5  wcslen                         
000031b7  __TI_decompress_none           
000031c5  Reset_Handler                  
000031d1  ADC14_IRQHandler               
000031d1  AES256_IRQHandler              
000031d1  BusFault_Handler               
000031d1  COMP_E0_IRQHandler             
000031d1  COMP_E1_IRQHandler             
000031d1  CS_IRQHandler                  
000031d1  DMA_ERR_IRQHandler             
000031d1  DMA_INT0_IRQHandler            
000031d1  DMA_INT1_IRQHandler            
000031d1  DMA_INT2_IRQHandler            
000031d1  DMA_INT3_IRQHandler            
000031d1  DebugMon_Handler               
000031d1  Default_Handler                
000031d1  EUSCIA0_IRQHandler             
000031d1  EUSCIA1_IRQHandler             
000031d1  EUSCIA2_IRQHandler             
000031d1  EUSCIA3_IRQHandler             
000031d1  EUSCIB0_IRQHandler             
000031d1  EUSCIB1_IRQHandler             
000031d1  EUSCIB2_IRQHandler             
000031d1  EUSCIB3_IRQHandler             
000031d1  FLCTL_IRQHandler               
000031d1  FPU_IRQHandler                 
000031d1  HardFault_Handler              
000031d1  MemManage_Handler              
000031d1  NMI_Handler                    
000031d1  PCM_IRQHandler                 
000031d1  PORT1_IRQHandler               
000031d1  PORT2_IRQHandler               
000031d1  PORT3_IRQHandler               
000031d1  PORT4_IRQHandler               
000031d1  PORT5_IRQHandler               
000031d1  PORT6_IRQHandler               
000031d1  PSS_IRQHandler                 
000031d1  PendSV_Handler                 
000031d1  RTC_C_IRQHandler               
000031d1  SVC_Handler                    
000031d1  SysTick_Handler                
000031d1  T32_INT1_IRQHandler            
000031d1  T32_INT2_IRQHandler            
000031d1  T32_INTC_IRQHandler            
000031d1  TA0_0_IRQHandler               
000031d1  TA0_N_IRQHandler               
000031d1  TA1_0_IRQHandler               
000031d1  TA1_N_IRQHandler               
000031d1  TA2_0_IRQHandler               
000031d1  TA2_N_IRQHandler               
000031d1  TA3_0_IRQHandler               
000031d1  TA3_N_IRQHandler               
000031d1  UsageFault_Handler             
000031d1  WDT_A_IRQHandler               
000031d5  __aeabi_errno_addr             
000031dd  malloc                         
000031ed  _system_pre_init               
000031f1  C$$EXIT                        
000031f1  abort                          
000031f4  _ctypes_                       
0000336c  __TI_Handler_Table_Base        
00003378  __TI_Handler_Table_Limit       
00003380  __TI_CINIT_Base                
00003390  __TI_CINIT_Limit               
20000000  __start___llvm_prf_cnts        
20000000  __stop___llvm_prf_cnts         
20000000  _sys_memory                    
20000400  _ftable                        
200004f0  _device                        
20000568  _stream                        
200005b8  keyPress                       
200005bc  entry                          
200005c0  terminate                      
200005c4  flag                           
200005c8  __TI_ft_end                    
200005cc  __aeabi_stdin                  
200005d0  __aeabi_stdout                 
200005d4  __aeabi_stderr                 
200005d8  __TI_cleanup_ptr               
200005dc  __TI_dtors_ptr                 
200005e0  __TI_enable_exit_profile_output
200005e4  _lock                          
200005e8  _unlock                        
200005f4  errno                          
200005f8  SystemCoreClock                
200005fc  __CIOBUF_                      
2000071c  __TI_tmpnams                   
200007bc  parmbuf                        
200007c4  val                            
2000fe00  __stack                        
20010000  __STACK_END                    
4000480c  WDTCTL_SYM                     
ffffffff  __TI_pprof_out_hndl            
ffffffff  __TI_prof_data_size            
ffffffff  __TI_prof_data_start           
ffffffff  __binit__                      
ffffffff  __c_args__                     
ffffffff  binit                          
UNDEFED   __mpu_init                     
UNDEFED   _system_post_cinit             

[194 symbols]
