<?xml version="1.0" encoding="ISO-8859-1" ?>
<link_info>
   <banner>TI ARM Linker Unix v20.2.5.LTS</banner>
   <copyright>Copyright (c) 1996-2018 Texas Instruments Incorporated</copyright>
   <link_time>0x6157083e</link_time>
   <link_errors>0x0</link_errors>
   <output_file>L4_P1_Keypad_Rotary_Encoder_Interface.out</output_file>
   <entry_point>
      <name>_c_int00_noargs</name>
      <address>0x2f89</address>
   </entry_point>
   <input_file_list>
      <input_file id="fl-1">
         <path>./</path>
         <kind>object</kind>
         <file>keypad.obj</file>
         <name>keypad.obj</name>
      </input_file>
      <input_file id="fl-2">
         <path>./</path>
         <kind>object</kind>
         <file>main.obj</file>
         <name>main.obj</name>
      </input_file>
      <input_file id="fl-3">
         <path>./</path>
         <kind>object</kind>
         <file>startup_msp432p401r_ccs.obj</file>
         <name>startup_msp432p401r_ccs.obj</name>
      </input_file>
      <input_file id="fl-4">
         <path>./</path>
         <kind>object</kind>
         <file>system_msp432p401r.obj</file>
         <name>system_msp432p401r.obj</name>
      </input_file>
      <input_file id="fl-5">
         <path>./</path>
         <kind>object</kind>
         <file>systick.obj</file>
         <name>systick.obj</name>
      </input_file>
      <input_file id="fl-9">
         <kind>object</kind>
         <file>&lt;internal&gt;</file>
         <name>&lt;internal&gt;</name>
      </input_file>
      <input_file id="fl-bf">
         <path>/Applications/ti/ccs1040/ccs/tools/compiler/ti-cgt-arm_20.2.5.LTS/lib/</path>
         <kind>archive</kind>
         <file>rtsv7M4_T_le_v4SPD16_eabi.lib</file>
         <name>printf.c.obj</name>
      </input_file>
      <input_file id="fl-c0">
         <path>/Applications/ti/ccs1040/ccs/tools/compiler/ti-cgt-arm_20.2.5.LTS/lib/</path>
         <kind>archive</kind>
         <file>rtsv7M4_T_le_v4SPD16_eabi.lib</file>
         <name>_printfi.c.obj</name>
      </input_file>
      <input_file id="fl-c1">
         <path>/Applications/ti/ccs1040/ccs/tools/compiler/ti-cgt-arm_20.2.5.LTS/lib/</path>
         <kind>archive</kind>
         <file>rtsv7M4_T_le_v4SPD16_eabi.lib</file>
         <name>fflush.c.obj</name>
      </input_file>
      <input_file id="fl-c2">
         <path>/Applications/ti/ccs1040/ccs/tools/compiler/ti-cgt-arm_20.2.5.LTS/lib/</path>
         <kind>archive</kind>
         <file>rtsv7M4_T_le_v4SPD16_eabi.lib</file>
         <name>fputc.c.obj</name>
      </input_file>
      <input_file id="fl-c3">
         <path>/Applications/ti/ccs1040/ccs/tools/compiler/ti-cgt-arm_20.2.5.LTS/lib/</path>
         <kind>archive</kind>
         <file>rtsv7M4_T_le_v4SPD16_eabi.lib</file>
         <name>fputs.c.obj</name>
      </input_file>
      <input_file id="fl-c4">
         <path>/Applications/ti/ccs1040/ccs/tools/compiler/ti-cgt-arm_20.2.5.LTS/lib/</path>
         <kind>archive</kind>
         <file>rtsv7M4_T_le_v4SPD16_eabi.lib</file>
         <name>_io_perm.c.obj</name>
      </input_file>
      <input_file id="fl-c5">
         <path>/Applications/ti/ccs1040/ccs/tools/compiler/ti-cgt-arm_20.2.5.LTS/lib/</path>
         <kind>archive</kind>
         <file>rtsv7M4_T_le_v4SPD16_eabi.lib</file>
         <name>setvbuf.c.obj</name>
      </input_file>
      <input_file id="fl-c6">
         <path>/Applications/ti/ccs1040/ccs/tools/compiler/ti-cgt-arm_20.2.5.LTS/lib/</path>
         <kind>archive</kind>
         <file>rtsv7M4_T_le_v4SPD16_eabi.lib</file>
         <name>s_frexp.c.obj</name>
      </input_file>
      <input_file id="fl-c7">
         <path>/Applications/ti/ccs1040/ccs/tools/compiler/ti-cgt-arm_20.2.5.LTS/lib/</path>
         <kind>archive</kind>
         <file>rtsv7M4_T_le_v4SPD16_eabi.lib</file>
         <name>s_scalbn.c.obj</name>
      </input_file>
      <input_file id="fl-c8">
         <path>/Applications/ti/ccs1040/ccs/tools/compiler/ti-cgt-arm_20.2.5.LTS/lib/</path>
         <kind>archive</kind>
         <file>rtsv7M4_T_le_v4SPD16_eabi.lib</file>
         <name>wcslen.c.obj</name>
      </input_file>
      <input_file id="fl-c9">
         <path>/Applications/ti/ccs1040/ccs/tools/compiler/ti-cgt-arm_20.2.5.LTS/lib/</path>
         <kind>archive</kind>
         <file>rtsv7M4_T_le_v4SPD16_eabi.lib</file>
         <name>fd_add_t2.asm.obj</name>
      </input_file>
      <input_file id="fl-ca">
         <path>/Applications/ti/ccs1040/ccs/tools/compiler/ti-cgt-arm_20.2.5.LTS/lib/</path>
         <kind>archive</kind>
         <file>rtsv7M4_T_le_v4SPD16_eabi.lib</file>
         <name>fd_cmp_t2.asm.obj</name>
      </input_file>
      <input_file id="fl-cb">
         <path>/Applications/ti/ccs1040/ccs/tools/compiler/ti-cgt-arm_20.2.5.LTS/lib/</path>
         <kind>archive</kind>
         <file>rtsv7M4_T_le_v4SPD16_eabi.lib</file>
         <name>fd_div_t2.asm.obj</name>
      </input_file>
      <input_file id="fl-cc">
         <path>/Applications/ti/ccs1040/ccs/tools/compiler/ti-cgt-arm_20.2.5.LTS/lib/</path>
         <kind>archive</kind>
         <file>rtsv7M4_T_le_v4SPD16_eabi.lib</file>
         <name>fd_mul_t2.asm.obj</name>
      </input_file>
      <input_file id="fl-cd">
         <path>/Applications/ti/ccs1040/ccs/tools/compiler/ti-cgt-arm_20.2.5.LTS/lib/</path>
         <kind>archive</kind>
         <file>rtsv7M4_T_le_v4SPD16_eabi.lib</file>
         <name>fd_toi_t2.asm.obj</name>
      </input_file>
      <input_file id="fl-ce">
         <path>/Applications/ti/ccs1040/ccs/tools/compiler/ti-cgt-arm_20.2.5.LTS/lib/</path>
         <kind>archive</kind>
         <file>rtsv7M4_T_le_v4SPD16_eabi.lib</file>
         <name>i_tofd_t2.asm.obj</name>
      </input_file>
      <input_file id="fl-cf">
         <path>/Applications/ti/ccs1040/ccs/tools/compiler/ti-cgt-arm_20.2.5.LTS/lib/</path>
         <kind>archive</kind>
         <file>rtsv7M4_T_le_v4SPD16_eabi.lib</file>
         <name>memcpy_t2.asm.obj</name>
      </input_file>
      <input_file id="fl-d0">
         <path>/Applications/ti/ccs1040/ccs/tools/compiler/ti-cgt-arm_20.2.5.LTS/lib/</path>
         <kind>archive</kind>
         <file>rtsv7M4_T_le_v4SPD16_eabi.lib</file>
         <name>ull_div_t2.asm.obj</name>
      </input_file>
      <input_file id="fl-d1">
         <path>/Applications/ti/ccs1040/ccs/tools/compiler/ti-cgt-arm_20.2.5.LTS/lib/</path>
         <kind>archive</kind>
         <file>rtsv7M4_T_le_v4SPD16_eabi.lib</file>
         <name>memset_t2.asm.obj</name>
      </input_file>
      <input_file id="fl-d2">
         <path>/Applications/ti/ccs1040/ccs/tools/compiler/ti-cgt-arm_20.2.5.LTS/lib/</path>
         <kind>archive</kind>
         <file>rtsv7M4_T_le_v4SPD16_eabi.lib</file>
         <name>copy_zero_init.c.obj</name>
      </input_file>
      <input_file id="fl-d3">
         <path>/Applications/ti/ccs1040/ccs/tools/compiler/ti-cgt-arm_20.2.5.LTS/lib/</path>
         <kind>archive</kind>
         <file>rtsv7M4_T_le_v4SPD16_eabi.lib</file>
         <name>copy_decompress_none.c.obj</name>
      </input_file>
      <input_file id="fl-d4">
         <path>/Applications/ti/ccs1040/ccs/tools/compiler/ti-cgt-arm_20.2.5.LTS/lib/</path>
         <kind>archive</kind>
         <file>rtsv7M4_T_le_v4SPD16_eabi.lib</file>
         <name>copy_decompress_lzss.c.obj</name>
      </input_file>
      <input_file id="fl-d5">
         <path>/Applications/ti/ccs1040/ccs/tools/compiler/ti-cgt-arm_20.2.5.LTS/lib/</path>
         <kind>archive</kind>
         <file>rtsv7M4_T_le_v4SPD16_eabi.lib</file>
         <name>exit.c.obj</name>
      </input_file>
      <input_file id="fl-d6">
         <path>/Applications/ti/ccs1040/ccs/tools/compiler/ti-cgt-arm_20.2.5.LTS/lib/</path>
         <kind>archive</kind>
         <file>rtsv7M4_T_le_v4SPD16_eabi.lib</file>
         <name>_lock.c.obj</name>
      </input_file>
      <input_file id="fl-d7">
         <path>/Applications/ti/ccs1040/ccs/tools/compiler/ti-cgt-arm_20.2.5.LTS/lib/</path>
         <kind>archive</kind>
         <file>rtsv7M4_T_le_v4SPD16_eabi.lib</file>
         <name>_ltoa.c.obj</name>
      </input_file>
      <input_file id="fl-d8">
         <path>/Applications/ti/ccs1040/ccs/tools/compiler/ti-cgt-arm_20.2.5.LTS/lib/</path>
         <kind>archive</kind>
         <file>rtsv7M4_T_le_v4SPD16_eabi.lib</file>
         <name>atoi.c.obj</name>
      </input_file>
      <input_file id="fl-d9">
         <path>/Applications/ti/ccs1040/ccs/tools/compiler/ti-cgt-arm_20.2.5.LTS/lib/</path>
         <kind>archive</kind>
         <file>rtsv7M4_T_le_v4SPD16_eabi.lib</file>
         <name>ctype.c.obj</name>
      </input_file>
      <input_file id="fl-da">
         <path>/Applications/ti/ccs1040/ccs/tools/compiler/ti-cgt-arm_20.2.5.LTS/lib/</path>
         <kind>archive</kind>
         <file>rtsv7M4_T_le_v4SPD16_eabi.lib</file>
         <name>defs.c.obj</name>
      </input_file>
      <input_file id="fl-db">
         <path>/Applications/ti/ccs1040/ccs/tools/compiler/ti-cgt-arm_20.2.5.LTS/lib/</path>
         <kind>archive</kind>
         <file>rtsv7M4_T_le_v4SPD16_eabi.lib</file>
         <name>memccpy.c.obj</name>
      </input_file>
      <input_file id="fl-dc">
         <path>/Applications/ti/ccs1040/ccs/tools/compiler/ti-cgt-arm_20.2.5.LTS/lib/</path>
         <kind>archive</kind>
         <file>rtsv7M4_T_le_v4SPD16_eabi.lib</file>
         <name>memchr.c.obj</name>
      </input_file>
      <input_file id="fl-dd">
         <path>/Applications/ti/ccs1040/ccs/tools/compiler/ti-cgt-arm_20.2.5.LTS/lib/</path>
         <kind>archive</kind>
         <file>rtsv7M4_T_le_v4SPD16_eabi.lib</file>
         <name>memory.c.obj</name>
      </input_file>
      <input_file id="fl-de">
         <path>/Applications/ti/ccs1040/ccs/tools/compiler/ti-cgt-arm_20.2.5.LTS/lib/</path>
         <kind>archive</kind>
         <file>rtsv7M4_T_le_v4SPD16_eabi.lib</file>
         <name>strchr.c.obj</name>
      </input_file>
      <input_file id="fl-df">
         <path>/Applications/ti/ccs1040/ccs/tools/compiler/ti-cgt-arm_20.2.5.LTS/lib/</path>
         <kind>archive</kind>
         <file>rtsv7M4_T_le_v4SPD16_eabi.lib</file>
         <name>strlen.c.obj</name>
      </input_file>
      <input_file id="fl-e0">
         <path>/Applications/ti/ccs1040/ccs/tools/compiler/ti-cgt-arm_20.2.5.LTS/lib/</path>
         <kind>archive</kind>
         <file>rtsv7M4_T_le_v4SPD16_eabi.lib</file>
         <name>errno.c.obj</name>
      </input_file>
      <input_file id="fl-e1">
         <path>/Applications/ti/ccs1040/ccs/tools/compiler/ti-cgt-arm_20.2.5.LTS/lib/</path>
         <kind>archive</kind>
         <file>rtsv7M4_T_le_v4SPD16_eabi.lib</file>
         <name>boot_cortex_m.c.obj</name>
      </input_file>
      <input_file id="fl-e2">
         <path>/Applications/ti/ccs1040/ccs/tools/compiler/ti-cgt-arm_20.2.5.LTS/lib/</path>
         <kind>archive</kind>
         <file>rtsv7M4_T_le_v4SPD16_eabi.lib</file>
         <name>write.c.obj</name>
      </input_file>
      <input_file id="fl-e3">
         <path>/Applications/ti/ccs1040/ccs/tools/compiler/ti-cgt-arm_20.2.5.LTS/lib/</path>
         <kind>archive</kind>
         <file>rtsv7M4_T_le_v4SPD16_eabi.lib</file>
         <name>host_device.c.obj</name>
      </input_file>
      <input_file id="fl-e4">
         <path>/Applications/ti/ccs1040/ccs/tools/compiler/ti-cgt-arm_20.2.5.LTS/lib/</path>
         <kind>archive</kind>
         <file>rtsv7M4_T_le_v4SPD16_eabi.lib</file>
         <name>fopen.c.obj</name>
      </input_file>
      <input_file id="fl-e5">
         <path>/Applications/ti/ccs1040/ccs/tools/compiler/ti-cgt-arm_20.2.5.LTS/lib/</path>
         <kind>archive</kind>
         <file>rtsv7M4_T_le_v4SPD16_eabi.lib</file>
         <name>fseek.c.obj</name>
      </input_file>
      <input_file id="fl-e6">
         <path>/Applications/ti/ccs1040/ccs/tools/compiler/ti-cgt-arm_20.2.5.LTS/lib/</path>
         <kind>archive</kind>
         <file>rtsv7M4_T_le_v4SPD16_eabi.lib</file>
         <name>s_copysign.c.obj</name>
      </input_file>
      <input_file id="fl-e7">
         <path>/Applications/ti/ccs1040/ccs/tools/compiler/ti-cgt-arm_20.2.5.LTS/lib/</path>
         <kind>archive</kind>
         <file>rtsv7M4_T_le_v4SPD16_eabi.lib</file>
         <name>div0.asm.obj</name>
      </input_file>
      <input_file id="fl-e8">
         <path>/Applications/ti/ccs1040/ccs/tools/compiler/ti-cgt-arm_20.2.5.LTS/lib/</path>
         <kind>archive</kind>
         <file>rtsv7M4_T_le_v4SPD16_eabi.lib</file>
         <name>autoinit.c.obj</name>
      </input_file>
      <input_file id="fl-e9">
         <path>/Applications/ti/ccs1040/ccs/tools/compiler/ti-cgt-arm_20.2.5.LTS/lib/</path>
         <kind>archive</kind>
         <file>rtsv7M4_T_le_v4SPD16_eabi.lib</file>
         <name>pre_init.c.obj</name>
      </input_file>
      <input_file id="fl-ea">
         <path>/Applications/ti/ccs1040/ccs/tools/compiler/ti-cgt-arm_20.2.5.LTS/lib/</path>
         <kind>archive</kind>
         <file>rtsv7M4_T_le_v4SPD16_eabi.lib</file>
         <name>cpy_tbl.c.obj</name>
      </input_file>
      <input_file id="fl-eb">
         <path>/Applications/ti/ccs1040/ccs/tools/compiler/ti-cgt-arm_20.2.5.LTS/lib/</path>
         <kind>archive</kind>
         <file>rtsv7M4_T_le_v4SPD16_eabi.lib</file>
         <name>args_main.c.obj</name>
      </input_file>
      <input_file id="fl-ec">
         <path>/Applications/ti/ccs1040/ccs/tools/compiler/ti-cgt-arm_20.2.5.LTS/lib/</path>
         <kind>archive</kind>
         <file>rtsv7M4_T_le_v4SPD16_eabi.lib</file>
         <name>hostclose.c.obj</name>
      </input_file>
      <input_file id="fl-ed">
         <path>/Applications/ti/ccs1040/ccs/tools/compiler/ti-cgt-arm_20.2.5.LTS/lib/</path>
         <kind>archive</kind>
         <file>rtsv7M4_T_le_v4SPD16_eabi.lib</file>
         <name>hostlseek.c.obj</name>
      </input_file>
      <input_file id="fl-ee">
         <path>/Applications/ti/ccs1040/ccs/tools/compiler/ti-cgt-arm_20.2.5.LTS/lib/</path>
         <kind>archive</kind>
         <file>rtsv7M4_T_le_v4SPD16_eabi.lib</file>
         <name>hostopen.c.obj</name>
      </input_file>
      <input_file id="fl-ef">
         <path>/Applications/ti/ccs1040/ccs/tools/compiler/ti-cgt-arm_20.2.5.LTS/lib/</path>
         <kind>archive</kind>
         <file>rtsv7M4_T_le_v4SPD16_eabi.lib</file>
         <name>hostread.c.obj</name>
      </input_file>
      <input_file id="fl-f0">
         <path>/Applications/ti/ccs1040/ccs/tools/compiler/ti-cgt-arm_20.2.5.LTS/lib/</path>
         <kind>archive</kind>
         <file>rtsv7M4_T_le_v4SPD16_eabi.lib</file>
         <name>hostrename.c.obj</name>
      </input_file>
      <input_file id="fl-f1">
         <path>/Applications/ti/ccs1040/ccs/tools/compiler/ti-cgt-arm_20.2.5.LTS/lib/</path>
         <kind>archive</kind>
         <file>rtsv7M4_T_le_v4SPD16_eabi.lib</file>
         <name>hostunlink.c.obj</name>
      </input_file>
      <input_file id="fl-f2">
         <path>/Applications/ti/ccs1040/ccs/tools/compiler/ti-cgt-arm_20.2.5.LTS/lib/</path>
         <kind>archive</kind>
         <file>rtsv7M4_T_le_v4SPD16_eabi.lib</file>
         <name>hostwrite.c.obj</name>
      </input_file>
      <input_file id="fl-f3">
         <path>/Applications/ti/ccs1040/ccs/tools/compiler/ti-cgt-arm_20.2.5.LTS/lib/</path>
         <kind>archive</kind>
         <file>rtsv7M4_T_le_v4SPD16_eabi.lib</file>
         <name>trgmsg.c.obj</name>
      </input_file>
      <input_file id="fl-f4">
         <path>/Applications/ti/ccs1040/ccs/tools/compiler/ti-cgt-arm_20.2.5.LTS/lib/</path>
         <kind>archive</kind>
         <file>rtsv7M4_T_le_v4SPD16_eabi.lib</file>
         <name>open.c.obj</name>
      </input_file>
      <input_file id="fl-f5">
         <path>/Applications/ti/ccs1040/ccs/tools/compiler/ti-cgt-arm_20.2.5.LTS/lib/</path>
         <kind>archive</kind>
         <file>rtsv7M4_T_le_v4SPD16_eabi.lib</file>
         <name>lseek.c.obj</name>
      </input_file>
      <input_file id="fl-f6">
         <path>/Applications/ti/ccs1040/ccs/tools/compiler/ti-cgt-arm_20.2.5.LTS/lib/</path>
         <kind>archive</kind>
         <file>rtsv7M4_T_le_v4SPD16_eabi.lib</file>
         <name>fclose.c.obj</name>
      </input_file>
      <input_file id="fl-f7">
         <path>/Applications/ti/ccs1040/ccs/tools/compiler/ti-cgt-arm_20.2.5.LTS/lib/</path>
         <kind>archive</kind>
         <file>rtsv7M4_T_le_v4SPD16_eabi.lib</file>
         <name>getdevice.c.obj</name>
      </input_file>
      <input_file id="fl-f8">
         <path>/Applications/ti/ccs1040/ccs/tools/compiler/ti-cgt-arm_20.2.5.LTS/lib/</path>
         <kind>archive</kind>
         <file>rtsv7M4_T_le_v4SPD16_eabi.lib</file>
         <name>strcmp.c.obj</name>
      </input_file>
      <input_file id="fl-f9">
         <path>/Applications/ti/ccs1040/ccs/tools/compiler/ti-cgt-arm_20.2.5.LTS/lib/</path>
         <kind>archive</kind>
         <file>rtsv7M4_T_le_v4SPD16_eabi.lib</file>
         <name>strcpy.c.obj</name>
      </input_file>
      <input_file id="fl-fa">
         <path>/Applications/ti/ccs1040/ccs/tools/compiler/ti-cgt-arm_20.2.5.LTS/lib/</path>
         <kind>archive</kind>
         <file>rtsv7M4_T_le_v4SPD16_eabi.lib</file>
         <name>strncpy.c.obj</name>
      </input_file>
      <input_file id="fl-fb">
         <path>/Applications/ti/ccs1040/ccs/tools/compiler/ti-cgt-arm_20.2.5.LTS/lib/</path>
         <kind>archive</kind>
         <file>rtsv7M4_T_le_v4SPD16_eabi.lib</file>
         <name>remove.c.obj</name>
      </input_file>
      <input_file id="fl-fc">
         <path>/Applications/ti/ccs1040/ccs/tools/compiler/ti-cgt-arm_20.2.5.LTS/lib/</path>
         <kind>archive</kind>
         <file>rtsv7M4_T_le_v4SPD16_eabi.lib</file>
         <name>close.c.obj</name>
      </input_file>
      <input_file id="fl-fd">
         <path>/Applications/ti/ccs1040/ccs/tools/compiler/ti-cgt-arm_20.2.5.LTS/lib/</path>
         <kind>archive</kind>
         <file>rtsv7M4_T_le_v4SPD16_eabi.lib</file>
         <name>unlink.c.obj</name>
      </input_file>
   </input_file_list>
   <object_component_list>
      <object_component id="oc-26">
         <name>.intvecs:retain</name>
         <load_address>0x0</load_address>
         <run_address>0x0</run_address>
         <size>0xe4</size>
         <input_file_ref idref="fl-3"/>
      </object_component>
      <object_component id="oc-183">
         <name>.text:__TI_printfi</name>
         <load_address>0xe4</load_address>
         <run_address>0xe4</run_address>
         <size>0xa4e</size>
         <input_file_ref idref="fl-c0"/>
      </object_component>
      <object_component id="oc-1ad">
         <name>.text:_nop</name>
         <load_address>0xb32</load_address>
         <run_address>0xb32</run_address>
         <size>0x2</size>
         <input_file_ref idref="fl-d6"/>
      </object_component>
      <object_component id="oc-ac">
         <name>.text</name>
         <load_address>0xb34</load_address>
         <run_address>0xb34</run_address>
         <size>0x334</size>
         <input_file_ref idref="fl-4"/>
      </object_component>
      <object_component id="oc-1f5">
         <name>.text:_pconv_a</name>
         <load_address>0xe68</load_address>
         <run_address>0xe68</run_address>
         <size>0x270</size>
         <input_file_ref idref="fl-c0"/>
      </object_component>
      <object_component id="oc-dc">
         <name>.text</name>
         <load_address>0x10d8</load_address>
         <run_address>0x10d8</run_address>
         <size>0x254</size>
         <input_file_ref idref="fl-1"/>
      </object_component>
      <object_component id="oc-1e3">
         <name>.text:_pconv_g</name>
         <load_address>0x132c</load_address>
         <run_address>0x132c</run_address>
         <size>0x1d0</size>
         <input_file_ref idref="fl-c0"/>
      </object_component>
      <object_component id="oc-277">
         <name>.text</name>
         <load_address>0x14fc</load_address>
         <run_address>0x14fc</run_address>
         <size>0x1b6</size>
         <input_file_ref idref="fl-c9"/>
      </object_component>
      <object_component id="oc-2e5">
         <name>.text</name>
         <load_address>0x16b2</load_address>
         <run_address>0x16b2</run_address>
         <size>0x2</size>
         <input_file_ref idref="fl-e7"/>
      </object_component>
      <object_component id="oc-1ef">
         <name>.text:_pconv_e</name>
         <load_address>0x16b4</load_address>
         <run_address>0x16b4</run_address>
         <size>0x13c</size>
         <input_file_ref idref="fl-c0"/>
      </object_component>
      <object_component id="oc-25d">
         <name>.text</name>
         <load_address>0x17f0</load_address>
         <run_address>0x17f0</run_address>
         <size>0x136</size>
         <input_file_ref idref="fl-cb"/>
      </object_component>
      <object_component id="oc-289">
         <name>.text:fcvt</name>
         <load_address>0x1928</load_address>
         <run_address>0x1928</run_address>
         <size>0x124</size>
         <input_file_ref idref="fl-c0"/>
      </object_component>
      <object_component id="oc-219">
         <name>.text:fputs</name>
         <load_address>0x1a4c</load_address>
         <run_address>0x1a4c</run_address>
         <size>0x114</size>
         <input_file_ref idref="fl-c3"/>
      </object_component>
      <object_component id="oc-29d">
         <name>.text:scalbn</name>
         <load_address>0x1b60</load_address>
         <run_address>0x1b60</run_address>
         <size>0x110</size>
         <input_file_ref idref="fl-c7"/>
      </object_component>
      <object_component id="oc-3b5">
         <name>.text:aligned_alloc</name>
         <load_address>0x1c70</load_address>
         <run_address>0x1c70</run_address>
         <size>0x100</size>
         <input_file_ref idref="fl-dd"/>
      </object_component>
      <object_component id="oc-258">
         <name>.text</name>
         <load_address>0x1d70</load_address>
         <run_address>0x1d70</run_address>
         <size>0xfc</size>
         <input_file_ref idref="fl-cc"/>
      </object_component>
      <object_component id="oc-359">
         <name>.text:free</name>
         <load_address>0x1e6c</load_address>
         <run_address>0x1e6c</run_address>
         <size>0xe4</size>
         <input_file_ref idref="fl-dd"/>
      </object_component>
      <object_component id="oc-320">
         <name>.text:setvbuf</name>
         <load_address>0x1f50</load_address>
         <run_address>0x1f50</run_address>
         <size>0xdc</size>
         <input_file_ref idref="fl-c5"/>
      </object_component>
      <object_component id="oc-1d8">
         <name>.text:_ltostr</name>
         <load_address>0x202c</load_address>
         <run_address>0x202c</run_address>
         <size>0xb1</size>
         <input_file_ref idref="fl-c0"/>
      </object_component>
      <object_component id="oc-3a">
         <name>.text</name>
         <load_address>0x20de</load_address>
         <run_address>0x20de</run_address>
         <size>0x9c</size>
         <input_file_ref idref="fl-cf"/>
      </object_component>
      <object_component id="oc-251">
         <name>.text</name>
         <load_address>0x217a</load_address>
         <run_address>0x217a</run_address>
         <size>0x96</size>
         <input_file_ref idref="fl-d0"/>
      </object_component>
      <object_component id="oc-d6">
         <name>.text</name>
         <load_address>0x2210</load_address>
         <run_address>0x2210</run_address>
         <size>0x94</size>
         <input_file_ref idref="fl-5"/>
      </object_component>
      <object_component id="oc-220">
         <name>.text:fputc</name>
         <load_address>0x22a4</load_address>
         <run_address>0x22a4</run_address>
         <size>0x8c</size>
         <input_file_ref idref="fl-c2"/>
      </object_component>
      <object_component id="oc-1de">
         <name>.text:__aeabi_cdcmple</name>
         <load_address>0x2330</load_address>
         <run_address>0x2330</run_address>
         <size>0x86</size>
         <input_file_ref idref="fl-ca"/>
      </object_component>
      <object_component id="oc-262">
         <name>.text:__aeabi_cdrcmple</name>
         <load_address>0x23b6</load_address>
         <run_address>0x23b6</run_address>
         <size>0x86</size>
         <input_file_ref idref="fl-ca"/>
      </object_component>
      <object_component id="oc-13d">
         <name>.text:fflush</name>
         <load_address>0x243c</load_address>
         <run_address>0x243c</run_address>
         <size>0x7c</size>
         <input_file_ref idref="fl-c1"/>
      </object_component>
      <object_component id="oc-8e">
         <name>.text</name>
         <load_address>0x24b8</load_address>
         <run_address>0x24b8</run_address>
         <size>0x7a</size>
         <input_file_ref idref="fl-d1"/>
      </object_component>
      <object_component id="oc-9a">
         <name>.text</name>
         <load_address>0x2534</load_address>
         <run_address>0x2534</run_address>
         <size>0x78</size>
         <input_file_ref idref="fl-2"/>
      </object_component>
      <object_component id="oc-3bc">
         <name>.text:__TI_closefile</name>
         <load_address>0x25ac</load_address>
         <run_address>0x25ac</run_address>
         <size>0x74</size>
         <input_file_ref idref="fl-f6"/>
      </object_component>
      <object_component id="oc-3ee">
         <name>.text:split</name>
         <load_address>0x2620</load_address>
         <run_address>0x2620</run_address>
         <size>0x70</size>
         <input_file_ref idref="fl-dd"/>
      </object_component>
      <object_component id="oc-282">
         <name>.text:_mcpy</name>
         <load_address>0x2690</load_address>
         <run_address>0x2690</run_address>
         <size>0x6e</size>
         <input_file_ref idref="fl-c0"/>
      </object_component>
      <object_component id="oc-39a">
         <name>.text:HOSTrename</name>
         <load_address>0x2700</load_address>
         <run_address>0x2700</run_address>
         <size>0x6c</size>
         <input_file_ref idref="fl-f0"/>
      </object_component>
      <object_component id="oc-38e">
         <name>.text:HOSTlseek</name>
         <load_address>0x276c</load_address>
         <run_address>0x276c</run_address>
         <size>0x68</size>
         <input_file_ref idref="fl-ed"/>
      </object_component>
      <object_component id="oc-17">
         <name>.text:decompress:lzss:__TI_decompress_lzss</name>
         <load_address>0x27d4</load_address>
         <run_address>0x27d4</run_address>
         <size>0x68</size>
         <input_file_ref idref="fl-d4"/>
      </object_component>
      <object_component id="oc-137">
         <name>.text:printf</name>
         <load_address>0x283c</load_address>
         <run_address>0x283c</run_address>
         <size>0x68</size>
         <input_file_ref idref="fl-bf"/>
      </object_component>
      <object_component id="oc-297">
         <name>.text:frexp</name>
         <load_address>0x28a4</load_address>
         <run_address>0x28a4</run_address>
         <size>0x64</size>
         <input_file_ref idref="fl-c6"/>
      </object_component>
      <object_component id="oc-31a">
         <name>.text:fseek</name>
         <load_address>0x2908</load_address>
         <run_address>0x2908</run_address>
         <size>0x64</size>
         <input_file_ref idref="fl-e5"/>
      </object_component>
      <object_component id="oc-2c9">
         <name>.text:__TI_wrt_ok</name>
         <load_address>0x296c</load_address>
         <run_address>0x296c</run_address>
         <size>0x62</size>
         <input_file_ref idref="fl-c4"/>
      </object_component>
      <object_component id="oc-376">
         <name>.text:HOSTopen</name>
         <load_address>0x29d0</load_address>
         <run_address>0x29d0</run_address>
         <size>0x60</size>
         <input_file_ref idref="fl-ee"/>
      </object_component>
      <object_component id="oc-3f5">
         <name>.text:close</name>
         <load_address>0x2a30</load_address>
         <run_address>0x2a30</run_address>
         <size>0x5c</size>
         <input_file_ref idref="fl-fc"/>
      </object_component>
      <object_component id="oc-382">
         <name>.text:HOSTread</name>
         <load_address>0x2a8c</load_address>
         <run_address>0x2a8c</run_address>
         <size>0x58</size>
         <input_file_ref idref="fl-ef"/>
      </object_component>
      <object_component id="oc-388">
         <name>.text:HOSTwrite</name>
         <load_address>0x2ae4</load_address>
         <run_address>0x2ae4</run_address>
         <size>0x58</size>
         <input_file_ref idref="fl-f2"/>
      </object_component>
      <object_component id="oc-1e9">
         <name>.text:_pconv_f</name>
         <load_address>0x2b3c</load_address>
         <run_address>0x2b3c</run_address>
         <size>0x56</size>
         <input_file_ref idref="fl-c0"/>
      </object_component>
      <object_component id="oc-26c">
         <name>.text:__TI_ltoa</name>
         <load_address>0x2b92</load_address>
         <run_address>0x2b92</run_address>
         <size>0x54</size>
         <input_file_ref idref="fl-d7"/>
      </object_component>
      <object_component id="oc-27c">
         <name>.text:_ecpy</name>
         <load_address>0x2be6</load_address>
         <run_address>0x2be6</run_address>
         <size>0x52</size>
         <input_file_ref idref="fl-c0"/>
      </object_component>
      <object_component id="oc-19c">
         <name>.text:__TI_doflush</name>
         <load_address>0x2c38</load_address>
         <run_address>0x2c38</run_address>
         <size>0x4c</size>
         <input_file_ref idref="fl-c1"/>
      </object_component>
      <object_component id="oc-1d2">
         <name>.text:atoi</name>
         <load_address>0x2c84</load_address>
         <run_address>0x2c84</run_address>
         <size>0x4c</size>
         <input_file_ref idref="fl-d8"/>
      </object_component>
      <object_component id="oc-ef">
         <name>.text:exit</name>
         <load_address>0x2cd0</load_address>
         <run_address>0x2cd0</run_address>
         <size>0x48</size>
         <input_file_ref idref="fl-d5"/>
      </object_component>
      <object_component id="oc-267">
         <name>.text</name>
         <load_address>0x2d18</load_address>
         <run_address>0x2d18</run_address>
         <size>0x48</size>
         <input_file_ref idref="fl-cd"/>
      </object_component>
      <object_component id="oc-37c">
         <name>.text:HOSTclose</name>
         <load_address>0x2d60</load_address>
         <run_address>0x2d60</run_address>
         <size>0x44</size>
         <input_file_ref idref="fl-ec"/>
      </object_component>
      <object_component id="oc-394">
         <name>.text:HOSTunlink</name>
         <load_address>0x2da4</load_address>
         <run_address>0x2da4</run_address>
         <size>0x44</size>
         <input_file_ref idref="fl-f1"/>
      </object_component>
      <object_component id="oc-f5">
         <name>.text:__TI_auto_init_nobinit_nopinit:__TI_auto_init_nobinit_nopinit</name>
         <load_address>0x2de8</load_address>
         <run_address>0x2de8</run_address>
         <size>0x44</size>
         <input_file_ref idref="fl-e8"/>
      </object_component>
      <object_component id="oc-41f">
         <name>.text:getdevice</name>
         <load_address>0x2e2c</load_address>
         <run_address>0x2e2c</run_address>
         <size>0x44</size>
         <input_file_ref idref="fl-f7"/>
      </object_component>
      <object_component id="oc-28f">
         <name>.text:_fcpy</name>
         <load_address>0x2e70</load_address>
         <run_address>0x2e70</run_address>
         <size>0x3e</size>
         <input_file_ref idref="fl-c0"/>
      </object_component>
      <object_component id="oc-3c5">
         <name>.text:__TI_writemsg</name>
         <load_address>0x2eb0</load_address>
         <run_address>0x2eb0</run_address>
         <size>0x38</size>
         <input_file_ref idref="fl-f3"/>
      </object_component>
      <object_component id="oc-431">
         <name>.text:strncpy</name>
         <load_address>0x2ee8</load_address>
         <run_address>0x2ee8</run_address>
         <size>0x36</size>
         <input_file_ref idref="fl-fa"/>
      </object_component>
      <object_component id="oc-365">
         <name>.text:__TI_cleanup</name>
         <load_address>0x2f20</load_address>
         <run_address>0x2f20</run_address>
         <size>0x34</size>
         <input_file_ref idref="fl-e4"/>
      </object_component>
      <object_component id="oc-3cb">
         <name>.text:__TI_readmsg</name>
         <load_address>0x2f54</load_address>
         <run_address>0x2f54</run_address>
         <size>0x34</size>
         <input_file_ref idref="fl-f3"/>
      </object_component>
      <object_component id="oc-58">
         <name>.text:_c_int00_noargs:_c_int00_noargs</name>
         <load_address>0x2f88</load_address>
         <run_address>0x2f88</run_address>
         <size>0x34</size>
         <input_file_ref idref="fl-e1"/>
      </object_component>
      <object_component id="oc-437">
         <name>.text:finddevice</name>
         <load_address>0x2fbc</load_address>
         <run_address>0x2fbc</run_address>
         <size>0x30</size>
         <input_file_ref idref="fl-f7"/>
      </object_component>
      <object_component id="oc-272">
         <name>.text</name>
         <load_address>0x2fec</load_address>
         <run_address>0x2fec</run_address>
         <size>0x2e</size>
         <input_file_ref idref="fl-ce"/>
      </object_component>
      <object_component id="oc-3fb">
         <name>.text:unlink</name>
         <load_address>0x301c</load_address>
         <run_address>0x301c</run_address>
         <size>0x2c</size>
         <input_file_ref idref="fl-fd"/>
      </object_component>
      <object_component id="oc-3ae">
         <name>.text:free_list_insert</name>
         <load_address>0x3048</load_address>
         <run_address>0x3048</run_address>
         <size>0x28</size>
         <input_file_ref idref="fl-dd"/>
      </object_component>
      <object_component id="oc-351">
         <name>.text:lseek</name>
         <load_address>0x3070</load_address>
         <run_address>0x3070</run_address>
         <size>0x28</size>
         <input_file_ref idref="fl-f5"/>
      </object_component>
      <object_component id="oc-22e">
         <name>.text:write</name>
         <load_address>0x3098</load_address>
         <run_address>0x3098</run_address>
         <size>0x28</size>
         <input_file_ref idref="fl-e2"/>
      </object_component>
      <object_component id="oc-2cf">
         <name>.text:memchr</name>
         <load_address>0x30c0</load_address>
         <run_address>0x30c0</run_address>
         <size>0x20</size>
         <input_file_ref idref="fl-dc"/>
      </object_component>
      <object_component id="oc-46">
         <name>.text:decompress:ZI:__TI_zero_init_nomemset:__TI_zero_init_nomemset</name>
         <load_address>0x30e0</load_address>
         <run_address>0x30e0</run_address>
         <size>0x1c</size>
         <input_file_ref idref="fl-d2"/>
      </object_component>
      <object_component id="oc-3a8">
         <name>.text:free_list_remove</name>
         <load_address>0x30fc</load_address>
         <run_address>0x30fc</run_address>
         <size>0x1c</size>
         <input_file_ref idref="fl-dd"/>
      </object_component>
      <object_component id="oc-1fb">
         <name>.text:memccpy</name>
         <load_address>0x3118</load_address>
         <run_address>0x3118</run_address>
         <size>0x1c</size>
         <input_file_ref idref="fl-db"/>
      </object_component>
      <object_component id="oc-2fe">
         <name>.text:copysign</name>
         <load_address>0x3134</load_address>
         <run_address>0x3134</run_address>
         <size>0x1a</size>
         <input_file_ref idref="fl-e6"/>
      </object_component>
      <object_component id="oc-448">
         <name>.text:strcmp</name>
         <load_address>0x314e</load_address>
         <run_address>0x314e</run_address>
         <size>0x18</size>
         <input_file_ref idref="fl-f8"/>
      </object_component>
      <object_component id="oc-2a3">
         <name>.text:strchr</name>
         <load_address>0x3166</load_address>
         <run_address>0x3166</run_address>
         <size>0x16</size>
         <input_file_ref idref="fl-de"/>
      </object_component>
      <object_component id="oc-3df">
         <name>.text:strcpy</name>
         <load_address>0x317c</load_address>
         <run_address>0x317c</run_address>
         <size>0x14</size>
         <input_file_ref idref="fl-f9"/>
      </object_component>
      <object_component id="oc-1cc">
         <name>.text:strlen</name>
         <load_address>0x3190</load_address>
         <run_address>0x3190</run_address>
         <size>0x14</size>
         <input_file_ref idref="fl-df"/>
      </object_component>
      <object_component id="oc-201">
         <name>.text:wcslen</name>
         <load_address>0x31a4</load_address>
         <run_address>0x31a4</run_address>
         <size>0x12</size>
         <input_file_ref idref="fl-c8"/>
      </object_component>
      <object_component id="oc-1d">
         <name>.text:decompress:none:__TI_decompress_none</name>
         <load_address>0x31b6</load_address>
         <run_address>0x31b6</run_address>
         <size>0xe</size>
         <input_file_ref idref="fl-d3"/>
      </object_component>
      <object_component id="oc-6a">
         <name>.text</name>
         <load_address>0x31c4</load_address>
         <run_address>0x31c4</run_address>
         <size>0xe</size>
         <input_file_ref idref="fl-3"/>
      </object_component>
      <object_component id="oc-207">
         <name>.text:__aeabi_errno_addr</name>
         <load_address>0x31d4</load_address>
         <run_address>0x31d4</run_address>
         <size>0x8</size>
         <input_file_ref idref="fl-e0"/>
      </object_component>
      <object_component id="oc-35f">
         <name>.text:malloc</name>
         <load_address>0x31dc</load_address>
         <run_address>0x31dc</run_address>
         <size>0x8</size>
         <input_file_ref idref="fl-dd"/>
      </object_component>
      <object_component id="oc-18f">
         <name>.text:_outc</name>
         <load_address>0x31e4</load_address>
         <run_address>0x31e4</run_address>
         <size>0x4</size>
         <input_file_ref idref="fl-bf"/>
      </object_component>
      <object_component id="oc-189">
         <name>.text:_outs</name>
         <load_address>0x31e8</load_address>
         <run_address>0x31e8</run_address>
         <size>0x4</size>
         <input_file_ref idref="fl-bf"/>
      </object_component>
      <object_component id="oc-94">
         <name>.text:_system_pre_init</name>
         <load_address>0x31ec</load_address>
         <run_address>0x31ec</run_address>
         <size>0x4</size>
         <input_file_ref idref="fl-e9"/>
      </object_component>
      <object_component id="oc-e9">
         <name>.text:abort:abort</name>
         <load_address>0x31f0</load_address>
         <run_address>0x31f0</run_address>
         <size>0x4</size>
         <input_file_ref idref="fl-d5"/>
      </object_component>
      <object_component id="oc-24c">
         <name>.const:.string:_ctypes_</name>
         <load_address>0x31f4</load_address>
         <run_address>0x31f4</run_address>
         <size>0x101</size>
         <input_file_ref idref="fl-d9"/>
      </object_component>
      <object_component id="oc-488">
         <name>.cinit..data.load</name>
         <load_address>0x32f8</load_address>
         <run_address>0x32f8</run_address>
         <size>0x71</size>
      </object_component>
      <object_component id="oc-486">
         <name>__TI_handler_table</name>
         <load_address>0x336c</load_address>
         <run_address>0x336c</run_address>
         <size>0xc</size>
      </object_component>
      <object_component id="oc-489">
         <name>.cinit..bss.load</name>
         <load_address>0x3378</load_address>
         <run_address>0x3378</run_address>
         <size>0x8</size>
      </object_component>
      <object_component id="oc-487">
         <name>__TI_cinit_table</name>
         <load_address>0x3380</load_address>
         <run_address>0x3380</run_address>
         <size>0x10</size>
      </object_component>
      <object_component id="oc-45a">
         <name>.binit</name>
         <load_address>0x0</load_address>
         <run_address>0x0</run_address>
         <size>0x0</size>
      </object_component>
      <object_component id="oc-e5">
         <name>.data</name>
         <load_address>0x200005b8</load_address>
         <run_address>0x200005b8</run_address>
         <size>0x10</size>
         <input_file_ref idref="fl-1"/>
      </object_component>
      <object_component id="oc-127">
         <name>.data</name>
         <load_address>0x200005f8</load_address>
         <run_address>0x200005f8</run_address>
         <size>0x4</size>
         <input_file_ref idref="fl-4"/>
      </object_component>
      <object_component id="oc-156">
         <name>.data:$O1$$</name>
         <load_address>0x200005d8</load_address>
         <run_address>0x200005d8</run_address>
         <size>0xc</size>
         <input_file_ref idref="fl-d5"/>
      </object_component>
      <object_component id="oc-159">
         <name>.data:$O1$$</name>
         <load_address>0x200005e4</load_address>
         <run_address>0x200005e4</run_address>
         <size>0x8</size>
         <input_file_ref idref="fl-d6"/>
      </object_component>
      <object_component id="oc-143">
         <name>.data:_ftable</name>
         <load_address>0x20000400</load_address>
         <run_address>0x20000400</run_address>
         <size>0xf0</size>
         <input_file_ref idref="fl-da"/>
      </object_component>
      <object_component id="oc-1a2">
         <name>.data</name>
         <load_address>0x200005c8</load_address>
         <run_address>0x200005c8</run_address>
         <size>0x10</size>
         <input_file_ref idref="fl-da"/>
      </object_component>
      <object_component id="oc-3e9">
         <name>.data:$O1$$</name>
         <load_address>0x200005ec</load_address>
         <run_address>0x200005ec</run_address>
         <size>0x8</size>
         <input_file_ref idref="fl-dd"/>
      </object_component>
      <object_component id="oc-2b3">
         <name>.data</name>
         <load_address>0x200005f4</load_address>
         <run_address>0x200005f4</run_address>
         <size>0x4</size>
         <input_file_ref idref="fl-e0"/>
      </object_component>
      <object_component id="oc-32e">
         <name>.data:_device</name>
         <load_address>0x200004f0</load_address>
         <run_address>0x200004f0</run_address>
         <size>0x78</size>
         <input_file_ref idref="fl-e3"/>
      </object_component>
      <object_component id="oc-2d9">
         <name>.data:_stream</name>
         <load_address>0x20000568</load_address>
         <run_address>0x20000568</run_address>
         <size>0x50</size>
         <input_file_ref idref="fl-e3"/>
      </object_component>
      <object_component id="oc-404">
         <name>.bss:_CIOBUF_</name>
         <uninitialized>true</uninitialized>
         <run_address>0x200005fc</run_address>
         <size>0x120</size>
         <input_file_ref idref="fl-f3"/>
      </object_component>
      <object_component id="oc-e2">
         <name>.common:val</name>
         <uninitialized>true</uninitialized>
         <run_address>0x200007c4</run_address>
         <size>0x1</size>
      </object_component>
      <object_component id="oc-401">
         <name>.common:__TI_tmpnams</name>
         <uninitialized>true</uninitialized>
         <run_address>0x2000071c</run_address>
         <size>0xa0</size>
      </object_component>
      <object_component id="oc-3d1">
         <name>.common:parmbuf</name>
         <uninitialized>true</uninitialized>
         <run_address>0x200007bc</run_address>
         <size>0x8</size>
      </object_component>
      <object_component id="oc-29">
         <name>.sysmem</name>
         <uninitialized>true</uninitialized>
         <run_address>0x20000000</run_address>
         <size>0x10</size>
         <input_file_ref idref="fl-dd"/>
      </object_component>
      <object_component id="oc-48c">
         <name>.sysmem</name>
         <uninitialized>true</uninitialized>
         <run_address>0x20000000</run_address>
         <size>0x0</size>
      </object_component>
      <object_component id="oc-2c">
         <name>.stack</name>
         <uninitialized>true</uninitialized>
         <run_address>0x2000fe00</run_address>
         <size>0x4</size>
         <input_file_ref idref="fl-e1"/>
      </object_component>
      <object_component id="oc-48b">
         <name>.stack</name>
         <uninitialized>true</uninitialized>
         <run_address>0x2000fe00</run_address>
         <size>0x0</size>
      </object_component>
      <object_component id="oc-135">
         <name>.debug_info</name>
         <load_address>0x0</load_address>
         <run_address>0x0</run_address>
         <size>0x5f2</size>
         <input_file_ref idref="fl-1"/>
      </object_component>
      <object_component id="oc-e6">
         <name>.debug_info</name>
         <load_address>0x5f2</load_address>
         <run_address>0x5f2</run_address>
         <size>0x155</size>
         <input_file_ref idref="fl-1"/>
      </object_component>
      <object_component id="oc-dd">
         <name>.debug_info</name>
         <load_address>0x747</load_address>
         <run_address>0x747</run_address>
         <size>0x27a</size>
         <input_file_ref idref="fl-1"/>
      </object_component>
      <object_component id="oc-149">
         <name>.debug_info</name>
         <load_address>0x9c1</load_address>
         <run_address>0x9c1</run_address>
         <size>0x37e2</size>
         <input_file_ref idref="fl-1"/>
      </object_component>
      <object_component id="oc-b5">
         <name>.debug_info</name>
         <load_address>0x41a3</load_address>
         <run_address>0x41a3</run_address>
         <size>0x26b</size>
         <input_file_ref idref="fl-1"/>
      </object_component>
      <object_component id="oc-14e">
         <name>.debug_info</name>
         <load_address>0x440e</load_address>
         <run_address>0x440e</run_address>
         <size>0x1055</size>
         <input_file_ref idref="fl-1"/>
      </object_component>
      <object_component id="oc-35">
         <name>.debug_info</name>
         <load_address>0x5463</load_address>
         <run_address>0x5463</run_address>
         <size>0x84</size>
         <input_file_ref idref="fl-1"/>
      </object_component>
      <object_component id="oc-130">
         <name>.debug_info</name>
         <load_address>0x54e7</load_address>
         <run_address>0x54e7</run_address>
         <size>0x2a4</size>
         <input_file_ref idref="fl-1"/>
      </object_component>
      <object_component id="oc-12b">
         <name>.debug_info</name>
         <load_address>0x578b</load_address>
         <run_address>0x578b</run_address>
         <size>0xbb</size>
         <input_file_ref idref="fl-1"/>
      </object_component>
      <object_component id="oc-179">
         <name>.debug_info</name>
         <load_address>0x5846</load_address>
         <run_address>0x5846</run_address>
         <size>0xcc</size>
         <input_file_ref idref="fl-1"/>
      </object_component>
      <object_component id="oc-197">
         <name>.debug_info</name>
         <load_address>0x5912</load_address>
         <run_address>0x5912</run_address>
         <size>0x2c</size>
         <input_file_ref idref="fl-1"/>
      </object_component>
      <object_component id="oc-17e">
         <name>.debug_info</name>
         <load_address>0x593e</load_address>
         <run_address>0x593e</run_address>
         <size>0x35</size>
         <input_file_ref idref="fl-1"/>
      </object_component>
      <object_component id="oc-e3">
         <name>.debug_info</name>
         <load_address>0x5973</load_address>
         <run_address>0x5973</run_address>
         <size>0x606</size>
         <input_file_ref idref="fl-2"/>
      </object_component>
      <object_component id="oc-9b">
         <name>.debug_info</name>
         <load_address>0x5f79</load_address>
         <run_address>0x5f79</run_address>
         <size>0x1b2</size>
         <input_file_ref idref="fl-2"/>
      </object_component>
      <object_component id="oc-72">
         <name>.debug_info</name>
         <load_address>0x612b</load_address>
         <run_address>0x612b</run_address>
         <size>0x2f3</size>
         <input_file_ref idref="fl-3"/>
      </object_component>
      <object_component id="oc-27">
         <name>.debug_info</name>
         <load_address>0x641e</load_address>
         <run_address>0x641e</run_address>
         <size>0x11f</size>
         <input_file_ref idref="fl-3"/>
      </object_component>
      <object_component id="oc-6b">
         <name>.debug_info</name>
         <load_address>0x653d</load_address>
         <run_address>0x653d</run_address>
         <size>0x1e6</size>
         <input_file_ref idref="fl-3"/>
      </object_component>
      <object_component id="oc-128">
         <name>.debug_info</name>
         <load_address>0x6723</load_address>
         <run_address>0x6723</run_address>
         <size>0x118</size>
         <input_file_ref idref="fl-4"/>
      </object_component>
      <object_component id="oc-ad">
         <name>.debug_info</name>
         <load_address>0x683b</load_address>
         <run_address>0x683b</run_address>
         <size>0x28a</size>
         <input_file_ref idref="fl-4"/>
      </object_component>
      <object_component id="oc-d7">
         <name>.debug_info</name>
         <load_address>0x6ac5</load_address>
         <run_address>0x6ac5</run_address>
         <size>0x262</size>
         <input_file_ref idref="fl-5"/>
      </object_component>
      <object_component id="oc-196">
         <name>.debug_info</name>
         <load_address>0x6d27</load_address>
         <run_address>0x6d27</run_address>
         <size>0x3e5</size>
         <input_file_ref idref="fl-bf"/>
      </object_component>
      <object_component id="oc-191">
         <name>.debug_info</name>
         <load_address>0x710c</load_address>
         <run_address>0x710c</run_address>
         <size>0x157</size>
         <input_file_ref idref="fl-bf"/>
      </object_component>
      <object_component id="oc-18b">
         <name>.debug_info</name>
         <load_address>0x7263</load_address>
         <run_address>0x7263</run_address>
         <size>0x166</size>
         <input_file_ref idref="fl-bf"/>
      </object_component>
      <object_component id="oc-139">
         <name>.debug_info</name>
         <load_address>0x73c9</load_address>
         <run_address>0x73c9</run_address>
         <size>0x1ac</size>
         <input_file_ref idref="fl-bf"/>
      </object_component>
      <object_component id="oc-229">
         <name>.debug_info</name>
         <load_address>0x7575</load_address>
         <run_address>0x7575</run_address>
         <size>0xb2</size>
         <input_file_ref idref="fl-bf"/>
      </object_component>
      <object_component id="oc-20e">
         <name>.debug_info</name>
         <load_address>0x7627</load_address>
         <run_address>0x7627</run_address>
         <size>0x590</size>
         <input_file_ref idref="fl-c0"/>
      </object_component>
      <object_component id="oc-1d9">
         <name>.debug_info</name>
         <load_address>0x7bb7</load_address>
         <run_address>0x7bb7</run_address>
         <size>0x21e</size>
         <input_file_ref idref="fl-c0"/>
      </object_component>
      <object_component id="oc-27d">
         <name>.debug_info</name>
         <load_address>0x7dd5</load_address>
         <run_address>0x7dd5</run_address>
         <size>0x1b3</size>
         <input_file_ref idref="fl-c0"/>
      </object_component>
      <object_component id="oc-283">
         <name>.debug_info</name>
         <load_address>0x7f88</load_address>
         <run_address>0x7f88</run_address>
         <size>0x21b</size>
         <input_file_ref idref="fl-c0"/>
      </object_component>
      <object_component id="oc-1e4">
         <name>.debug_info</name>
         <load_address>0x81a3</load_address>
         <run_address>0x81a3</run_address>
         <size>0x3c0</size>
         <input_file_ref idref="fl-c0"/>
      </object_component>
      <object_component id="oc-28a">
         <name>.debug_info</name>
         <load_address>0x8563</load_address>
         <run_address>0x8563</run_address>
         <size>0x30a</size>
         <input_file_ref idref="fl-c0"/>
      </object_component>
      <object_component id="oc-290">
         <name>.debug_info</name>
         <load_address>0x886d</load_address>
         <run_address>0x886d</run_address>
         <size>0x215</size>
         <input_file_ref idref="fl-c0"/>
      </object_component>
      <object_component id="oc-1ea">
         <name>.debug_info</name>
         <load_address>0x8a82</load_address>
         <run_address>0x8a82</run_address>
         <size>0x215</size>
         <input_file_ref idref="fl-c0"/>
      </object_component>
      <object_component id="oc-1f0">
         <name>.debug_info</name>
         <load_address>0x8c97</load_address>
         <run_address>0x8c97</run_address>
         <size>0x304</size>
         <input_file_ref idref="fl-c0"/>
      </object_component>
      <object_component id="oc-1f6">
         <name>.debug_info</name>
         <load_address>0x8f9b</load_address>
         <run_address>0x8f9b</run_address>
         <size>0x4b5</size>
         <input_file_ref idref="fl-c0"/>
      </object_component>
      <object_component id="oc-184">
         <name>.debug_info</name>
         <load_address>0x9450</load_address>
         <run_address>0x9450</run_address>
         <size>0x5f4</size>
         <input_file_ref idref="fl-c0"/>
      </object_component>
      <object_component id="oc-20f">
         <name>.debug_info</name>
         <load_address>0x9a44</load_address>
         <run_address>0x9a44</run_address>
         <size>0x86</size>
         <input_file_ref idref="fl-c0"/>
      </object_component>
      <object_component id="oc-2bf">
         <name>.debug_info</name>
         <load_address>0x9aca</load_address>
         <run_address>0x9aca</run_address>
         <size>0x39</size>
         <input_file_ref idref="fl-c0"/>
      </object_component>
      <object_component id="oc-315">
         <name>.debug_info</name>
         <load_address>0x9b03</load_address>
         <run_address>0x9b03</run_address>
         <size>0xb6</size>
         <input_file_ref idref="fl-c0"/>
      </object_component>
      <object_component id="oc-2c4">
         <name>.debug_info</name>
         <load_address>0x9bb9</load_address>
         <run_address>0x9bb9</run_address>
         <size>0x46</size>
         <input_file_ref idref="fl-c0"/>
      </object_component>
      <object_component id="oc-214">
         <name>.debug_info</name>
         <load_address>0x9bff</load_address>
         <run_address>0x9bff</run_address>
         <size>0x46</size>
         <input_file_ref idref="fl-c0"/>
      </object_component>
      <object_component id="oc-2ba">
         <name>.debug_info</name>
         <load_address>0x9c45</load_address>
         <run_address>0x9c45</run_address>
         <size>0x2c</size>
         <input_file_ref idref="fl-c0"/>
      </object_component>
      <object_component id="oc-1a6">
         <name>.debug_info</name>
         <load_address>0x9c71</load_address>
         <run_address>0x9c71</run_address>
         <size>0x347</size>
         <input_file_ref idref="fl-c1"/>
      </object_component>
      <object_component id="oc-19d">
         <name>.debug_info</name>
         <load_address>0x9fb8</load_address>
         <run_address>0x9fb8</run_address>
         <size>0x18a</size>
         <input_file_ref idref="fl-c1"/>
      </object_component>
      <object_component id="oc-13e">
         <name>.debug_info</name>
         <load_address>0xa142</load_address>
         <run_address>0xa142</run_address>
         <size>0x1c8</size>
         <input_file_ref idref="fl-c1"/>
      </object_component>
      <object_component id="oc-2d8">
         <name>.debug_info</name>
         <load_address>0xa30a</load_address>
         <run_address>0xa30a</run_address>
         <size>0x383</size>
         <input_file_ref idref="fl-c2"/>
      </object_component>
      <object_component id="oc-221">
         <name>.debug_info</name>
         <load_address>0xa68d</load_address>
         <run_address>0xa68d</run_address>
         <size>0x1ea</size>
         <input_file_ref idref="fl-c2"/>
      </object_component>
      <object_component id="oc-2d6">
         <name>.debug_info</name>
         <load_address>0xa877</load_address>
         <run_address>0xa877</run_address>
         <size>0x3fc</size>
         <input_file_ref idref="fl-c3"/>
      </object_component>
      <object_component id="oc-21a">
         <name>.debug_info</name>
         <load_address>0xac73</load_address>
         <run_address>0xac73</run_address>
         <size>0x2e2</size>
         <input_file_ref idref="fl-c3"/>
      </object_component>
      <object_component id="oc-cd">
         <name>.debug_info</name>
         <load_address>0xaf55</load_address>
         <run_address>0xaf55</run_address>
         <size>0x2c</size>
         <input_file_ref idref="fl-c3"/>
      </object_component>
      <object_component id="oc-327">
         <name>.debug_info</name>
         <load_address>0xaf81</load_address>
         <run_address>0xaf81</run_address>
         <size>0x300</size>
         <input_file_ref idref="fl-c4"/>
      </object_component>
      <object_component id="oc-2ca">
         <name>.debug_info</name>
         <load_address>0xb281</load_address>
         <run_address>0xb281</run_address>
         <size>0x19c</size>
         <input_file_ref idref="fl-c4"/>
      </object_component>
      <object_component id="oc-36d">
         <name>.debug_info</name>
         <load_address>0xb41d</load_address>
         <run_address>0xb41d</run_address>
         <size>0xbf</size>
         <input_file_ref idref="fl-c4"/>
      </object_component>
      <object_component id="oc-36c">
         <name>.debug_info</name>
         <load_address>0xb4dc</load_address>
         <run_address>0xb4dc</run_address>
         <size>0x374</size>
         <input_file_ref idref="fl-c5"/>
      </object_component>
      <object_component id="oc-321">
         <name>.debug_info</name>
         <load_address>0xb850</load_address>
         <run_address>0xb850</run_address>
         <size>0x20b</size>
         <input_file_ref idref="fl-c5"/>
      </object_component>
      <object_component id="oc-2f8">
         <name>.debug_info</name>
         <load_address>0xba5b</load_address>
         <run_address>0xba5b</run_address>
         <size>0x295</size>
         <input_file_ref idref="fl-c6"/>
      </object_component>
      <object_component id="oc-298">
         <name>.debug_info</name>
         <load_address>0xbcf0</load_address>
         <run_address>0xbcf0</run_address>
         <size>0x195</size>
         <input_file_ref idref="fl-c6"/>
      </object_component>
      <object_component id="oc-347">
         <name>.debug_info</name>
         <load_address>0xbe85</load_address>
         <run_address>0xbe85</run_address>
         <size>0x39</size>
         <input_file_ref idref="fl-c6"/>
      </object_component>
      <object_component id="oc-2f9">
         <name>.debug_info</name>
         <load_address>0xbebe</load_address>
         <run_address>0xbebe</run_address>
         <size>0x2c</size>
         <input_file_ref idref="fl-c6"/>
      </object_component>
      <object_component id="oc-305">
         <name>.debug_info</name>
         <load_address>0xbeea</load_address>
         <run_address>0xbeea</run_address>
         <size>0x2f8</size>
         <input_file_ref idref="fl-c7"/>
      </object_component>
      <object_component id="oc-29f">
         <name>.debug_info</name>
         <load_address>0xc1e2</load_address>
         <run_address>0xc1e2</run_address>
         <size>0x225</size>
         <input_file_ref idref="fl-c7"/>
      </object_component>
      <object_component id="oc-2b2">
         <name>.debug_info</name>
         <load_address>0xc407</load_address>
         <run_address>0xc407</run_address>
         <size>0x28f</size>
         <input_file_ref idref="fl-c8"/>
      </object_component>
      <object_component id="oc-202">
         <name>.debug_info</name>
         <load_address>0xc696</load_address>
         <run_address>0xc696</run_address>
         <size>0x15a</size>
         <input_file_ref idref="fl-c8"/>
      </object_component>
      <object_component id="oc-30a">
         <name>.debug_info</name>
         <load_address>0xc7f0</load_address>
         <run_address>0xc7f0</run_address>
         <size>0x46</size>
         <input_file_ref idref="fl-c8"/>
      </object_component>
      <object_component id="oc-2ad">
         <name>.debug_info</name>
         <load_address>0xc836</load_address>
         <run_address>0xc836</run_address>
         <size>0x39</size>
         <input_file_ref idref="fl-c8"/>
      </object_component>
      <object_component id="oc-278">
         <name>.debug_info</name>
         <load_address>0xc86f</load_address>
         <run_address>0xc86f</run_address>
         <size>0x14c</size>
         <input_file_ref idref="fl-c9"/>
      </object_component>
      <object_component id="oc-1df">
         <name>.debug_info</name>
         <load_address>0xc9bb</load_address>
         <run_address>0xc9bb</run_address>
         <size>0x128</size>
         <input_file_ref idref="fl-ca"/>
      </object_component>
      <object_component id="oc-263">
         <name>.debug_info</name>
         <load_address>0xcae3</load_address>
         <run_address>0xcae3</run_address>
         <size>0x12a</size>
         <input_file_ref idref="fl-ca"/>
      </object_component>
      <object_component id="oc-25e">
         <name>.debug_info</name>
         <load_address>0xcc0d</load_address>
         <run_address>0xcc0d</run_address>
         <size>0x13a</size>
         <input_file_ref idref="fl-cb"/>
      </object_component>
      <object_component id="oc-259">
         <name>.debug_info</name>
         <load_address>0xcd47</load_address>
         <run_address>0xcd47</run_address>
         <size>0x13a</size>
         <input_file_ref idref="fl-cc"/>
      </object_component>
      <object_component id="oc-268">
         <name>.debug_info</name>
         <load_address>0xce81</load_address>
         <run_address>0xce81</run_address>
         <size>0x12e</size>
         <input_file_ref idref="fl-cd"/>
      </object_component>
      <object_component id="oc-273">
         <name>.debug_info</name>
         <load_address>0xcfaf</load_address>
         <run_address>0xcfaf</run_address>
         <size>0x12c</size>
         <input_file_ref idref="fl-ce"/>
      </object_component>
      <object_component id="oc-3b">
         <name>.debug_info</name>
         <load_address>0xd0db</load_address>
         <run_address>0xd0db</run_address>
         <size>0x119</size>
         <input_file_ref idref="fl-cf"/>
      </object_component>
      <object_component id="oc-252">
         <name>.debug_info</name>
         <load_address>0xd1f4</load_address>
         <run_address>0xd1f4</run_address>
         <size>0x134</size>
         <input_file_ref idref="fl-d0"/>
      </object_component>
      <object_component id="oc-8f">
         <name>.debug_info</name>
         <load_address>0xd328</load_address>
         <run_address>0xd328</run_address>
         <size>0x147</size>
         <input_file_ref idref="fl-d1"/>
      </object_component>
      <object_component id="oc-8d">
         <name>.debug_info</name>
         <load_address>0xd46f</load_address>
         <run_address>0xd46f</run_address>
         <size>0x2d4</size>
         <input_file_ref idref="fl-d2"/>
      </object_component>
      <object_component id="oc-47">
         <name>.debug_info</name>
         <load_address>0xd743</load_address>
         <run_address>0xd743</run_address>
         <size>0x1d2</size>
         <input_file_ref idref="fl-d2"/>
      </object_component>
      <object_component id="oc-88">
         <name>.debug_info</name>
         <load_address>0xd915</load_address>
         <run_address>0xd915</run_address>
         <size>0x46</size>
         <input_file_ref idref="fl-d2"/>
      </object_component>
      <object_component id="oc-45">
         <name>.debug_info</name>
         <load_address>0xd95b</load_address>
         <run_address>0xd95b</run_address>
         <size>0x2a8</size>
         <input_file_ref idref="fl-d3"/>
      </object_component>
      <object_component id="oc-1e">
         <name>.debug_info</name>
         <load_address>0xdc03</load_address>
         <run_address>0xdc03</run_address>
         <size>0x1ea</size>
         <input_file_ref idref="fl-d3"/>
      </object_component>
      <object_component id="oc-40">
         <name>.debug_info</name>
         <load_address>0xdded</load_address>
         <run_address>0xdded</run_address>
         <size>0x46</size>
         <input_file_ref idref="fl-d3"/>
      </object_component>
      <object_component id="oc-80">
         <name>.debug_info</name>
         <load_address>0xde33</load_address>
         <run_address>0xde33</run_address>
         <size>0x2c</size>
         <input_file_ref idref="fl-d3"/>
      </object_component>
      <object_component id="oc-7e">
         <name>.debug_info</name>
         <load_address>0xde5f</load_address>
         <run_address>0xde5f</run_address>
         <size>0x29e</size>
         <input_file_ref idref="fl-d4"/>
      </object_component>
      <object_component id="oc-18">
         <name>.debug_info</name>
         <load_address>0xe0fd</load_address>
         <run_address>0xe0fd</run_address>
         <size>0x250</size>
         <input_file_ref idref="fl-d4"/>
      </object_component>
      <object_component id="oc-30">
         <name>.debug_info</name>
         <load_address>0xe34d</load_address>
         <run_address>0xe34d</run_address>
         <size>0x60</size>
         <input_file_ref idref="fl-d4"/>
      </object_component>
      <object_component id="oc-c6">
         <name>.debug_info</name>
         <load_address>0xe3ad</load_address>
         <run_address>0xe3ad</run_address>
         <size>0x46</size>
         <input_file_ref idref="fl-d4"/>
      </object_component>
      <object_component id="oc-79">
         <name>.debug_info</name>
         <load_address>0xe3f3</load_address>
         <run_address>0xe3f3</run_address>
         <size>0x39</size>
         <input_file_ref idref="fl-d4"/>
      </object_component>
      <object_component id="oc-15d">
         <name>.debug_info</name>
         <load_address>0xe42c</load_address>
         <run_address>0xe42c</run_address>
         <size>0x3ad</size>
         <input_file_ref idref="fl-d5"/>
      </object_component>
      <object_component id="oc-157">
         <name>.debug_info</name>
         <load_address>0xe7d9</load_address>
         <run_address>0xe7d9</run_address>
         <size>0x190</size>
         <input_file_ref idref="fl-d5"/>
      </object_component>
      <object_component id="oc-ed">
         <name>.debug_info</name>
         <load_address>0xe969</load_address>
         <run_address>0xe969</run_address>
         <size>0x122</size>
         <input_file_ref idref="fl-d5"/>
      </object_component>
      <object_component id="oc-f3">
         <name>.debug_info</name>
         <load_address>0xea8b</load_address>
         <run_address>0xea8b</run_address>
         <size>0x184</size>
         <input_file_ref idref="fl-d5"/>
      </object_component>
      <object_component id="oc-1b5">
         <name>.debug_info</name>
         <load_address>0xec0f</load_address>
         <run_address>0xec0f</run_address>
         <size>0x2c9</size>
         <input_file_ref idref="fl-d6"/>
      </object_component>
      <object_component id="oc-15a">
         <name>.debug_info</name>
         <load_address>0xeed8</load_address>
         <run_address>0xeed8</run_address>
         <size>0x11e</size>
         <input_file_ref idref="fl-d6"/>
      </object_component>
      <object_component id="oc-1b1">
         <name>.debug_info</name>
         <load_address>0xeff6</load_address>
         <run_address>0xeff6</run_address>
         <size>0x12e</size>
         <input_file_ref idref="fl-d6"/>
      </object_component>
      <object_component id="oc-2f0">
         <name>.debug_info</name>
         <load_address>0xf124</load_address>
         <run_address>0xf124</run_address>
         <size>0x29c</size>
         <input_file_ref idref="fl-d7"/>
      </object_component>
      <object_component id="oc-26d">
         <name>.debug_info</name>
         <load_address>0xf3c0</load_address>
         <run_address>0xf3c0</run_address>
         <size>0x1da</size>
         <input_file_ref idref="fl-d7"/>
      </object_component>
      <object_component id="oc-250">
         <name>.debug_info</name>
         <load_address>0xf59a</load_address>
         <run_address>0xf59a</run_address>
         <size>0x2b9</size>
         <input_file_ref idref="fl-d8"/>
      </object_component>
      <object_component id="oc-1d3">
         <name>.debug_info</name>
         <load_address>0xf853</load_address>
         <run_address>0xf853</run_address>
         <size>0x17c</size>
         <input_file_ref idref="fl-d8"/>
      </object_component>
      <object_component id="oc-2e2">
         <name>.debug_info</name>
         <load_address>0xf9cf</load_address>
         <run_address>0xf9cf</run_address>
         <size>0xf9</size>
         <input_file_ref idref="fl-d9"/>
      </object_component>
      <object_component id="oc-24d">
         <name>.debug_info</name>
         <load_address>0xfac8</load_address>
         <run_address>0xfac8</run_address>
         <size>0x105</size>
         <input_file_ref idref="fl-d9"/>
      </object_component>
      <object_component id="oc-1a9">
         <name>.debug_info</name>
         <load_address>0xfbcd</load_address>
         <run_address>0xfbcd</run_address>
         <size>0x144</size>
         <input_file_ref idref="fl-da"/>
      </object_component>
      <object_component id="oc-144">
         <name>.debug_info</name>
         <load_address>0xfd11</load_address>
         <run_address>0xfd11</run_address>
         <size>0x102</size>
         <input_file_ref idref="fl-da"/>
      </object_component>
      <object_component id="oc-1a3">
         <name>.debug_info</name>
         <load_address>0xfe13</load_address>
         <run_address>0xfe13</run_address>
         <size>0x18f</size>
         <input_file_ref idref="fl-da"/>
      </object_component>
      <object_component id="oc-2ab">
         <name>.debug_info</name>
         <load_address>0xffa2</load_address>
         <run_address>0xffa2</run_address>
         <size>0x2a7</size>
         <input_file_ref idref="fl-db"/>
      </object_component>
      <object_component id="oc-1fc">
         <name>.debug_info</name>
         <load_address>0x10249</load_address>
         <run_address>0x10249</run_address>
         <size>0x1b8</size>
         <input_file_ref idref="fl-db"/>
      </object_component>
      <object_component id="oc-329">
         <name>.debug_info</name>
         <load_address>0x10401</load_address>
         <run_address>0x10401</run_address>
         <size>0x2a5</size>
         <input_file_ref idref="fl-dc"/>
      </object_component>
      <object_component id="oc-2d0">
         <name>.debug_info</name>
         <load_address>0x106a6</load_address>
         <run_address>0x106a6</run_address>
         <size>0x25d</size>
         <input_file_ref idref="fl-dc"/>
      </object_component>
      <object_component id="oc-75">
         <name>.debug_info</name>
         <load_address>0x10903</load_address>
         <run_address>0x10903</run_address>
         <size>0x3b2</size>
         <input_file_ref idref="fl-dd"/>
      </object_component>
      <object_component id="oc-2a">
         <name>.debug_info</name>
         <load_address>0x10cb5</load_address>
         <run_address>0x10cb5</run_address>
         <size>0x10c</size>
         <input_file_ref idref="fl-dd"/>
      </object_component>
      <object_component id="oc-3ea">
         <name>.debug_info</name>
         <load_address>0x10dc1</load_address>
         <run_address>0x10dc1</run_address>
         <size>0x13f</size>
         <input_file_ref idref="fl-dd"/>
      </object_component>
      <object_component id="oc-360">
         <name>.debug_info</name>
         <load_address>0x10f00</load_address>
         <run_address>0x10f00</run_address>
         <size>0x168</size>
         <input_file_ref idref="fl-dd"/>
      </object_component>
      <object_component id="oc-3a9">
         <name>.debug_info</name>
         <load_address>0x11068</load_address>
         <run_address>0x11068</run_address>
         <size>0x18e</size>
         <input_file_ref idref="fl-dd"/>
      </object_component>
      <object_component id="oc-3af">
         <name>.debug_info</name>
         <load_address>0x111f6</load_address>
         <run_address>0x111f6</run_address>
         <size>0x19f</size>
         <input_file_ref idref="fl-dd"/>
      </object_component>
      <object_component id="oc-35a">
         <name>.debug_info</name>
         <load_address>0x11395</load_address>
         <run_address>0x11395</run_address>
         <size>0x203</size>
         <input_file_ref idref="fl-dd"/>
      </object_component>
      <object_component id="oc-3ef">
         <name>.debug_info</name>
         <load_address>0x11598</load_address>
         <run_address>0x11598</run_address>
         <size>0x1db</size>
         <input_file_ref idref="fl-dd"/>
      </object_component>
      <object_component id="oc-3b6">
         <name>.debug_info</name>
         <load_address>0x11773</load_address>
         <run_address>0x11773</run_address>
         <size>0x299</size>
         <input_file_ref idref="fl-dd"/>
      </object_component>
      <object_component id="oc-c1">
         <name>.debug_info</name>
         <load_address>0x11a0c</load_address>
         <run_address>0x11a0c</run_address>
         <size>0xb2</size>
         <input_file_ref idref="fl-dd"/>
      </object_component>
      <object_component id="oc-bc">
         <name>.debug_info</name>
         <load_address>0x11abe</load_address>
         <run_address>0x11abe</run_address>
         <size>0x2c</size>
         <input_file_ref idref="fl-dd"/>
      </object_component>
      <object_component id="oc-307">
         <name>.debug_info</name>
         <load_address>0x11aea</load_address>
         <run_address>0x11aea</run_address>
         <size>0x29a</size>
         <input_file_ref idref="fl-de"/>
      </object_component>
      <object_component id="oc-2a4">
         <name>.debug_info</name>
         <load_address>0x11d84</load_address>
         <run_address>0x11d84</run_address>
         <size>0x262</size>
         <input_file_ref idref="fl-de"/>
      </object_component>
      <object_component id="oc-24b">
         <name>.debug_info</name>
         <load_address>0x11fe6</load_address>
         <run_address>0x11fe6</run_address>
         <size>0x28f</size>
         <input_file_ref idref="fl-df"/>
      </object_component>
      <object_component id="oc-1cd">
         <name>.debug_info</name>
         <load_address>0x12275</load_address>
         <run_address>0x12275</run_address>
         <size>0x245</size>
         <input_file_ref idref="fl-df"/>
      </object_component>
      <object_component id="oc-2b7">
         <name>.debug_info</name>
         <load_address>0x124ba</load_address>
         <run_address>0x124ba</run_address>
         <size>0x289</size>
         <input_file_ref idref="fl-e0"/>
      </object_component>
      <object_component id="oc-2b4">
         <name>.debug_info</name>
         <load_address>0x12743</load_address>
         <run_address>0x12743</run_address>
         <size>0x10e</size>
         <input_file_ref idref="fl-e0"/>
      </object_component>
      <object_component id="oc-208">
         <name>.debug_info</name>
         <load_address>0x12851</load_address>
         <run_address>0x12851</run_address>
         <size>0x14e</size>
         <input_file_ref idref="fl-e0"/>
      </object_component>
      <object_component id="oc-2d">
         <name>.debug_info</name>
         <load_address>0x1299f</load_address>
         <run_address>0x1299f</run_address>
         <size>0x10b</size>
         <input_file_ref idref="fl-e1"/>
      </object_component>
      <object_component id="oc-59">
         <name>.debug_info</name>
         <load_address>0x12aaa</load_address>
         <run_address>0x12aaa</run_address>
         <size>0x1a9</size>
         <input_file_ref idref="fl-e1"/>
      </object_component>
      <object_component id="oc-2dd">
         <name>.debug_info</name>
         <load_address>0x12c53</load_address>
         <run_address>0x12c53</run_address>
         <size>0x397</size>
         <input_file_ref idref="fl-e2"/>
      </object_component>
      <object_component id="oc-22f">
         <name>.debug_info</name>
         <load_address>0x12fea</load_address>
         <run_address>0x12fea</run_address>
         <size>0x18f</size>
         <input_file_ref idref="fl-e2"/>
      </object_component>
      <object_component id="oc-336">
         <name>.debug_info</name>
         <load_address>0x13179</load_address>
         <run_address>0x13179</run_address>
         <size>0x120</size>
         <input_file_ref idref="fl-e2"/>
      </object_component>
      <object_component id="oc-33b">
         <name>.debug_info</name>
         <load_address>0x13299</load_address>
         <run_address>0x13299</run_address>
         <size>0x2c</size>
         <input_file_ref idref="fl-e2"/>
      </object_component>
      <object_component id="oc-333">
         <name>.debug_info</name>
         <load_address>0x132c5</load_address>
         <run_address>0x132c5</run_address>
         <size>0x337</size>
         <input_file_ref idref="fl-e3"/>
      </object_component>
      <object_component id="oc-32f">
         <name>.debug_info</name>
         <load_address>0x135fc</load_address>
         <run_address>0x135fc</run_address>
         <size>0x109</size>
         <input_file_ref idref="fl-e3"/>
      </object_component>
      <object_component id="oc-2da">
         <name>.debug_info</name>
         <load_address>0x13705</load_address>
         <run_address>0x13705</run_address>
         <size>0x109</size>
         <input_file_ref idref="fl-e3"/>
      </object_component>
      <object_component id="oc-367">
         <name>.debug_info</name>
         <load_address>0x1380e</load_address>
         <run_address>0x1380e</run_address>
         <size>0x176</size>
         <input_file_ref idref="fl-e4"/>
      </object_component>
      <object_component id="oc-358">
         <name>.debug_info</name>
         <load_address>0x13984</load_address>
         <run_address>0x13984</run_address>
         <size>0x324</size>
         <input_file_ref idref="fl-e5"/>
      </object_component>
      <object_component id="oc-31b">
         <name>.debug_info</name>
         <load_address>0x13ca8</load_address>
         <run_address>0x13ca8</run_address>
         <size>0x1ec</size>
         <input_file_ref idref="fl-e5"/>
      </object_component>
      <object_component id="oc-2ff">
         <name>.debug_info</name>
         <load_address>0x13e94</load_address>
[...]
      </symbol>
      <symbol id="sm-39b">
         <name>ldexp</name>
         <value>0x1b61</value>
         <object_component_ref idref="oc-29d"/>
      </symbol>
      <symbol id="sm-3b4">
         <name>wcslen</name>
         <value>0x31a5</value>
         <object_component_ref idref="oc-201"/>
      </symbol>
      <symbol id="sm-3cb">
         <name>__aeabi_dsub</name>
         <value>0x14fd</value>
         <object_component_ref idref="oc-277"/>
      </symbol>
      <symbol id="sm-3cc">
         <name>__aeabi_dadd</name>
         <value>0x1507</value>
         <object_component_ref idref="oc-277"/>
      </symbol>
      <symbol id="sm-3ee">
         <name>__aeabi_cdcmpeq</name>
         <value>0x2331</value>
         <object_component_ref idref="oc-1de"/>
      </symbol>
      <symbol id="sm-3ef">
         <name>__aeabi_cdcmple</name>
         <value>0x2331</value>
         <object_component_ref idref="oc-1de"/>
      </symbol>
      <symbol id="sm-3f0">
         <name>__aeabi_cdrcmple</name>
         <value>0x23b7</value>
         <object_component_ref idref="oc-262"/>
      </symbol>
      <symbol id="sm-404">
         <name>__aeabi_ddiv</name>
         <value>0x17f1</value>
         <object_component_ref idref="oc-25d"/>
      </symbol>
      <symbol id="sm-40f">
         <name>__aeabi_dmul</name>
         <value>0x1d71</value>
         <object_component_ref idref="oc-258"/>
      </symbol>
      <symbol id="sm-419">
         <name>__aeabi_d2iz</name>
         <value>0x2d19</value>
         <object_component_ref idref="oc-267"/>
      </symbol>
      <symbol id="sm-423">
         <name>__aeabi_i2d</name>
         <value>0x2fed</value>
         <object_component_ref idref="oc-272"/>
      </symbol>
      <symbol id="sm-43e">
         <name>memcpy</name>
         <value>0x20df</value>
         <object_component_ref idref="oc-3a"/>
      </symbol>
      <symbol id="sm-43f">
         <name>__aeabi_memcpy</name>
         <value>0x20df</value>
         <object_component_ref idref="oc-3a"/>
      </symbol>
      <symbol id="sm-440">
         <name>__aeabi_memcpy8</name>
         <value>0x20df</value>
         <object_component_ref idref="oc-3a"/>
      </symbol>
      <symbol id="sm-441">
         <name>__aeabi_memcpy4</name>
         <value>0x20df</value>
         <object_component_ref idref="oc-3a"/>
      </symbol>
      <symbol id="sm-44e">
         <name>__aeabi_uldivmod</name>
         <value>0x217b</value>
         <object_component_ref idref="oc-251"/>
      </symbol>
      <symbol id="sm-45d">
         <name>__aeabi_memset</name>
         <value>0x24bb</value>
         <object_component_ref idref="oc-8e"/>
      </symbol>
      <symbol id="sm-45e">
         <name>memset</name>
         <value>0x24c1</value>
         <object_component_ref idref="oc-8e"/>
      </symbol>
      <symbol id="sm-45f">
         <name>__aeabi_memset8</name>
         <value>0x24bb</value>
         <object_component_ref idref="oc-8e"/>
      </symbol>
      <symbol id="sm-460">
         <name>__aeabi_memset4</name>
         <value>0x24bb</value>
         <object_component_ref idref="oc-8e"/>
      </symbol>
      <symbol id="sm-461">
         <name>__aeabi_memclr8</name>
         <value>0x24b9</value>
         <object_component_ref idref="oc-8e"/>
      </symbol>
      <symbol id="sm-462">
         <name>__aeabi_memclr4</name>
         <value>0x24b9</value>
         <object_component_ref idref="oc-8e"/>
      </symbol>
      <symbol id="sm-463">
         <name>__aeabi_memclr</name>
         <value>0x24b9</value>
         <object_component_ref idref="oc-8e"/>
      </symbol>
      <symbol id="sm-477">
         <name>__TI_zero_init_nomemset</name>
         <value>0x30e1</value>
         <object_component_ref idref="oc-46"/>
      </symbol>
      <symbol id="sm-48e">
         <name>__TI_decompress_none</name>
         <value>0x31b7</value>
         <object_component_ref idref="oc-1d"/>
      </symbol>
      <symbol id="sm-4b1">
         <name>__TI_decompress_lzss</name>
         <value>0x27d5</value>
         <object_component_ref idref="oc-17"/>
      </symbol>
      <symbol id="sm-4d7">
         <name>C$$EXIT</name>
         <value>0x31f1</value>
         <object_component_ref idref="oc-e9"/>
      </symbol>
      <symbol id="sm-4d8">
         <name>abort</name>
         <value>0x31f1</value>
         <object_component_ref idref="oc-e9"/>
      </symbol>
      <symbol id="sm-4d9">
         <name>__TI_dtors_ptr</name>
         <value>0x200005dc</value>
         <object_component_ref idref="oc-156"/>
      </symbol>
      <symbol id="sm-4da">
         <name>__TI_cleanup_ptr</name>
         <value>0x200005d8</value>
         <object_component_ref idref="oc-156"/>
      </symbol>
      <symbol id="sm-4db">
         <name>__TI_enable_exit_profile_output</name>
         <value>0x200005e0</value>
         <object_component_ref idref="oc-156"/>
      </symbol>
      <symbol id="sm-4dc">
         <name>exit</name>
         <value>0x2cd1</value>
         <object_component_ref idref="oc-ef"/>
      </symbol>
      <symbol id="sm-4f1">
         <name>_nop</name>
         <value>0xb33</value>
         <object_component_ref idref="oc-1ad"/>
      </symbol>
      <symbol id="sm-4f2">
         <name>_lock</name>
         <value>0x200005e4</value>
         <object_component_ref idref="oc-159"/>
      </symbol>
      <symbol id="sm-4f3">
         <name>_unlock</name>
         <value>0x200005e8</value>
         <object_component_ref idref="oc-159"/>
      </symbol>
      <symbol id="sm-502">
         <name>__TI_ltoa</name>
         <value>0x2b93</value>
         <object_component_ref idref="oc-26c"/>
      </symbol>
      <symbol id="sm-518">
         <name>atoi</name>
         <value>0x2c85</value>
         <object_component_ref idref="oc-1d2"/>
      </symbol>
      <symbol id="sm-523">
         <name>_ctypes_</name>
         <value>0x31f4</value>
         <object_component_ref idref="oc-24c"/>
      </symbol>
      <symbol id="sm-538">
         <name>__TI_tmpnams</name>
         <value>0x2000071c</value>
      </symbol>
      <symbol id="sm-539">
         <name>__aeabi_stdout</name>
         <value>0x200005d0</value>
         <object_component_ref idref="oc-1a2"/>
      </symbol>
      <symbol id="sm-53a">
         <name>__aeabi_stderr</name>
         <value>0x200005d4</value>
         <object_component_ref idref="oc-1a2"/>
      </symbol>
      <symbol id="sm-53b">
         <name>__aeabi_stdin</name>
         <value>0x200005cc</value>
         <object_component_ref idref="oc-1a2"/>
      </symbol>
      <symbol id="sm-53c">
         <name>_ftable</name>
         <value>0x20000400</value>
         <object_component_ref idref="oc-143"/>
      </symbol>
      <symbol id="sm-53d">
         <name>__TI_ft_end</name>
         <value>0x200005c8</value>
         <object_component_ref idref="oc-1a2"/>
      </symbol>
      <symbol id="sm-54d">
         <name>memccpy</name>
         <value>0x3119</value>
         <object_component_ref idref="oc-1fb"/>
      </symbol>
      <symbol id="sm-55d">
         <name>memchr</name>
         <value>0x30c1</value>
         <object_component_ref idref="oc-2cf"/>
      </symbol>
      <symbol id="sm-5e6">
         <name>_sys_memory</name>
         <value>0x20000000</value>
         <object_component_ref idref="oc-29"/>
      </symbol>
      <symbol id="sm-5e7">
         <name>free</name>
         <value>0x1e6d</value>
         <object_component_ref idref="oc-359"/>
      </symbol>
      <symbol id="sm-5e8">
         <name>memalign</name>
         <value>0x1c71</value>
         <object_component_ref idref="oc-3b5"/>
      </symbol>
      <symbol id="sm-5e9">
         <name>malloc</name>
         <value>0x31dd</value>
         <object_component_ref idref="oc-35f"/>
      </symbol>
      <symbol id="sm-5ea">
         <name>aligned_alloc</name>
         <value>0x1c71</value>
         <object_component_ref idref="oc-3b5"/>
      </symbol>
      <symbol id="sm-5fa">
         <name>strchr</name>
         <value>0x3167</value>
         <object_component_ref idref="oc-2a3"/>
      </symbol>
      <symbol id="sm-608">
         <name>strlen</name>
         <value>0x3191</value>
         <object_component_ref idref="oc-1cc"/>
      </symbol>
      <symbol id="sm-61e">
         <name>__aeabi_errno_addr</name>
         <value>0x31d5</value>
         <object_component_ref idref="oc-207"/>
      </symbol>
      <symbol id="sm-61f">
         <name>errno</name>
         <value>0x200005f4</value>
         <object_component_ref idref="oc-2b3"/>
      </symbol>
      <symbol id="sm-632">
         <name>__stack</name>
         <value>0x2000fe00</value>
         <object_component_ref idref="oc-2c"/>
      </symbol>
      <symbol id="sm-633">
         <name>_c_int00_noargs</name>
         <value>0x2f89</value>
         <object_component_ref idref="oc-58"/>
      </symbol>
      <symbol id="sm-64d">
         <name>write</name>
         <value>0x3099</value>
         <object_component_ref idref="oc-22e"/>
      </symbol>
      <symbol id="sm-65e">
         <name>_stream</name>
         <value>0x20000568</value>
         <object_component_ref idref="oc-2d9"/>
      </symbol>
      <symbol id="sm-65f">
         <name>_device</name>
         <value>0x200004f0</value>
         <object_component_ref idref="oc-32e"/>
      </symbol>
      <symbol id="sm-66f">
         <name>__TI_cleanup</name>
         <value>0x2f21</value>
         <object_component_ref idref="oc-365"/>
      </symbol>
      <symbol id="sm-681">
         <name>fseek</name>
         <value>0x2909</value>
         <object_component_ref idref="oc-31a"/>
      </symbol>
      <symbol id="sm-68b">
         <name>copysign</name>
         <value>0x3135</value>
         <object_component_ref idref="oc-2fe"/>
      </symbol>
      <symbol id="sm-68c">
         <name>copysignl</name>
         <value>0x3135</value>
         <object_component_ref idref="oc-2fe"/>
      </symbol>
      <symbol id="sm-696">
         <name>__aeabi_idiv0</name>
         <value>0x16b3</value>
         <object_component_ref idref="oc-2e5"/>
      </symbol>
      <symbol id="sm-697">
         <name>__aeabi_ldiv0</name>
         <value>0x16b3</value>
         <object_component_ref idref="oc-2e5"/>
      </symbol>
      <symbol id="sm-6bf">
         <name>__TI_auto_init_nobinit_nopinit</name>
         <value>0x2de9</value>
         <object_component_ref idref="oc-f5"/>
      </symbol>
      <symbol id="sm-6c9">
         <name>_system_pre_init</name>
         <value>0x31ed</value>
         <object_component_ref idref="oc-94"/>
      </symbol>
      <symbol id="sm-6dc">
         <name>HOSTclose</name>
         <value>0x2d61</value>
         <object_component_ref idref="oc-37c"/>
      </symbol>
      <symbol id="sm-6ed">
         <name>HOSTlseek</name>
         <value>0x276d</value>
         <object_component_ref idref="oc-38e"/>
      </symbol>
      <symbol id="sm-6ff">
         <name>parmbuf</name>
         <value>0x200007bc</value>
      </symbol>
      <symbol id="sm-700">
         <name>HOSTopen</name>
         <value>0x29d1</value>
         <object_component_ref idref="oc-376"/>
      </symbol>
      <symbol id="sm-711">
         <name>HOSTread</name>
         <value>0x2a8d</value>
         <object_component_ref idref="oc-382"/>
      </symbol>
      <symbol id="sm-722">
         <name>HOSTrename</name>
         <value>0x2701</value>
         <object_component_ref idref="oc-39a"/>
      </symbol>
      <symbol id="sm-733">
         <name>HOSTunlink</name>
         <value>0x2da5</value>
         <object_component_ref idref="oc-394"/>
      </symbol>
      <symbol id="sm-744">
         <name>HOSTwrite</name>
         <value>0x2ae5</value>
         <object_component_ref idref="oc-388"/>
      </symbol>
      <symbol id="sm-768">
         <name>__TI_readmsg</name>
         <value>0x2f55</value>
         <object_component_ref idref="oc-3cb"/>
      </symbol>
      <symbol id="sm-769">
         <name>C$$IO$$</name>
         <value>0x2edf</value>
         <object_component_ref idref="oc-3c5"/>
      </symbol>
      <symbol id="sm-76a">
         <name>__CIOBUF_</name>
         <value>0x200005fc</value>
         <object_component_ref idref="oc-404"/>
      </symbol>
      <symbol id="sm-76b">
         <name>__TI_writemsg</name>
         <value>0x2eb1</value>
         <object_component_ref idref="oc-3c5"/>
      </symbol>
      <symbol id="sm-77c">
         <name>lseek</name>
         <value>0x3071</value>
         <object_component_ref idref="oc-351"/>
      </symbol>
      <symbol id="sm-791">
         <name>__TI_closefile</name>
         <value>0x25ad</value>
         <object_component_ref idref="oc-3bc"/>
      </symbol>
      <symbol id="sm-7b4">
         <name>finddevice</name>
         <value>0x2fbd</value>
         <object_component_ref idref="oc-437"/>
      </symbol>
      <symbol id="sm-7b5">
         <name>getdevice</name>
         <value>0x2e2d</value>
         <object_component_ref idref="oc-41f"/>
      </symbol>
      <symbol id="sm-7c4">
         <name>strcmp</name>
         <value>0x314f</value>
         <object_component_ref idref="oc-448"/>
      </symbol>
      <symbol id="sm-7d2">
         <name>strcpy</name>
         <value>0x317d</value>
         <object_component_ref idref="oc-3df"/>
      </symbol>
      <symbol id="sm-7e2">
         <name>strncpy</name>
         <value>0x2ee9</value>
         <object_component_ref idref="oc-431"/>
      </symbol>
      <symbol id="sm-7f7">
         <name>close</name>
         <value>0x2a31</value>
         <object_component_ref idref="oc-3f5"/>
      </symbol>
      <symbol id="sm-807">
         <name>unlink</name>
         <value>0x301d</value>
         <object_component_ref idref="oc-3fb"/>
      </symbol>
      <symbol id="sm-808">
         <name>__TI_static_base__</name>
         <value>0x0</value>
      </symbol>
      <symbol id="sm-80b">
         <name>__mpu_init</name>
         <value>0x0</value>
      </symbol>
      <symbol id="sm-80c">
         <name>_system_post_cinit</name>
         <value>0x0</value>
      </symbol>
      <symbol id="sm-80d">
         <name>NMI_Handler</name>
         <value>0x31d1</value>
      </symbol>
      <symbol id="sm-80e">
         <name>HardFault_Handler</name>
         <value>0x31d1</value>
      </symbol>
      <symbol id="sm-80f">
         <name>MemManage_Handler</name>
         <value>0x31d1</value>
      </symbol>
      <symbol id="sm-810">
         <name>BusFault_Handler</name>
         <value>0x31d1</value>
      </symbol>
      <symbol id="sm-811">
         <name>UsageFault_Handler</name>
         <value>0x31d1</value>
      </symbol>
      <symbol id="sm-812">
         <name>SVC_Handler</name>
         <value>0x31d1</value>
      </symbol>
      <symbol id="sm-813">
         <name>DebugMon_Handler</name>
         <value>0x31d1</value>
      </symbol>
      <symbol id="sm-814">
         <name>PendSV_Handler</name>
         <value>0x31d1</value>
      </symbol>
      <symbol id="sm-815">
         <name>SysTick_Handler</name>
         <value>0x31d1</value>
      </symbol>
      <symbol id="sm-816">
         <name>PSS_IRQHandler</name>
         <value>0x31d1</value>
      </symbol>
      <symbol id="sm-817">
         <name>CS_IRQHandler</name>
         <value>0x31d1</value>
      </symbol>
      <symbol id="sm-818">
         <name>PCM_IRQHandler</name>
         <value>0x31d1</value>
      </symbol>
      <symbol id="sm-819">
         <name>WDT_A_IRQHandler</name>
         <value>0x31d1</value>
      </symbol>
      <symbol id="sm-81a">
         <name>FPU_IRQHandler</name>
         <value>0x31d1</value>
      </symbol>
      <symbol id="sm-81b">
         <name>FLCTL_IRQHandler</name>
         <value>0x31d1</value>
      </symbol>
      <symbol id="sm-81c">
         <name>COMP_E0_IRQHandler</name>
         <value>0x31d1</value>
      </symbol>
      <symbol id="sm-81d">
         <name>COMP_E1_IRQHandler</name>
         <value>0x31d1</value>
      </symbol>
      <symbol id="sm-81e">
         <name>TA0_0_IRQHandler</name>
         <value>0x31d1</value>
      </symbol>
      <symbol id="sm-81f">
         <name>TA0_N_IRQHandler</name>
         <value>0x31d1</value>
      </symbol>
      <symbol id="sm-820">
         <name>TA1_0_IRQHandler</name>
         <value>0x31d1</value>
      </symbol>
      <symbol id="sm-821">
         <name>TA1_N_IRQHandler</name>
         <value>0x31d1</value>
      </symbol>
      <symbol id="sm-822">
         <name>TA2_0_IRQHandler</name>
         <value>0x31d1</value>
      </symbol>
      <symbol id="sm-823">
         <name>TA2_N_IRQHandler</name>
         <value>0x31d1</value>
      </symbol>
      <symbol id="sm-824">
         <name>TA3_0_IRQHandler</name>
         <value>0x31d1</value>
      </symbol>
      <symbol id="sm-825">
         <name>TA3_N_IRQHandler</name>
         <value>0x31d1</value>
      </symbol>
      <symbol id="sm-826">
         <name>EUSCIA0_IRQHandler</name>
         <value>0x31d1</value>
      </symbol>
      <symbol id="sm-827">
         <name>EUSCIA1_IRQHandler</name>
         <value>0x31d1</value>
      </symbol>
      <symbol id="sm-828">
         <name>EUSCIA2_IRQHandler</name>
         <value>0x31d1</value>
      </symbol>
      <symbol id="sm-829">
         <name>EUSCIA3_IRQHandler</name>
         <value>0x31d1</value>
      </symbol>
      <symbol id="sm-82a">
         <name>EUSCIB0_IRQHandler</name>
         <value>0x31d1</value>
      </symbol>
      <symbol id="sm-82b">
         <name>EUSCIB1_IRQHandler</name>
         <value>0x31d1</value>
      </symbol>
      <symbol id="sm-82c">
         <name>EUSCIB2_IRQHandler</name>
         <value>0x31d1</value>
      </symbol>
      <symbol id="sm-82d">
         <name>EUSCIB3_IRQHandler</name>
         <value>0x31d1</value>
      </symbol>
      <symbol id="sm-82e">
         <name>ADC14_IRQHandler</name>
         <value>0x31d1</value>
      </symbol>
      <symbol id="sm-82f">
         <name>T32_INT1_IRQHandler</name>
         <value>0x31d1</value>
      </symbol>
      <symbol id="sm-830">
         <name>T32_INT2_IRQHandler</name>
         <value>0x31d1</value>
      </symbol>
      <symbol id="sm-831">
         <name>T32_INTC_IRQHandler</name>
         <value>0x31d1</value>
      </symbol>
      <symbol id="sm-832">
         <name>AES256_IRQHandler</name>
         <value>0x31d1</value>
      </symbol>
      <symbol id="sm-833">
         <name>RTC_C_IRQHandler</name>
         <value>0x31d1</value>
      </symbol>
      <symbol id="sm-834">
         <name>DMA_ERR_IRQHandler</name>
         <value>0x31d1</value>
      </symbol>
      <symbol id="sm-835">
         <name>DMA_INT3_IRQHandler</name>
         <value>0x31d1</value>
      </symbol>
      <symbol id="sm-836">
         <name>DMA_INT2_IRQHandler</name>
         <value>0x31d1</value>
      </symbol>
      <symbol id="sm-837">
         <name>DMA_INT1_IRQHandler</name>
         <value>0x31d1</value>
      </symbol>
      <symbol id="sm-838">
         <name>DMA_INT0_IRQHandler</name>
         <value>0x31d1</value>
      </symbol>
      <symbol id="sm-839">
         <name>PORT1_IRQHandler</name>
         <value>0x31d1</value>
      </symbol>
      <symbol id="sm-83a">
         <name>PORT2_IRQHandler</name>
         <value>0x31d1</value>
      </symbol>
      <symbol id="sm-83b">
         <name>PORT3_IRQHandler</name>
         <value>0x31d1</value>
      </symbol>
      <symbol id="sm-83c">
         <name>PORT4_IRQHandler</name>
         <value>0x31d1</value>
      </symbol>
      <symbol id="sm-83d">
         <name>PORT5_IRQHandler</name>
         <value>0x31d1</value>
      </symbol>
      <symbol id="sm-83e">
         <name>PORT6_IRQHandler</name>
         <value>0x31d1</value>
      </symbol>
      <symbol id="sm-83f">
         <name>remove</name>
         <value>0x301d</value>
      </symbol>
   </symbol_table>
   <title>Link successful</title>
</link_info>
